Archive member included to satisfy reference by file (symbol)

/home/douglas/rv32i/lib/gcc/riscv32-unknown-elf/10.1.0/rv32i/ilp32/libgcc.a(adddf3.o)
                              /tmp/cc4d4YKB.o (__adddf3)
/home/douglas/rv32i/lib/gcc/riscv32-unknown-elf/10.1.0/rv32i/ilp32/libgcc.a(muldf3.o)
                              /tmp/cc4d4YKB.o (__muldf3)
/home/douglas/rv32i/lib/gcc/riscv32-unknown-elf/10.1.0/rv32i/ilp32/libgcc.a(fixunsdfsi.o)
                              /tmp/cc4d4YKB.o (__fixunsdfsi)
/home/douglas/rv32i/lib/gcc/riscv32-unknown-elf/10.1.0/rv32i/ilp32/libgcc.a(floatunsidf.o)
                              /tmp/cc4d4YKB.o (__floatunsidf)
/home/douglas/rv32i/lib/gcc/riscv32-unknown-elf/10.1.0/rv32i/ilp32/libgcc.a(muldi3.o)
                              /home/douglas/rv32i/lib/gcc/riscv32-unknown-elf/10.1.0/rv32i/ilp32/libgcc.a(muldf3.o) (__mulsi3)
/home/douglas/rv32i/lib/gcc/riscv32-unknown-elf/10.1.0/rv32i/ilp32/libgcc.a(div.o)
                              /tmp/cc4d4YKB.o (__divsi3)
/home/douglas/rv32i/lib/gcc/riscv32-unknown-elf/10.1.0/rv32i/ilp32/libgcc.a(_clzsi2.o)
                              /home/douglas/rv32i/lib/gcc/riscv32-unknown-elf/10.1.0/rv32i/ilp32/libgcc.a(adddf3.o) (__clzsi2)
/home/douglas/rv32i/lib/gcc/riscv32-unknown-elf/10.1.0/rv32i/ilp32/libgcc.a(_clz.o)
                              /home/douglas/rv32i/lib/gcc/riscv32-unknown-elf/10.1.0/rv32i/ilp32/libgcc.a(_clzsi2.o) (__clz_tab)
/home/douglas/rv32i/lib/gcc/riscv32-unknown-elf/10.1.0/../../../../riscv32-unknown-elf/lib/rv32i/ilp32/libc_nano.a(lib_a-init.o)
                              /tmp/cckAIdWA.o (__libc_init_array)
/home/douglas/rv32i/lib/gcc/riscv32-unknown-elf/10.1.0/../../../../riscv32-unknown-elf/lib/rv32i/ilp32/libc_nano.a(lib_a-printf.o)
                              /tmp/cckAIdWA.o (printf)
/home/douglas/rv32i/lib/gcc/riscv32-unknown-elf/10.1.0/../../../../riscv32-unknown-elf/lib/rv32i/ilp32/libc_nano.a(lib_a-puts.o)
                              /tmp/cc3tIgmB.o (puts)
/home/douglas/rv32i/lib/gcc/riscv32-unknown-elf/10.1.0/../../../../riscv32-unknown-elf/lib/rv32i/ilp32/libc_nano.a(lib_a-reent.o)
                              /tmp/cc4d4YKB.o (errno)
/home/douglas/rv32i/lib/gcc/riscv32-unknown-elf/10.1.0/../../../../riscv32-unknown-elf/lib/rv32i/ilp32/libc_nano.a(lib_a-wbuf.o)
                              /home/douglas/rv32i/lib/gcc/riscv32-unknown-elf/10.1.0/../../../../riscv32-unknown-elf/lib/rv32i/ilp32/libc_nano.a(lib_a-puts.o) (__swbuf_r)
/home/douglas/rv32i/lib/gcc/riscv32-unknown-elf/10.1.0/../../../../riscv32-unknown-elf/lib/rv32i/ilp32/libc_nano.a(lib_a-wsetup.o)
                              /home/douglas/rv32i/lib/gcc/riscv32-unknown-elf/10.1.0/../../../../riscv32-unknown-elf/lib/rv32i/ilp32/libc_nano.a(lib_a-puts.o) (__swsetup_r)
/home/douglas/rv32i/lib/gcc/riscv32-unknown-elf/10.1.0/../../../../riscv32-unknown-elf/lib/rv32i/ilp32/libc_nano.a(lib_a-fflush.o)
                              /home/douglas/rv32i/lib/gcc/riscv32-unknown-elf/10.1.0/../../../../riscv32-unknown-elf/lib/rv32i/ilp32/libc_nano.a(lib_a-wbuf.o) (_fflush_r)
/home/douglas/rv32i/lib/gcc/riscv32-unknown-elf/10.1.0/../../../../riscv32-unknown-elf/lib/rv32i/ilp32/libc_nano.a(lib_a-findfp.o)
                              /home/douglas/rv32i/lib/gcc/riscv32-unknown-elf/10.1.0/../../../../riscv32-unknown-elf/lib/rv32i/ilp32/libc_nano.a(lib_a-printf.o) (__sinit)
/home/douglas/rv32i/lib/gcc/riscv32-unknown-elf/10.1.0/../../../../riscv32-unknown-elf/lib/rv32i/ilp32/libc_nano.a(lib_a-fwalk.o)
                              /home/douglas/rv32i/lib/gcc/riscv32-unknown-elf/10.1.0/../../../../riscv32-unknown-elf/lib/rv32i/ilp32/libc_nano.a(lib_a-findfp.o) (_fwalk)
/home/douglas/rv32i/lib/gcc/riscv32-unknown-elf/10.1.0/../../../../riscv32-unknown-elf/lib/rv32i/ilp32/libc_nano.a(lib_a-impure.o)
                              /home/douglas/rv32i/lib/gcc/riscv32-unknown-elf/10.1.0/../../../../riscv32-unknown-elf/lib/rv32i/ilp32/libc_nano.a(lib_a-fflush.o) (_global_impure_ptr)
/home/douglas/rv32i/lib/gcc/riscv32-unknown-elf/10.1.0/../../../../riscv32-unknown-elf/lib/rv32i/ilp32/libc_nano.a(lib_a-makebuf.o)
                              /home/douglas/rv32i/lib/gcc/riscv32-unknown-elf/10.1.0/../../../../riscv32-unknown-elf/lib/rv32i/ilp32/libc_nano.a(lib_a-wsetup.o) (__smakebuf_r)
/home/douglas/rv32i/lib/gcc/riscv32-unknown-elf/10.1.0/../../../../riscv32-unknown-elf/lib/rv32i/ilp32/libc_nano.a(lib_a-memset.o)
                              /home/douglas/rv32i/lib/gcc/riscv32-unknown-elf/10.1.0/../../../../riscv32-unknown-elf/lib/rv32i/ilp32/libc_nano.a(lib_a-findfp.o) (memset)
/home/douglas/rv32i/lib/gcc/riscv32-unknown-elf/10.1.0/../../../../riscv32-unknown-elf/lib/rv32i/ilp32/libc_nano.a(lib_a-nano-freer.o)
                              /home/douglas/rv32i/lib/gcc/riscv32-unknown-elf/10.1.0/../../../../riscv32-unknown-elf/lib/rv32i/ilp32/libc_nano.a(lib_a-reent.o) (_free_r)
/home/douglas/rv32i/lib/gcc/riscv32-unknown-elf/10.1.0/../../../../riscv32-unknown-elf/lib/rv32i/ilp32/libc_nano.a(lib_a-nano-mallocr.o)
                              /home/douglas/rv32i/lib/gcc/riscv32-unknown-elf/10.1.0/../../../../riscv32-unknown-elf/lib/rv32i/ilp32/libc_nano.a(lib_a-findfp.o) (_malloc_r)
/home/douglas/rv32i/lib/gcc/riscv32-unknown-elf/10.1.0/../../../../riscv32-unknown-elf/lib/rv32i/ilp32/libc_nano.a(lib_a-nano-vfprintf.o)
                              /home/douglas/rv32i/lib/gcc/riscv32-unknown-elf/10.1.0/../../../../riscv32-unknown-elf/lib/rv32i/ilp32/libc_nano.a(lib_a-printf.o) (_vfprintf_r)
/home/douglas/rv32i/lib/gcc/riscv32-unknown-elf/10.1.0/../../../../riscv32-unknown-elf/lib/rv32i/ilp32/libc_nano.a(lib_a-sbrkr.o)
                              /home/douglas/rv32i/lib/gcc/riscv32-unknown-elf/10.1.0/../../../../riscv32-unknown-elf/lib/rv32i/ilp32/libc_nano.a(lib_a-nano-mallocr.o) (_sbrk_r)
/home/douglas/rv32i/lib/gcc/riscv32-unknown-elf/10.1.0/../../../../riscv32-unknown-elf/lib/rv32i/ilp32/libc_nano.a(lib_a-stdio.o)
                              /home/douglas/rv32i/lib/gcc/riscv32-unknown-elf/10.1.0/../../../../riscv32-unknown-elf/lib/rv32i/ilp32/libc_nano.a(lib_a-findfp.o) (__sread)
/home/douglas/rv32i/lib/gcc/riscv32-unknown-elf/10.1.0/../../../../riscv32-unknown-elf/lib/rv32i/ilp32/libc_nano.a(lib_a-writer.o)
                              /home/douglas/rv32i/lib/gcc/riscv32-unknown-elf/10.1.0/../../../../riscv32-unknown-elf/lib/rv32i/ilp32/libc_nano.a(lib_a-stdio.o) (_write_r)
/home/douglas/rv32i/lib/gcc/riscv32-unknown-elf/10.1.0/../../../../riscv32-unknown-elf/lib/rv32i/ilp32/libc_nano.a(lib_a-closer.o)
                              /home/douglas/rv32i/lib/gcc/riscv32-unknown-elf/10.1.0/../../../../riscv32-unknown-elf/lib/rv32i/ilp32/libc_nano.a(lib_a-stdio.o) (_close_r)
/home/douglas/rv32i/lib/gcc/riscv32-unknown-elf/10.1.0/../../../../riscv32-unknown-elf/lib/rv32i/ilp32/libc_nano.a(lib_a-fstatr.o)
                              /home/douglas/rv32i/lib/gcc/riscv32-unknown-elf/10.1.0/../../../../riscv32-unknown-elf/lib/rv32i/ilp32/libc_nano.a(lib_a-makebuf.o) (_fstat_r)
/home/douglas/rv32i/lib/gcc/riscv32-unknown-elf/10.1.0/../../../../riscv32-unknown-elf/lib/rv32i/ilp32/libc_nano.a(lib_a-fvwrite.o)
                              /home/douglas/rv32i/lib/gcc/riscv32-unknown-elf/10.1.0/../../../../riscv32-unknown-elf/lib/rv32i/ilp32/libc_nano.a(lib_a-nano-vfprintf.o) (__sfvwrite_r)
/home/douglas/rv32i/lib/gcc/riscv32-unknown-elf/10.1.0/../../../../riscv32-unknown-elf/lib/rv32i/ilp32/libc_nano.a(lib_a-isattyr.o)
                              /home/douglas/rv32i/lib/gcc/riscv32-unknown-elf/10.1.0/../../../../riscv32-unknown-elf/lib/rv32i/ilp32/libc_nano.a(lib_a-makebuf.o) (_isatty_r)
/home/douglas/rv32i/lib/gcc/riscv32-unknown-elf/10.1.0/../../../../riscv32-unknown-elf/lib/rv32i/ilp32/libc_nano.a(lib_a-lseekr.o)
                              /home/douglas/rv32i/lib/gcc/riscv32-unknown-elf/10.1.0/../../../../riscv32-unknown-elf/lib/rv32i/ilp32/libc_nano.a(lib_a-stdio.o) (_lseek_r)
/home/douglas/rv32i/lib/gcc/riscv32-unknown-elf/10.1.0/../../../../riscv32-unknown-elf/lib/rv32i/ilp32/libc_nano.a(lib_a-memchr.o)
                              /home/douglas/rv32i/lib/gcc/riscv32-unknown-elf/10.1.0/../../../../riscv32-unknown-elf/lib/rv32i/ilp32/libc_nano.a(lib_a-nano-vfprintf.o) (memchr)
/home/douglas/rv32i/lib/gcc/riscv32-unknown-elf/10.1.0/../../../../riscv32-unknown-elf/lib/rv32i/ilp32/libc_nano.a(lib_a-memcpy-asm.o)
                              /home/douglas/rv32i/lib/gcc/riscv32-unknown-elf/10.1.0/../../../../riscv32-unknown-elf/lib/rv32i/ilp32/libc_nano.a(lib_a-fvwrite.o) (memcpy)
/home/douglas/rv32i/lib/gcc/riscv32-unknown-elf/10.1.0/../../../../riscv32-unknown-elf/lib/rv32i/ilp32/libc_nano.a(lib_a-memmove.o)
                              /home/douglas/rv32i/lib/gcc/riscv32-unknown-elf/10.1.0/../../../../riscv32-unknown-elf/lib/rv32i/ilp32/libc_nano.a(lib_a-fvwrite.o) (memmove)
/home/douglas/rv32i/lib/gcc/riscv32-unknown-elf/10.1.0/../../../../riscv32-unknown-elf/lib/rv32i/ilp32/libc_nano.a(lib_a-mlock.o)
                              /home/douglas/rv32i/lib/gcc/riscv32-unknown-elf/10.1.0/../../../../riscv32-unknown-elf/lib/rv32i/ilp32/libc_nano.a(lib_a-nano-freer.o) (__malloc_lock)
/home/douglas/rv32i/lib/gcc/riscv32-unknown-elf/10.1.0/../../../../riscv32-unknown-elf/lib/rv32i/ilp32/libc_nano.a(lib_a-nano-reallocr.o)
                              /home/douglas/rv32i/lib/gcc/riscv32-unknown-elf/10.1.0/../../../../riscv32-unknown-elf/lib/rv32i/ilp32/libc_nano.a(lib_a-fvwrite.o) (_realloc_r)
/home/douglas/rv32i/lib/gcc/riscv32-unknown-elf/10.1.0/../../../../riscv32-unknown-elf/lib/rv32i/ilp32/libc_nano.a(lib_a-nano-vfprintf_i.o)
                              /home/douglas/rv32i/lib/gcc/riscv32-unknown-elf/10.1.0/../../../../riscv32-unknown-elf/lib/rv32i/ilp32/libc_nano.a(lib_a-nano-vfprintf.o) (_printf_i)
/home/douglas/rv32i/lib/gcc/riscv32-unknown-elf/10.1.0/../../../../riscv32-unknown-elf/lib/rv32i/ilp32/libc_nano.a(lib_a-readr.o)
                              /home/douglas/rv32i/lib/gcc/riscv32-unknown-elf/10.1.0/../../../../riscv32-unknown-elf/lib/rv32i/ilp32/libc_nano.a(lib_a-stdio.o) (_read_r)
/home/douglas/rv32i/lib/gcc/riscv32-unknown-elf/10.1.0/../../../../riscv32-unknown-elf/lib/rv32i/ilp32/libc_nano.a(lib_a-nano-msizer.o)
                              /home/douglas/rv32i/lib/gcc/riscv32-unknown-elf/10.1.0/../../../../riscv32-unknown-elf/lib/rv32i/ilp32/libc_nano.a(lib_a-nano-reallocr.o) (_malloc_usable_size_r)

Discarded input sections

 .riscv.attributes
                0x0000000000000000       0x1e /tmp/cckAIdWA.o
 .comment       0x0000000000000000       0x13 /tmp/cc4d4YKB.o
 .riscv.attributes
                0x0000000000000000       0x20 /tmp/cc4d4YKB.o
 .comment       0x0000000000000000       0x13 /tmp/ccSO2Z5A.o
 .riscv.attributes
                0x0000000000000000       0x1c /tmp/ccSO2Z5A.o
 .comment       0x0000000000000000       0x13 /tmp/ccbLYzeE.o
 .riscv.attributes
                0x0000000000000000       0x20 /tmp/ccbLYzeE.o
 .comment       0x0000000000000000       0x13 /tmp/cc3tIgmB.o
 .riscv.attributes
                0x0000000000000000       0x1c /tmp/cc3tIgmB.o
 .debug_info    0x0000000000000000      0x581 /home/douglas/rv32i/lib/gcc/riscv32-unknown-elf/10.1.0/rv32i/ilp32/libgcc.a(adddf3.o)
 .debug_abbrev  0x0000000000000000      0x173 /home/douglas/rv32i/lib/gcc/riscv32-unknown-elf/10.1.0/rv32i/ilp32/libgcc.a(adddf3.o)
 .debug_loc     0x0000000000000000     0x11ec /home/douglas/rv32i/lib/gcc/riscv32-unknown-elf/10.1.0/rv32i/ilp32/libgcc.a(adddf3.o)
 .debug_aranges
                0x0000000000000000       0x20 /home/douglas/rv32i/lib/gcc/riscv32-unknown-elf/10.1.0/rv32i/ilp32/libgcc.a(adddf3.o)
 .debug_ranges  0x0000000000000000      0x248 /home/douglas/rv32i/lib/gcc/riscv32-unknown-elf/10.1.0/rv32i/ilp32/libgcc.a(adddf3.o)
 .debug_line    0x0000000000000000     0x1013 /home/douglas/rv32i/lib/gcc/riscv32-unknown-elf/10.1.0/rv32i/ilp32/libgcc.a(adddf3.o)
 .debug_str     0x0000000000000000      0x345 /home/douglas/rv32i/lib/gcc/riscv32-unknown-elf/10.1.0/rv32i/ilp32/libgcc.a(adddf3.o)
 .comment       0x0000000000000000       0x13 /home/douglas/rv32i/lib/gcc/riscv32-unknown-elf/10.1.0/rv32i/ilp32/libgcc.a(adddf3.o)
 .debug_frame   0x0000000000000000       0x44 /home/douglas/rv32i/lib/gcc/riscv32-unknown-elf/10.1.0/rv32i/ilp32/libgcc.a(adddf3.o)
 .riscv.attributes
                0x0000000000000000       0x1c /home/douglas/rv32i/lib/gcc/riscv32-unknown-elf/10.1.0/rv32i/ilp32/libgcc.a(adddf3.o)
 .debug_info    0x0000000000000000      0x9e6 /home/douglas/rv32i/lib/gcc/riscv32-unknown-elf/10.1.0/rv32i/ilp32/libgcc.a(muldf3.o)
 .debug_abbrev  0x0000000000000000      0x196 /home/douglas/rv32i/lib/gcc/riscv32-unknown-elf/10.1.0/rv32i/ilp32/libgcc.a(muldf3.o)
 .debug_loc     0x0000000000000000      0xde7 /home/douglas/rv32i/lib/gcc/riscv32-unknown-elf/10.1.0/rv32i/ilp32/libgcc.a(muldf3.o)
 .debug_aranges
                0x0000000000000000       0x20 /home/douglas/rv32i/lib/gcc/riscv32-unknown-elf/10.1.0/rv32i/ilp32/libgcc.a(muldf3.o)
 .debug_ranges  0x0000000000000000      0x228 /home/douglas/rv32i/lib/gcc/riscv32-unknown-elf/10.1.0/rv32i/ilp32/libgcc.a(muldf3.o)
 .debug_line    0x0000000000000000     0x1025 /home/douglas/rv32i/lib/gcc/riscv32-unknown-elf/10.1.0/rv32i/ilp32/libgcc.a(muldf3.o)
 .debug_str     0x0000000000000000      0x46b /home/douglas/rv32i/lib/gcc/riscv32-unknown-elf/10.1.0/rv32i/ilp32/libgcc.a(muldf3.o)
 .comment       0x0000000000000000       0x13 /home/douglas/rv32i/lib/gcc/riscv32-unknown-elf/10.1.0/rv32i/ilp32/libgcc.a(muldf3.o)
 .debug_frame   0x0000000000000000       0x54 /home/douglas/rv32i/lib/gcc/riscv32-unknown-elf/10.1.0/rv32i/ilp32/libgcc.a(muldf3.o)
 .riscv.attributes
                0x0000000000000000       0x1c /home/douglas/rv32i/lib/gcc/riscv32-unknown-elf/10.1.0/rv32i/ilp32/libgcc.a(muldf3.o)
 .debug_info    0x0000000000000000      0x1d5 /home/douglas/rv32i/lib/gcc/riscv32-unknown-elf/10.1.0/rv32i/ilp32/libgcc.a(fixunsdfsi.o)
 .debug_abbrev  0x0000000000000000      0x15e /home/douglas/rv32i/lib/gcc/riscv32-unknown-elf/10.1.0/rv32i/ilp32/libgcc.a(fixunsdfsi.o)
 .debug_loc     0x0000000000000000       0xe7 /home/douglas/rv32i/lib/gcc/riscv32-unknown-elf/10.1.0/rv32i/ilp32/libgcc.a(fixunsdfsi.o)
 .debug_aranges
                0x0000000000000000       0x20 /home/douglas/rv32i/lib/gcc/riscv32-unknown-elf/10.1.0/rv32i/ilp32/libgcc.a(fixunsdfsi.o)
 .debug_ranges  0x0000000000000000       0x20 /home/douglas/rv32i/lib/gcc/riscv32-unknown-elf/10.1.0/rv32i/ilp32/libgcc.a(fixunsdfsi.o)
 .debug_line    0x0000000000000000      0x1a5 /home/douglas/rv32i/lib/gcc/riscv32-unknown-elf/10.1.0/rv32i/ilp32/libgcc.a(fixunsdfsi.o)
 .debug_str     0x0000000000000000      0x252 /home/douglas/rv32i/lib/gcc/riscv32-unknown-elf/10.1.0/rv32i/ilp32/libgcc.a(fixunsdfsi.o)
 .comment       0x0000000000000000       0x13 /home/douglas/rv32i/lib/gcc/riscv32-unknown-elf/10.1.0/rv32i/ilp32/libgcc.a(fixunsdfsi.o)
 .debug_frame   0x0000000000000000       0x20 /home/douglas/rv32i/lib/gcc/riscv32-unknown-elf/10.1.0/rv32i/ilp32/libgcc.a(fixunsdfsi.o)
 .riscv.attributes
                0x0000000000000000       0x1c /home/douglas/rv32i/lib/gcc/riscv32-unknown-elf/10.1.0/rv32i/ilp32/libgcc.a(fixunsdfsi.o)
 .debug_info    0x0000000000000000      0x28e /home/douglas/rv32i/lib/gcc/riscv32-unknown-elf/10.1.0/rv32i/ilp32/libgcc.a(floatunsidf.o)
 .debug_abbrev  0x0000000000000000      0x164 /home/douglas/rv32i/lib/gcc/riscv32-unknown-elf/10.1.0/rv32i/ilp32/libgcc.a(floatunsidf.o)
 .debug_loc     0x0000000000000000      0x14f /home/douglas/rv32i/lib/gcc/riscv32-unknown-elf/10.1.0/rv32i/ilp32/libgcc.a(floatunsidf.o)
 .debug_aranges
                0x0000000000000000       0x20 /home/douglas/rv32i/lib/gcc/riscv32-unknown-elf/10.1.0/rv32i/ilp32/libgcc.a(floatunsidf.o)
 .debug_ranges  0x0000000000000000       0x70 /home/douglas/rv32i/lib/gcc/riscv32-unknown-elf/10.1.0/rv32i/ilp32/libgcc.a(floatunsidf.o)
 .debug_line    0x0000000000000000      0x26e /home/douglas/rv32i/lib/gcc/riscv32-unknown-elf/10.1.0/rv32i/ilp32/libgcc.a(floatunsidf.o)
 .debug_str     0x0000000000000000      0x2ef /home/douglas/rv32i/lib/gcc/riscv32-unknown-elf/10.1.0/rv32i/ilp32/libgcc.a(floatunsidf.o)
 .comment       0x0000000000000000       0x13 /home/douglas/rv32i/lib/gcc/riscv32-unknown-elf/10.1.0/rv32i/ilp32/libgcc.a(floatunsidf.o)
 .debug_frame   0x0000000000000000       0x34 /home/douglas/rv32i/lib/gcc/riscv32-unknown-elf/10.1.0/rv32i/ilp32/libgcc.a(floatunsidf.o)
 .riscv.attributes
                0x0000000000000000       0x1c /home/douglas/rv32i/lib/gcc/riscv32-unknown-elf/10.1.0/rv32i/ilp32/libgcc.a(floatunsidf.o)
 .debug_line    0x0000000000000000       0x98 /home/douglas/rv32i/lib/gcc/riscv32-unknown-elf/10.1.0/rv32i/ilp32/libgcc.a(muldi3.o)
 .debug_info    0x0000000000000000       0x26 /home/douglas/rv32i/lib/gcc/riscv32-unknown-elf/10.1.0/rv32i/ilp32/libgcc.a(muldi3.o)
 .debug_abbrev  0x0000000000000000       0x14 /home/douglas/rv32i/lib/gcc/riscv32-unknown-elf/10.1.0/rv32i/ilp32/libgcc.a(muldi3.o)
 .debug_aranges
                0x0000000000000000       0x20 /home/douglas/rv32i/lib/gcc/riscv32-unknown-elf/10.1.0/rv32i/ilp32/libgcc.a(muldi3.o)
 .debug_str     0x0000000000000000       0xb7 /home/douglas/rv32i/lib/gcc/riscv32-unknown-elf/10.1.0/rv32i/ilp32/libgcc.a(muldi3.o)
 .riscv.attributes
                0x0000000000000000       0x1a /home/douglas/rv32i/lib/gcc/riscv32-unknown-elf/10.1.0/rv32i/ilp32/libgcc.a(muldi3.o)
 .debug_line    0x0000000000000000      0x16e /home/douglas/rv32i/lib/gcc/riscv32-unknown-elf/10.1.0/rv32i/ilp32/libgcc.a(div.o)
 .debug_info    0x0000000000000000       0x26 /home/douglas/rv32i/lib/gcc/riscv32-unknown-elf/10.1.0/rv32i/ilp32/libgcc.a(div.o)
 .debug_abbrev  0x0000000000000000       0x14 /home/douglas/rv32i/lib/gcc/riscv32-unknown-elf/10.1.0/rv32i/ilp32/libgcc.a(div.o)
 .debug_aranges
                0x0000000000000000       0x20 /home/douglas/rv32i/lib/gcc/riscv32-unknown-elf/10.1.0/rv32i/ilp32/libgcc.a(div.o)
 .debug_str     0x0000000000000000       0xb4 /home/douglas/rv32i/lib/gcc/riscv32-unknown-elf/10.1.0/rv32i/ilp32/libgcc.a(div.o)
 .riscv.attributes
                0x0000000000000000       0x1a /home/douglas/rv32i/lib/gcc/riscv32-unknown-elf/10.1.0/rv32i/ilp32/libgcc.a(div.o)
 .debug_info    0x0000000000000000      0x144 /home/douglas/rv32i/lib/gcc/riscv32-unknown-elf/10.1.0/rv32i/ilp32/libgcc.a(_clzsi2.o)
 .debug_abbrev  0x0000000000000000       0xca /home/douglas/rv32i/lib/gcc/riscv32-unknown-elf/10.1.0/rv32i/ilp32/libgcc.a(_clzsi2.o)
 .debug_loc     0x0000000000000000       0x6b /home/douglas/rv32i/lib/gcc/riscv32-unknown-elf/10.1.0/rv32i/ilp32/libgcc.a(_clzsi2.o)
 .debug_aranges
                0x0000000000000000       0x20 /home/douglas/rv32i/lib/gcc/riscv32-unknown-elf/10.1.0/rv32i/ilp32/libgcc.a(_clzsi2.o)
 .debug_ranges  0x0000000000000000       0x20 /home/douglas/rv32i/lib/gcc/riscv32-unknown-elf/10.1.0/rv32i/ilp32/libgcc.a(_clzsi2.o)
 .debug_line    0x0000000000000000       0xe5 /home/douglas/rv32i/lib/gcc/riscv32-unknown-elf/10.1.0/rv32i/ilp32/libgcc.a(_clzsi2.o)
 .debug_str     0x0000000000000000      0x24e /home/douglas/rv32i/lib/gcc/riscv32-unknown-elf/10.1.0/rv32i/ilp32/libgcc.a(_clzsi2.o)
 .comment       0x0000000000000000       0x13 /home/douglas/rv32i/lib/gcc/riscv32-unknown-elf/10.1.0/rv32i/ilp32/libgcc.a(_clzsi2.o)
 .debug_frame   0x0000000000000000       0x20 /home/douglas/rv32i/lib/gcc/riscv32-unknown-elf/10.1.0/rv32i/ilp32/libgcc.a(_clzsi2.o)
 .riscv.attributes
                0x0000000000000000       0x1c /home/douglas/rv32i/lib/gcc/riscv32-unknown-elf/10.1.0/rv32i/ilp32/libgcc.a(_clzsi2.o)
 .debug_info    0x0000000000000000       0xd7 /home/douglas/rv32i/lib/gcc/riscv32-unknown-elf/10.1.0/rv32i/ilp32/libgcc.a(_clz.o)
 .debug_abbrev  0x0000000000000000       0x70 /home/douglas/rv32i/lib/gcc/riscv32-unknown-elf/10.1.0/rv32i/ilp32/libgcc.a(_clz.o)
 .debug_aranges
                0x0000000000000000       0x18 /home/douglas/rv32i/lib/gcc/riscv32-unknown-elf/10.1.0/rv32i/ilp32/libgcc.a(_clz.o)
 .debug_line    0x0000000000000000       0x59 /home/douglas/rv32i/lib/gcc/riscv32-unknown-elf/10.1.0/rv32i/ilp32/libgcc.a(_clz.o)
 .debug_str     0x0000000000000000      0x231 /home/douglas/rv32i/lib/gcc/riscv32-unknown-elf/10.1.0/rv32i/ilp32/libgcc.a(_clz.o)
 .comment       0x0000000000000000       0x13 /home/douglas/rv32i/lib/gcc/riscv32-unknown-elf/10.1.0/rv32i/ilp32/libgcc.a(_clz.o)
 .riscv.attributes
                0x0000000000000000       0x1c /home/douglas/rv32i/lib/gcc/riscv32-unknown-elf/10.1.0/rv32i/ilp32/libgcc.a(_clz.o)
 .comment       0x0000000000000000       0x13 /home/douglas/rv32i/lib/gcc/riscv32-unknown-elf/10.1.0/../../../../riscv32-unknown-elf/lib/rv32i/ilp32/libc_nano.a(lib_a-init.o)
 .riscv.attributes
                0x0000000000000000       0x1c /home/douglas/rv32i/lib/gcc/riscv32-unknown-elf/10.1.0/../../../../riscv32-unknown-elf/lib/rv32i/ilp32/libc_nano.a(lib_a-init.o)
 .comment       0x0000000000000000       0x13 /home/douglas/rv32i/lib/gcc/riscv32-unknown-elf/10.1.0/../../../../riscv32-unknown-elf/lib/rv32i/ilp32/libc_nano.a(lib_a-printf.o)
 .riscv.attributes
                0x0000000000000000       0x1c /home/douglas/rv32i/lib/gcc/riscv32-unknown-elf/10.1.0/../../../../riscv32-unknown-elf/lib/rv32i/ilp32/libc_nano.a(lib_a-printf.o)
 .comment       0x0000000000000000       0x13 /home/douglas/rv32i/lib/gcc/riscv32-unknown-elf/10.1.0/../../../../riscv32-unknown-elf/lib/rv32i/ilp32/libc_nano.a(lib_a-puts.o)
 .riscv.attributes
                0x0000000000000000       0x1c /home/douglas/rv32i/lib/gcc/riscv32-unknown-elf/10.1.0/../../../../riscv32-unknown-elf/lib/rv32i/ilp32/libc_nano.a(lib_a-puts.o)
 .comment       0x0000000000000000       0x13 /home/douglas/rv32i/lib/gcc/riscv32-unknown-elf/10.1.0/../../../../riscv32-unknown-elf/lib/rv32i/ilp32/libc_nano.a(lib_a-reent.o)
 .riscv.attributes
                0x0000000000000000       0x1c /home/douglas/rv32i/lib/gcc/riscv32-unknown-elf/10.1.0/../../../../riscv32-unknown-elf/lib/rv32i/ilp32/libc_nano.a(lib_a-reent.o)
 .comment       0x0000000000000000       0x13 /home/douglas/rv32i/lib/gcc/riscv32-unknown-elf/10.1.0/../../../../riscv32-unknown-elf/lib/rv32i/ilp32/libc_nano.a(lib_a-wbuf.o)
 .riscv.attributes
                0x0000000000000000       0x1c /home/douglas/rv32i/lib/gcc/riscv32-unknown-elf/10.1.0/../../../../riscv32-unknown-elf/lib/rv32i/ilp32/libc_nano.a(lib_a-wbuf.o)
 .comment       0x0000000000000000       0x13 /home/douglas/rv32i/lib/gcc/riscv32-unknown-elf/10.1.0/../../../../riscv32-unknown-elf/lib/rv32i/ilp32/libc_nano.a(lib_a-wsetup.o)
 .riscv.attributes
                0x0000000000000000       0x1c /home/douglas/rv32i/lib/gcc/riscv32-unknown-elf/10.1.0/../../../../riscv32-unknown-elf/lib/rv32i/ilp32/libc_nano.a(lib_a-wsetup.o)
 .comment       0x0000000000000000       0x13 /home/douglas/rv32i/lib/gcc/riscv32-unknown-elf/10.1.0/../../../../riscv32-unknown-elf/lib/rv32i/ilp32/libc_nano.a(lib_a-fflush.o)
 .riscv.attributes
                0x0000000000000000       0x1c /home/douglas/rv32i/lib/gcc/riscv32-unknown-elf/10.1.0/../../../../riscv32-unknown-elf/lib/rv32i/ilp32/libc_nano.a(lib_a-fflush.o)
 .comment       0x0000000000000000       0x13 /home/douglas/rv32i/lib/gcc/riscv32-unknown-elf/10.1.0/../../../../riscv32-unknown-elf/lib/rv32i/ilp32/libc_nano.a(lib_a-findfp.o)
 .riscv.attributes
                0x0000000000000000       0x1c /home/douglas/rv32i/lib/gcc/riscv32-unknown-elf/10.1.0/../../../../riscv32-unknown-elf/lib/rv32i/ilp32/libc_nano.a(lib_a-findfp.o)
 .comment       0x0000000000000000       0x13 /home/douglas/rv32i/lib/gcc/riscv32-unknown-elf/10.1.0/../../../../riscv32-unknown-elf/lib/rv32i/ilp32/libc_nano.a(lib_a-fwalk.o)
 .riscv.attributes
                0x0000000000000000       0x1c /home/douglas/rv32i/lib/gcc/riscv32-unknown-elf/10.1.0/../../../../riscv32-unknown-elf/lib/rv32i/ilp32/libc_nano.a(lib_a-fwalk.o)
 .comment       0x0000000000000000       0x13 /home/douglas/rv32i/lib/gcc/riscv32-unknown-elf/10.1.0/../../../../riscv32-unknown-elf/lib/rv32i/ilp32/libc_nano.a(lib_a-impure.o)
 .riscv.attributes
                0x0000000000000000       0x1c /home/douglas/rv32i/lib/gcc/riscv32-unknown-elf/10.1.0/../../../../riscv32-unknown-elf/lib/rv32i/ilp32/libc_nano.a(lib_a-impure.o)
 .comment       0x0000000000000000       0x13 /home/douglas/rv32i/lib/gcc/riscv32-unknown-elf/10.1.0/../../../../riscv32-unknown-elf/lib/rv32i/ilp32/libc_nano.a(lib_a-makebuf.o)
 .riscv.attributes
                0x0000000000000000       0x1c /home/douglas/rv32i/lib/gcc/riscv32-unknown-elf/10.1.0/../../../../riscv32-unknown-elf/lib/rv32i/ilp32/libc_nano.a(lib_a-makebuf.o)
 .riscv.attributes
                0x0000000000000000       0x1a /home/douglas/rv32i/lib/gcc/riscv32-unknown-elf/10.1.0/../../../../riscv32-unknown-elf/lib/rv32i/ilp32/libc_nano.a(lib_a-memset.o)
 .comment       0x0000000000000000       0x13 /home/douglas/rv32i/lib/gcc/riscv32-unknown-elf/10.1.0/../../../../riscv32-unknown-elf/lib/rv32i/ilp32/libc_nano.a(lib_a-nano-freer.o)
 .riscv.attributes
                0x0000000000000000       0x1c /home/douglas/rv32i/lib/gcc/riscv32-unknown-elf/10.1.0/../../../../riscv32-unknown-elf/lib/rv32i/ilp32/libc_nano.a(lib_a-nano-freer.o)
 .comment       0x0000000000000000       0x13 /home/douglas/rv32i/lib/gcc/riscv32-unknown-elf/10.1.0/../../../../riscv32-unknown-elf/lib/rv32i/ilp32/libc_nano.a(lib_a-nano-mallocr.o)
 .riscv.attributes
                0x0000000000000000       0x1c /home/douglas/rv32i/lib/gcc/riscv32-unknown-elf/10.1.0/../../../../riscv32-unknown-elf/lib/rv32i/ilp32/libc_nano.a(lib_a-nano-mallocr.o)
 .comment       0x0000000000000000       0x13 /home/douglas/rv32i/lib/gcc/riscv32-unknown-elf/10.1.0/../../../../riscv32-unknown-elf/lib/rv32i/ilp32/libc_nano.a(lib_a-nano-vfprintf.o)
 .riscv.attributes
                0x0000000000000000       0x1c /home/douglas/rv32i/lib/gcc/riscv32-unknown-elf/10.1.0/../../../../riscv32-unknown-elf/lib/rv32i/ilp32/libc_nano.a(lib_a-nano-vfprintf.o)
 .comment       0x0000000000000000       0x13 /home/douglas/rv32i/lib/gcc/riscv32-unknown-elf/10.1.0/../../../../riscv32-unknown-elf/lib/rv32i/ilp32/libc_nano.a(lib_a-sbrkr.o)
 .riscv.attributes
                0x0000000000000000       0x1c /home/douglas/rv32i/lib/gcc/riscv32-unknown-elf/10.1.0/../../../../riscv32-unknown-elf/lib/rv32i/ilp32/libc_nano.a(lib_a-sbrkr.o)
 .comment       0x0000000000000000       0x13 /home/douglas/rv32i/lib/gcc/riscv32-unknown-elf/10.1.0/../../../../riscv32-unknown-elf/lib/rv32i/ilp32/libc_nano.a(lib_a-stdio.o)
 .riscv.attributes
                0x0000000000000000       0x1c /home/douglas/rv32i/lib/gcc/riscv32-unknown-elf/10.1.0/../../../../riscv32-unknown-elf/lib/rv32i/ilp32/libc_nano.a(lib_a-stdio.o)
 .comment       0x0000000000000000       0x13 /home/douglas/rv32i/lib/gcc/riscv32-unknown-elf/10.1.0/../../../../riscv32-unknown-elf/lib/rv32i/ilp32/libc_nano.a(lib_a-writer.o)
 .riscv.attributes
                0x0000000000000000       0x1c /home/douglas/rv32i/lib/gcc/riscv32-unknown-elf/10.1.0/../../../../riscv32-unknown-elf/lib/rv32i/ilp32/libc_nano.a(lib_a-writer.o)
 .comment       0x0000000000000000       0x13 /home/douglas/rv32i/lib/gcc/riscv32-unknown-elf/10.1.0/../../../../riscv32-unknown-elf/lib/rv32i/ilp32/libc_nano.a(lib_a-closer.o)
 .riscv.attributes
                0x0000000000000000       0x1c /home/douglas/rv32i/lib/gcc/riscv32-unknown-elf/10.1.0/../../../../riscv32-unknown-elf/lib/rv32i/ilp32/libc_nano.a(lib_a-closer.o)
 .comment       0x0000000000000000       0x13 /home/douglas/rv32i/lib/gcc/riscv32-unknown-elf/10.1.0/../../../../riscv32-unknown-elf/lib/rv32i/ilp32/libc_nano.a(lib_a-fstatr.o)
 .riscv.attributes
                0x0000000000000000       0x1c /home/douglas/rv32i/lib/gcc/riscv32-unknown-elf/10.1.0/../../../../riscv32-unknown-elf/lib/rv32i/ilp32/libc_nano.a(lib_a-fstatr.o)
 .comment       0x0000000000000000       0x13 /home/douglas/rv32i/lib/gcc/riscv32-unknown-elf/10.1.0/../../../../riscv32-unknown-elf/lib/rv32i/ilp32/libc_nano.a(lib_a-fvwrite.o)
 .riscv.attributes
                0x0000000000000000       0x1c /home/douglas/rv32i/lib/gcc/riscv32-unknown-elf/10.1.0/../../../../riscv32-unknown-elf/lib/rv32i/ilp32/libc_nano.a(lib_a-fvwrite.o)
 .comment       0x0000000000000000       0x13 /home/douglas/rv32i/lib/gcc/riscv32-unknown-elf/10.1.0/../../../../riscv32-unknown-elf/lib/rv32i/ilp32/libc_nano.a(lib_a-isattyr.o)
 .riscv.attributes
                0x0000000000000000       0x1c /home/douglas/rv32i/lib/gcc/riscv32-unknown-elf/10.1.0/../../../../riscv32-unknown-elf/lib/rv32i/ilp32/libc_nano.a(lib_a-isattyr.o)
 .comment       0x0000000000000000       0x13 /home/douglas/rv32i/lib/gcc/riscv32-unknown-elf/10.1.0/../../../../riscv32-unknown-elf/lib/rv32i/ilp32/libc_nano.a(lib_a-lseekr.o)
 .riscv.attributes
                0x0000000000000000       0x1c /home/douglas/rv32i/lib/gcc/riscv32-unknown-elf/10.1.0/../../../../riscv32-unknown-elf/lib/rv32i/ilp32/libc_nano.a(lib_a-lseekr.o)
 .comment       0x0000000000000000       0x13 /home/douglas/rv32i/lib/gcc/riscv32-unknown-elf/10.1.0/../../../../riscv32-unknown-elf/lib/rv32i/ilp32/libc_nano.a(lib_a-memchr.o)
 .riscv.attributes
                0x0000000000000000       0x1c /home/douglas/rv32i/lib/gcc/riscv32-unknown-elf/10.1.0/../../../../riscv32-unknown-elf/lib/rv32i/ilp32/libc_nano.a(lib_a-memchr.o)
 .riscv.attributes
                0x0000000000000000       0x1a /home/douglas/rv32i/lib/gcc/riscv32-unknown-elf/10.1.0/../../../../riscv32-unknown-elf/lib/rv32i/ilp32/libc_nano.a(lib_a-memcpy-asm.o)
 .riscv.attributes
                0x0000000000000000       0x1a /home/douglas/rv32i/lib/gcc/riscv32-unknown-elf/10.1.0/../../../../riscv32-unknown-elf/lib/rv32i/ilp32/libc_nano.a(lib_a-memmove.o)
 .comment       0x0000000000000000       0x13 /home/douglas/rv32i/lib/gcc/riscv32-unknown-elf/10.1.0/../../../../riscv32-unknown-elf/lib/rv32i/ilp32/libc_nano.a(lib_a-mlock.o)
 .riscv.attributes
                0x0000000000000000       0x1c /home/douglas/rv32i/lib/gcc/riscv32-unknown-elf/10.1.0/../../../../riscv32-unknown-elf/lib/rv32i/ilp32/libc_nano.a(lib_a-mlock.o)
 .comment       0x0000000000000000       0x13 /home/douglas/rv32i/lib/gcc/riscv32-unknown-elf/10.1.0/../../../../riscv32-unknown-elf/lib/rv32i/ilp32/libc_nano.a(lib_a-nano-reallocr.o)
 .riscv.attributes
                0x0000000000000000       0x1c /home/douglas/rv32i/lib/gcc/riscv32-unknown-elf/10.1.0/../../../../riscv32-unknown-elf/lib/rv32i/ilp32/libc_nano.a(lib_a-nano-reallocr.o)
 .comment       0x0000000000000000       0x13 /home/douglas/rv32i/lib/gcc/riscv32-unknown-elf/10.1.0/../../../../riscv32-unknown-elf/lib/rv32i/ilp32/libc_nano.a(lib_a-nano-vfprintf_i.o)
 .riscv.attributes
                0x0000000000000000       0x1c /home/douglas/rv32i/lib/gcc/riscv32-unknown-elf/10.1.0/../../../../riscv32-unknown-elf/lib/rv32i/ilp32/libc_nano.a(lib_a-nano-vfprintf_i.o)
 .comment       0x0000000000000000       0x13 /home/douglas/rv32i/lib/gcc/riscv32-unknown-elf/10.1.0/../../../../riscv32-unknown-elf/lib/rv32i/ilp32/libc_nano.a(lib_a-readr.o)
 .riscv.attributes
                0x0000000000000000       0x1c /home/douglas/rv32i/lib/gcc/riscv32-unknown-elf/10.1.0/../../../../riscv32-unknown-elf/lib/rv32i/ilp32/libc_nano.a(lib_a-readr.o)
 .comment       0x0000000000000000       0x13 /home/douglas/rv32i/lib/gcc/riscv32-unknown-elf/10.1.0/../../../../riscv32-unknown-elf/lib/rv32i/ilp32/libc_nano.a(lib_a-nano-msizer.o)
 .riscv.attributes
                0x0000000000000000       0x1c /home/douglas/rv32i/lib/gcc/riscv32-unknown-elf/10.1.0/../../../../riscv32-unknown-elf/lib/rv32i/ilp32/libc_nano.a(lib_a-nano-msizer.o)

Memory Configuration

Name             Origin             Length             Attributes
rom              0x0000000060000000 0x000000000003f801 xr
ram              0x0000000070000000 0x0000000000600000 rw
*default*        0x0000000000000000 0xffffffffffffffff

Linker script and memory map

START GROUP
LOAD /home/douglas/rv32i/lib/gcc/riscv32-unknown-elf/10.1.0/../../../../riscv32-unknown-elf/lib/rv32i/ilp32/libc.a
LOAD /home/douglas/rv32i/lib/gcc/riscv32-unknown-elf/10.1.0/../../../../riscv32-unknown-elf/lib/rv32i/ilp32/libgloss.a
LOAD /home/douglas/rv32i/lib/gcc/riscv32-unknown-elf/10.1.0/rv32i/ilp32/libgcc.a
LOAD /home/douglas/rv32i/lib/gcc/riscv32-unknown-elf/10.1.0/../../../../riscv32-unknown-elf/lib/rv32i/ilp32/libsupc++.a
END GROUP
                0x0000000060000000                ROM_BASE_ADDR = 0x60000000
                0x000000006003f800                ROM_HIGH_ADDR = 0x6003f800
                0x0000000070000000                RAM_BASE_ADDR = 0x70000000
                0x00000000705fffff                RAM_HIGH_ADDR = DEFINED (RAM_HIGH_ADDR)?RAM_HIGH_ADDR:0x705fffff
                0x000000000003f801                ROM_SIZE = ((ROM_HIGH_ADDR - ROM_BASE_ADDR) + 0x1)
                0x0000000000600000                RAM_SIZE = ((RAM_HIGH_ADDR - RAM_BASE_ADDR) + 0x1)
                0x0000000000060000                STACK_SIZE = (RAM_SIZE / 0x10)

.init           0x0000000060000000      0x5a0
                0x0000000060000000                __init_start = .
                0x0000000060000000                . = ALIGN (0x8)
 *(.init*)
 .init          0x0000000060000000      0x5a0 /tmp/cckAIdWA.o
                0x0000000060000000                _start

.text           0x00000000600005a0     0x4334
 *(.text*)
 .text          0x00000000600005a0        0x0 /tmp/cckAIdWA.o
 .text          0x00000000600005a0      0x7ec /tmp/cc4d4YKB.o
                0x00000000600005a0                _putchar
                0x0000000060000604                _getchar
                0x000000006000063c                _write
                0x00000000600006a8                _read
                0x0000000060000748                exit
                0x0000000060000864                clock
                0x000000006000088c                clock_high
                0x00000000600008b4                usleep
                0x00000000600009c0                _execve
                0x00000000600009f8                _fork
                0x0000000060000a24                _fstat
                0x0000000060000a58                _getpid
                0x0000000060000a78                _isatty
                0x0000000060000a9c                _kill
                0x0000000060000ad0                _link
                0x0000000060000b04                _lseek
                0x0000000060000b30                _open
                0x0000000060000b5c                _close
                0x0000000060000b80                _sbrk
                0x0000000060000c2c                _stat
                0x0000000060000c60                _times
                0x0000000060000c84                _unlink
                0x0000000060000cb4                _wait
                0x0000000060000ce4                _write_hex
 .text          0x0000000060000d8c      0x2a0 /tmp/ccSO2Z5A.o
                0x0000000060000d8c                uart_init
                0x0000000060000de4                get_uart_baud_div
                0x0000000060000e0c                get_uart_parity
                0x0000000060000e34                get_uart_rtscts
                0x0000000060000e5c                get_uart_status
                0x0000000060000e84                wdt_feed
                0x0000000060000ebc                wdt_read
                0x0000000060000eec                wdt_reset
                0x0000000060000f1c                gpio_get_configuration
                0x0000000060000f4c                gpio_configure
                0x0000000060000f84                gpio_read
                0x0000000060000fc4                gpio_write
 .text          0x000000006000102c      0x118 /tmp/ccbLYzeE.o
                0x000000006000102c                mvendorid_info
                0x0000000060001054                marchid_info
                0x000000006000107c                mimpid_info
                0x00000000600010a4                mhartid_info
                0x00000000600010cc                harden_conf
                0x00000000600010f4                set_harden_conf
                0x000000006000111c                rstcause_info
 .text          0x0000000060001144      0x118 /tmp/cc3tIgmB.o
                0x0000000060001144                trap_handler
                0x00000000600011e0                main
 .text          0x000000006000125c      0x7d8 /home/douglas/rv32i/lib/gcc/riscv32-unknown-elf/10.1.0/rv32i/ilp32/libgcc.a(adddf3.o)
                0x000000006000125c                __adddf3
 .text          0x0000000060001a34      0x688 /home/douglas/rv32i/lib/gcc/riscv32-unknown-elf/10.1.0/rv32i/ilp32/libgcc.a(muldf3.o)
                0x0000000060001a34                __muldf3
 .text          0x00000000600020bc       0x7c /home/douglas/rv32i/lib/gcc/riscv32-unknown-elf/10.1.0/rv32i/ilp32/libgcc.a(fixunsdfsi.o)
                0x00000000600020bc                __fixunsdfsi
 .text          0x0000000060002138       0x80 /home/douglas/rv32i/lib/gcc/riscv32-unknown-elf/10.1.0/rv32i/ilp32/libgcc.a(floatunsidf.o)
                0x0000000060002138                __floatunsidf
 .text          0x00000000600021b8       0x24 /home/douglas/rv32i/lib/gcc/riscv32-unknown-elf/10.1.0/rv32i/ilp32/libgcc.a(muldi3.o)
                0x00000000600021b8                __mulsi3
 .text          0x00000000600021dc       0xb4 /home/douglas/rv32i/lib/gcc/riscv32-unknown-elf/10.1.0/rv32i/ilp32/libgcc.a(div.o)
                0x00000000600021dc                __divsi3
                0x00000000600021e4                __udivsi3
                0x000000006000222c                __umodsi3
                0x0000000060002260                __modsi3
 .text          0x0000000060002290       0x4c /home/douglas/rv32i/lib/gcc/riscv32-unknown-elf/10.1.0/rv32i/ilp32/libgcc.a(_clzsi2.o)
                0x0000000060002290                __clzsi2
 .text          0x00000000600022dc        0x0 /home/douglas/rv32i/lib/gcc/riscv32-unknown-elf/10.1.0/rv32i/ilp32/libgcc.a(_clz.o)
 .text          0x00000000600022dc        0x0 /home/douglas/rv32i/lib/gcc/riscv32-unknown-elf/10.1.0/../../../../riscv32-unknown-elf/lib/rv32i/ilp32/libc_nano.a(lib_a-init.o)
 .text.__libc_init_array
                0x00000000600022dc       0x9c /home/douglas/rv32i/lib/gcc/riscv32-unknown-elf/10.1.0/../../../../riscv32-unknown-elf/lib/rv32i/ilp32/libc_nano.a(lib_a-init.o)
                0x00000000600022dc                __libc_init_array
 .text          0x0000000060002378        0x0 /home/douglas/rv32i/lib/gcc/riscv32-unknown-elf/10.1.0/../../../../riscv32-unknown-elf/lib/rv32i/ilp32/libc_nano.a(lib_a-printf.o)
 .text._printf_r
                0x0000000060002378       0x6c /home/douglas/rv32i/lib/gcc/riscv32-unknown-elf/10.1.0/../../../../riscv32-unknown-elf/lib/rv32i/ilp32/libc_nano.a(lib_a-printf.o)
                0x0000000060002378                _printf_r
                0x0000000060002378                _iprintf_r
 .text.printf   0x00000000600023e4       0x70 /home/douglas/rv32i/lib/gcc/riscv32-unknown-elf/10.1.0/../../../../riscv32-unknown-elf/lib/rv32i/ilp32/libc_nano.a(lib_a-printf.o)
                0x00000000600023e4                printf
                0x00000000600023e4                iprintf
 .text          0x0000000060002454        0x0 /home/douglas/rv32i/lib/gcc/riscv32-unknown-elf/10.1.0/../../../../riscv32-unknown-elf/lib/rv32i/ilp32/libc_nano.a(lib_a-puts.o)
 .text._puts_r  0x0000000060002454      0x160 /home/douglas/rv32i/lib/gcc/riscv32-unknown-elf/10.1.0/../../../../riscv32-unknown-elf/lib/rv32i/ilp32/libc_nano.a(lib_a-puts.o)
                0x0000000060002454                _puts_r
 .text.puts     0x00000000600025b4       0x10 /home/douglas/rv32i/lib/gcc/riscv32-unknown-elf/10.1.0/../../../../riscv32-unknown-elf/lib/rv32i/ilp32/libc_nano.a(lib_a-puts.o)
                0x00000000600025b4                puts
 .text          0x00000000600025c4        0x0 /home/douglas/rv32i/lib/gcc/riscv32-unknown-elf/10.1.0/../../../../riscv32-unknown-elf/lib/rv32i/ilp32/libc_nano.a(lib_a-reent.o)
 .text.cleanup_glue
                0x00000000600025c4       0x40 /home/douglas/rv32i/lib/gcc/riscv32-unknown-elf/10.1.0/../../../../riscv32-unknown-elf/lib/rv32i/ilp32/libc_nano.a(lib_a-reent.o)
                0x00000000600025c4                cleanup_glue
 .text._reclaim_reent
                0x0000000060002604      0x16c /home/douglas/rv32i/lib/gcc/riscv32-unknown-elf/10.1.0/../../../../riscv32-unknown-elf/lib/rv32i/ilp32/libc_nano.a(lib_a-reent.o)
                0x0000000060002604                _reclaim_reent
 .text          0x0000000060002770        0x0 /home/douglas/rv32i/lib/gcc/riscv32-unknown-elf/10.1.0/../../../../riscv32-unknown-elf/lib/rv32i/ilp32/libc_nano.a(lib_a-wbuf.o)
 .text.__swbuf_r
                0x0000000060002770      0x138 /home/douglas/rv32i/lib/gcc/riscv32-unknown-elf/10.1.0/../../../../riscv32-unknown-elf/lib/rv32i/ilp32/libc_nano.a(lib_a-wbuf.o)
                0x0000000060002770                __swbuf_r
 .text.__swbuf  0x00000000600028a8       0x14 /home/douglas/rv32i/lib/gcc/riscv32-unknown-elf/10.1.0/../../../../riscv32-unknown-elf/lib/rv32i/ilp32/libc_nano.a(lib_a-wbuf.o)
                0x00000000600028a8                __swbuf
 .text          0x00000000600028bc        0x0 /home/douglas/rv32i/lib/gcc/riscv32-unknown-elf/10.1.0/../../../../riscv32-unknown-elf/lib/rv32i/ilp32/libc_nano.a(lib_a-wsetup.o)
 .text.__swsetup_r
                0x00000000600028bc      0x178 /home/douglas/rv32i/lib/gcc/riscv32-unknown-elf/10.1.0/../../../../riscv32-unknown-elf/lib/rv32i/ilp32/libc_nano.a(lib_a-wsetup.o)
                0x00000000600028bc                __swsetup_r
 .text          0x0000000060002a34        0x0 /home/douglas/rv32i/lib/gcc/riscv32-unknown-elf/10.1.0/../../../../riscv32-unknown-elf/lib/rv32i/ilp32/libc_nano.a(lib_a-fflush.o)
 .text.__sflush_r
                0x0000000060002a34      0x1f4 /home/douglas/rv32i/lib/gcc/riscv32-unknown-elf/10.1.0/../../../../riscv32-unknown-elf/lib/rv32i/ilp32/libc_nano.a(lib_a-fflush.o)
                0x0000000060002a34                __sflush_r
 .text._fflush_r
                0x0000000060002c28       0xa0 /home/douglas/rv32i/lib/gcc/riscv32-unknown-elf/10.1.0/../../../../riscv32-unknown-elf/lib/rv32i/ilp32/libc_nano.a(lib_a-fflush.o)
                0x0000000060002c28                _fflush_r
 .text.fflush   0x0000000060002cc8       0x28 /home/douglas/rv32i/lib/gcc/riscv32-unknown-elf/10.1.0/../../../../riscv32-unknown-elf/lib/rv32i/ilp32/libc_nano.a(lib_a-fflush.o)
                0x0000000060002cc8                fflush
 .text          0x0000000060002cf0        0x0 /home/douglas/rv32i/lib/gcc/riscv32-unknown-elf/10.1.0/../../../../riscv32-unknown-elf/lib/rv32i/ilp32/libc_nano.a(lib_a-findfp.o)
 .text.__fp_lock
                0x0000000060002cf0        0x8 /home/douglas/rv32i/lib/gcc/riscv32-unknown-elf/10.1.0/../../../../riscv32-unknown-elf/lib/rv32i/ilp32/libc_nano.a(lib_a-findfp.o)
 .text.std      0x0000000060002cf8       0x88 /home/douglas/rv32i/lib/gcc/riscv32-unknown-elf/10.1.0/../../../../riscv32-unknown-elf/lib/rv32i/ilp32/libc_nano.a(lib_a-findfp.o)
 .text._cleanup_r
                0x0000000060002d80        0xc /home/douglas/rv32i/lib/gcc/riscv32-unknown-elf/10.1.0/../../../../riscv32-unknown-elf/lib/rv32i/ilp32/libc_nano.a(lib_a-findfp.o)
                0x0000000060002d80                _cleanup_r
 .text.__fp_unlock
                0x0000000060002d8c        0x8 /home/douglas/rv32i/lib/gcc/riscv32-unknown-elf/10.1.0/../../../../riscv32-unknown-elf/lib/rv32i/ilp32/libc_nano.a(lib_a-findfp.o)
 .text.__sfmoreglue
                0x0000000060002d94       0x78 /home/douglas/rv32i/lib/gcc/riscv32-unknown-elf/10.1.0/../../../../riscv32-unknown-elf/lib/rv32i/ilp32/libc_nano.a(lib_a-findfp.o)
                0x0000000060002d94                __sfmoreglue
 .text._cleanup
                0x0000000060002e0c        0xc /home/douglas/rv32i/lib/gcc/riscv32-unknown-elf/10.1.0/../../../../riscv32-unknown-elf/lib/rv32i/ilp32/libc_nano.a(lib_a-findfp.o)
                0x0000000060002e0c                _cleanup
 .text.__sinit  0x0000000060002e18       0xb4 /home/douglas/rv32i/lib/gcc/riscv32-unknown-elf/10.1.0/../../../../riscv32-unknown-elf/lib/rv32i/ilp32/libc_nano.a(lib_a-findfp.o)
                0x0000000060002e18                __sinit
 .text.__sfp    0x0000000060002ecc       0xec /home/douglas/rv32i/lib/gcc/riscv32-unknown-elf/10.1.0/../../../../riscv32-unknown-elf/lib/rv32i/ilp32/libc_nano.a(lib_a-findfp.o)
                0x0000000060002ecc                __sfp
 .text.__sfp_lock_acquire
                0x0000000060002fb8        0x4 /home/douglas/rv32i/lib/gcc/riscv32-unknown-elf/10.1.0/../../../../riscv32-unknown-elf/lib/rv32i/ilp32/libc_nano.a(lib_a-findfp.o)
                0x0000000060002fb8                __sfp_lock_acquire
 .text.__sfp_lock_release
                0x0000000060002fbc        0x4 /home/douglas/rv32i/lib/gcc/riscv32-unknown-elf/10.1.0/../../../../riscv32-unknown-elf/lib/rv32i/ilp32/libc_nano.a(lib_a-findfp.o)
                0x0000000060002fbc                __sfp_lock_release
 .text.__sinit_lock_acquire
                0x0000000060002fc0        0x4 /home/douglas/rv32i/lib/gcc/riscv32-unknown-elf/10.1.0/../../../../riscv32-unknown-elf/lib/rv32i/ilp32/libc_nano.a(lib_a-findfp.o)
                0x0000000060002fc0                __sinit_lock_acquire
 .text.__sinit_lock_release
                0x0000000060002fc4        0x4 /home/douglas/rv32i/lib/gcc/riscv32-unknown-elf/10.1.0/../../../../riscv32-unknown-elf/lib/rv32i/ilp32/libc_nano.a(lib_a-findfp.o)
                0x0000000060002fc4                __sinit_lock_release
 .text.__fp_lock_all
                0x0000000060002fc8       0x14 /home/douglas/rv32i/lib/gcc/riscv32-unknown-elf/10.1.0/../../../../riscv32-unknown-elf/lib/rv32i/ilp32/libc_nano.a(lib_a-findfp.o)
                0x0000000060002fc8                __fp_lock_all
 .text.__fp_unlock_all
                0x0000000060002fdc       0x14 /home/douglas/rv32i/lib/gcc/riscv32-unknown-elf/10.1.0/../../../../riscv32-unknown-elf/lib/rv32i/ilp32/libc_nano.a(lib_a-findfp.o)
                0x0000000060002fdc                __fp_unlock_all
 .text          0x0000000060002ff0        0x0 /home/douglas/rv32i/lib/gcc/riscv32-unknown-elf/10.1.0/../../../../riscv32-unknown-elf/lib/rv32i/ilp32/libc_nano.a(lib_a-fwalk.o)
 .text._fwalk   0x0000000060002ff0       0xa0 /home/douglas/rv32i/lib/gcc/riscv32-unknown-elf/10.1.0/../../../../riscv32-unknown-elf/lib/rv32i/ilp32/libc_nano.a(lib_a-fwalk.o)
                0x0000000060002ff0                _fwalk
 .text._fwalk_reent
                0x0000000060003090       0xb0 /home/douglas/rv32i/lib/gcc/riscv32-unknown-elf/10.1.0/../../../../riscv32-unknown-elf/lib/rv32i/ilp32/libc_nano.a(lib_a-fwalk.o)
                0x0000000060003090                _fwalk_reent
 .text          0x0000000060003140        0x0 /home/douglas/rv32i/lib/gcc/riscv32-unknown-elf/10.1.0/../../../../riscv32-unknown-elf/lib/rv32i/ilp32/libc_nano.a(lib_a-impure.o)
 .text          0x0000000060003140        0x0 /home/douglas/rv32i/lib/gcc/riscv32-unknown-elf/10.1.0/../../../../riscv32-unknown-elf/lib/rv32i/ilp32/libc_nano.a(lib_a-makebuf.o)
 .text.__swhatbuf_r
                0x0000000060003140       0x90 /home/douglas/rv32i/lib/gcc/riscv32-unknown-elf/10.1.0/../../../../riscv32-unknown-elf/lib/rv32i/ilp32/libc_nano.a(lib_a-makebuf.o)
                0x0000000060003140                __swhatbuf_r
 .text.__smakebuf_r
                0x00000000600031d0       0xf0 /home/douglas/rv32i/lib/gcc/riscv32-unknown-elf/10.1.0/../../../../riscv32-unknown-elf/lib/rv32i/ilp32/libc_nano.a(lib_a-makebuf.o)
                0x00000000600031d0                __smakebuf_r
 .text          0x00000000600032c0       0x1c /home/douglas/rv32i/lib/gcc/riscv32-unknown-elf/10.1.0/../../../../riscv32-unknown-elf/lib/rv32i/ilp32/libc_nano.a(lib_a-memset.o)
                0x00000000600032c0                memset
 .text          0x00000000600032dc        0x0 /home/douglas/rv32i/lib/gcc/riscv32-unknown-elf/10.1.0/../../../../riscv32-unknown-elf/lib/rv32i/ilp32/libc_nano.a(lib_a-nano-freer.o)
 .text._free_r  0x00000000600032dc      0x104 /home/douglas/rv32i/lib/gcc/riscv32-unknown-elf/10.1.0/../../../../riscv32-unknown-elf/lib/rv32i/ilp32/libc_nano.a(lib_a-nano-freer.o)
                0x00000000600032dc                _free_r
 .text          0x00000000600033e0        0x0 /home/douglas/rv32i/lib/gcc/riscv32-unknown-elf/10.1.0/../../../../riscv32-unknown-elf/lib/rv32i/ilp32/libc_nano.a(lib_a-nano-mallocr.o)
 .text._malloc_r
                0x00000000600033e0      0x158 /home/douglas/rv32i/lib/gcc/riscv32-unknown-elf/10.1.0/../../../../riscv32-unknown-elf/lib/rv32i/ilp32/libc_nano.a(lib_a-nano-mallocr.o)
                0x00000000600033e0                _malloc_r
 .text          0x0000000060003538        0x0 /home/douglas/rv32i/lib/gcc/riscv32-unknown-elf/10.1.0/../../../../riscv32-unknown-elf/lib/rv32i/ilp32/libc_nano.a(lib_a-nano-vfprintf.o)
 .text.__sfputc_r
                0x0000000060003538       0x3c /home/douglas/rv32i/lib/gcc/riscv32-unknown-elf/10.1.0/../../../../riscv32-unknown-elf/lib/rv32i/ilp32/libc_nano.a(lib_a-nano-vfprintf.o)
 .text.__sfputs_r
                0x0000000060003574       0x74 /home/douglas/rv32i/lib/gcc/riscv32-unknown-elf/10.1.0/../../../../riscv32-unknown-elf/lib/rv32i/ilp32/libc_nano.a(lib_a-nano-vfprintf.o)
                0x0000000060003574                __sfputs_r
 .text.__sprint_r
                0x00000000600035e8       0x40 /home/douglas/rv32i/lib/gcc/riscv32-unknown-elf/10.1.0/../../../../riscv32-unknown-elf/lib/rv32i/ilp32/libc_nano.a(lib_a-nano-vfprintf.o)
                0x00000000600035e8                __sprint_r
 .text._vfprintf_r
                0x0000000060003628      0x3d8 /home/douglas/rv32i/lib/gcc/riscv32-unknown-elf/10.1.0/../../../../riscv32-unknown-elf/lib/rv32i/ilp32/libc_nano.a(lib_a-nano-vfprintf.o)
                0x0000000060003628                _vfiprintf_r
                0x0000000060003628                _vfprintf_r
 .text.vfprintf
                0x0000000060003a00       0x18 /home/douglas/rv32i/lib/gcc/riscv32-unknown-elf/10.1.0/../../../../riscv32-unknown-elf/lib/rv32i/ilp32/libc_nano.a(lib_a-nano-vfprintf.o)
                0x0000000060003a00                vfiprintf
                0x0000000060003a00                vfprintf
 .text          0x0000000060003a18        0x0 /home/douglas/rv32i/lib/gcc/riscv32-unknown-elf/10.1.0/../../../../riscv32-unknown-elf/lib/rv32i/ilp32/libc_nano.a(lib_a-sbrkr.o)
 .text._sbrk_r  0x0000000060003a18       0x4c /home/douglas/rv32i/lib/gcc/riscv32-unknown-elf/10.1.0/../../../../riscv32-unknown-elf/lib/rv32i/ilp32/libc_nano.a(lib_a-sbrkr.o)
                0x0000000060003a18                _sbrk_r
 .text          0x0000000060003a64        0x0 /home/douglas/rv32i/lib/gcc/riscv32-unknown-elf/10.1.0/../../../../riscv32-unknown-elf/lib/rv32i/ilp32/libc_nano.a(lib_a-stdio.o)
 .text.__sread  0x0000000060003a64       0x50 /home/douglas/rv32i/lib/gcc/riscv32-unknown-elf/10.1.0/../../../../riscv32-unknown-elf/lib/rv32i/ilp32/libc_nano.a(lib_a-stdio.o)
                0x0000000060003a64                __sread
 .text.__seofread
                0x0000000060003ab4        0x8 /home/douglas/rv32i/lib/gcc/riscv32-unknown-elf/10.1.0/../../../../riscv32-unknown-elf/lib/rv32i/ilp32/libc_nano.a(lib_a-stdio.o)
                0x0000000060003ab4                __seofread
 .text.__swrite
                0x0000000060003abc       0x84 /home/douglas/rv32i/lib/gcc/riscv32-unknown-elf/10.1.0/../../../../riscv32-unknown-elf/lib/rv32i/ilp32/libc_nano.a(lib_a-stdio.o)
                0x0000000060003abc                __swrite
 .text.__sseek  0x0000000060003b40       0x58 /home/douglas/rv32i/lib/gcc/riscv32-unknown-elf/10.1.0/../../../../riscv32-unknown-elf/lib/rv32i/ilp32/libc_nano.a(lib_a-stdio.o)
                0x0000000060003b40                __sseek
 .text.__sclose
                0x0000000060003b98        0x8 /home/douglas/rv32i/lib/gcc/riscv32-unknown-elf/10.1.0/../../../../riscv32-unknown-elf/lib/rv32i/ilp32/libc_nano.a(lib_a-stdio.o)
                0x0000000060003b98                __sclose
 .text          0x0000000060003ba0        0x0 /home/douglas/rv32i/lib/gcc/riscv32-unknown-elf/10.1.0/../../../../riscv32-unknown-elf/lib/rv32i/ilp32/libc_nano.a(lib_a-writer.o)
 .text._write_r
                0x0000000060003ba0       0x54 /home/douglas/rv32i/lib/gcc/riscv32-unknown-elf/10.1.0/../../../../riscv32-unknown-elf/lib/rv32i/ilp32/libc_nano.a(lib_a-writer.o)
                0x0000000060003ba0                _write_r
 .text          0x0000000060003bf4        0x0 /home/douglas/rv32i/lib/gcc/riscv32-unknown-elf/10.1.0/../../../../riscv32-unknown-elf/lib/rv32i/ilp32/libc_nano.a(lib_a-closer.o)
 .text._close_r
                0x0000000060003bf4       0x4c /home/douglas/rv32i/lib/gcc/riscv32-unknown-elf/10.1.0/../../../../riscv32-unknown-elf/lib/rv32i/ilp32/libc_nano.a(lib_a-closer.o)
                0x0000000060003bf4                _close_r
 .text          0x0000000060003c40        0x0 /home/douglas/rv32i/lib/gcc/riscv32-unknown-elf/10.1.0/../../../../riscv32-unknown-elf/lib/rv32i/ilp32/libc_nano.a(lib_a-fstatr.o)
 .text._fstat_r
                0x0000000060003c40       0x50 /home/douglas/rv32i/lib/gcc/riscv32-unknown-elf/10.1.0/../../../../riscv32-unknown-elf/lib/rv32i/ilp32/libc_nano.a(lib_a-fstatr.o)
                0x0000000060003c40                _fstat_r
 .text          0x0000000060003c90        0x0 /home/douglas/rv32i/lib/gcc/riscv32-unknown-elf/10.1.0/../../../../riscv32-unknown-elf/lib/rv32i/ilp32/libc_nano.a(lib_a-fvwrite.o)
 .text.__sfvwrite_r
                0x0000000060003c90      0x460 /home/douglas/rv32i/lib/gcc/riscv32-unknown-elf/10.1.0/../../../../riscv32-unknown-elf/lib/rv32i/ilp32/libc_nano.a(lib_a-fvwrite.o)
                0x0000000060003c90                __sfvwrite_r
 .text          0x00000000600040f0        0x0 /home/douglas/rv32i/lib/gcc/riscv32-unknown-elf/10.1.0/../../../../riscv32-unknown-elf/lib/rv32i/ilp32/libc_nano.a(lib_a-isattyr.o)
 .text._isatty_r
                0x00000000600040f0       0x4c /home/douglas/rv32i/lib/gcc/riscv32-unknown-elf/10.1.0/../../../../riscv32-unknown-elf/lib/rv32i/ilp32/libc_nano.a(lib_a-isattyr.o)
                0x00000000600040f0                _isatty_r
 .text          0x000000006000413c        0x0 /home/douglas/rv32i/lib/gcc/riscv32-unknown-elf/10.1.0/../../../../riscv32-unknown-elf/lib/rv32i/ilp32/libc_nano.a(lib_a-lseekr.o)
 .text._lseek_r
                0x000000006000413c       0x54 /home/douglas/rv32i/lib/gcc/riscv32-unknown-elf/10.1.0/../../../../riscv32-unknown-elf/lib/rv32i/ilp32/libc_nano.a(lib_a-lseekr.o)
                0x000000006000413c                _lseek_r
 .text          0x0000000060004190        0x0 /home/douglas/rv32i/lib/gcc/riscv32-unknown-elf/10.1.0/../../../../riscv32-unknown-elf/lib/rv32i/ilp32/libc_nano.a(lib_a-memchr.o)
 .text.memchr   0x0000000060004190       0x24 /home/douglas/rv32i/lib/gcc/riscv32-unknown-elf/10.1.0/../../../../riscv32-unknown-elf/lib/rv32i/ilp32/libc_nano.a(lib_a-memchr.o)
                0x0000000060004190                memchr
 .text          0x00000000600041b4       0x24 /home/douglas/rv32i/lib/gcc/riscv32-unknown-elf/10.1.0/../../../../riscv32-unknown-elf/lib/rv32i/ilp32/libc_nano.a(lib_a-memcpy-asm.o)
                0x00000000600041b4                memcpy
 .text          0x00000000600041d8       0x3c /home/douglas/rv32i/lib/gcc/riscv32-unknown-elf/10.1.0/../../../../riscv32-unknown-elf/lib/rv32i/ilp32/libc_nano.a(lib_a-memmove.o)
                0x00000000600041d8                memmove
 .text          0x0000000060004214        0x0 /home/douglas/rv32i/lib/gcc/riscv32-unknown-elf/10.1.0/../../../../riscv32-unknown-elf/lib/rv32i/ilp32/libc_nano.a(lib_a-mlock.o)
 .text.__malloc_lock
                0x0000000060004214        0x4 /home/douglas/rv32i/lib/gcc/riscv32-unknown-elf/10.1.0/../../../../riscv32-unknown-elf/lib/rv32i/ilp32/libc_nano.a(lib_a-mlock.o)
                0x0000000060004214                __malloc_lock
 .text.__malloc_unlock
                0x0000000060004218        0x4 /home/douglas/rv32i/lib/gcc/riscv32-unknown-elf/10.1.0/../../../../riscv32-unknown-elf/lib/rv32i/ilp32/libc_nano.a(lib_a-mlock.o)
                0x0000000060004218                __malloc_unlock
 .text          0x000000006000421c        0x0 /home/douglas/rv32i/lib/gcc/riscv32-unknown-elf/10.1.0/../../../../riscv32-unknown-elf/lib/rv32i/ilp32/libc_nano.a(lib_a-nano-reallocr.o)
 .text._realloc_r
                0x000000006000421c       0xd4 /home/douglas/rv32i/lib/gcc/riscv32-unknown-elf/10.1.0/../../../../riscv32-unknown-elf/lib/rv32i/ilp32/libc_nano.a(lib_a-nano-reallocr.o)
                0x000000006000421c                _realloc_r
 .text          0x00000000600042f0        0x0 /home/douglas/rv32i/lib/gcc/riscv32-unknown-elf/10.1.0/../../../../riscv32-unknown-elf/lib/rv32i/ilp32/libc_nano.a(lib_a-nano-vfprintf_i.o)
 .text._printf_common
                0x00000000600042f0      0x1b0 /home/douglas/rv32i/lib/gcc/riscv32-unknown-elf/10.1.0/../../../../riscv32-unknown-elf/lib/rv32i/ilp32/libc_nano.a(lib_a-nano-vfprintf_i.o)
                0x00000000600042f0                _printf_common
 .text._printf_i
                0x00000000600044a0      0x3c4 /home/douglas/rv32i/lib/gcc/riscv32-unknown-elf/10.1.0/../../../../riscv32-unknown-elf/lib/rv32i/ilp32/libc_nano.a(lib_a-nano-vfprintf_i.o)
                0x00000000600044a0                _printf_i
 .text          0x0000000060004864        0x0 /home/douglas/rv32i/lib/gcc/riscv32-unknown-elf/10.1.0/../../../../riscv32-unknown-elf/lib/rv32i/ilp32/libc_nano.a(lib_a-readr.o)
 .text._read_r  0x0000000060004864       0x54 /home/douglas/rv32i/lib/gcc/riscv32-unknown-elf/10.1.0/../../../../riscv32-unknown-elf/lib/rv32i/ilp32/libc_nano.a(lib_a-readr.o)
                0x0000000060004864                _read_r
 .text          0x00000000600048b8        0x0 /home/douglas/rv32i/lib/gcc/riscv32-unknown-elf/10.1.0/../../../../riscv32-unknown-elf/lib/rv32i/ilp32/libc_nano.a(lib_a-nano-msizer.o)
 .text._malloc_usable_size_r
                0x00000000600048b8       0x1c /home/douglas/rv32i/lib/gcc/riscv32-unknown-elf/10.1.0/../../../../riscv32-unknown-elf/lib/rv32i/ilp32/libc_nano.a(lib_a-nano-msizer.o)
                0x00000000600048b8                _malloc_usable_size_r
 *(.vector*)
                0x00000000600048d4                __lma_ram_start = .

.preinit_array  0x0000000070000000        0x0 load address 0x00000000600048d4
                0x0000000070000000                __vma_ram_start = .
                0x0000000070000000                PROVIDE (__preinit_array_start = .)
 *(.preinit_array)
                0x0000000070000000                PROVIDE (__preinit_array_end = .)

.init_array     0x0000000070000000        0x0 load address 0x00000000600048d4
                0x0000000070000000                PROVIDE (__init_array_start = .)
 *(SORT_BY_NAME(.init_array.*))
 *(.init_array)
                0x0000000070000000                PROVIDE (__init_array_end = .)

.fini_array     0x0000000070000000        0x0 load address 0x00000000600048d4
                [!provide]                        PROVIDE (__fini_array_start = .)
 *(SORT_BY_NAME(.fini_array.*))
 *(.fini_array)
                [!provide]                        PROVIDE (__fini_array_end = .)

.rodata         0x0000000070000000      0x2c8 load address 0x00000000600048d4
                0x0000000070000000                _start_rodata = .
 *(.rodata*)
 .rodata        0x0000000070000000        0x7 /tmp/cckAIdWA.o
 *fill*         0x0000000070000007        0x1 
 .rodata        0x0000000070000008       0x38 /tmp/cc4d4YKB.o
 .rodata        0x0000000070000040       0x54 /tmp/cc3tIgmB.o
 .rodata        0x0000000070000094       0x3c /home/douglas/rv32i/lib/gcc/riscv32-unknown-elf/10.1.0/rv32i/ilp32/libgcc.a(muldf3.o)
 .rodata        0x00000000700000d0      0x100 /home/douglas/rv32i/lib/gcc/riscv32-unknown-elf/10.1.0/rv32i/ilp32/libgcc.a(_clz.o)
                0x00000000700000d0                __clz_tab
 .rodata.__sf_fake_stderr
                0x00000000700001d0       0x20 /home/douglas/rv32i/lib/gcc/riscv32-unknown-elf/10.1.0/../../../../riscv32-unknown-elf/lib/rv32i/ilp32/libc_nano.a(lib_a-findfp.o)
                0x00000000700001d0                __sf_fake_stderr
 .rodata.__sf_fake_stdin
                0x00000000700001f0       0x20 /home/douglas/rv32i/lib/gcc/riscv32-unknown-elf/10.1.0/../../../../riscv32-unknown-elf/lib/rv32i/ilp32/libc_nano.a(lib_a-findfp.o)
                0x00000000700001f0                __sf_fake_stdin
 .rodata.__sf_fake_stdout
                0x0000000070000210       0x20 /home/douglas/rv32i/lib/gcc/riscv32-unknown-elf/10.1.0/../../../../riscv32-unknown-elf/lib/rv32i/ilp32/libc_nano.a(lib_a-findfp.o)
                0x0000000070000210                __sf_fake_stdout
 .rodata._vfprintf_r.str1.4
                0x0000000070000230       0x13 /home/douglas/rv32i/lib/gcc/riscv32-unknown-elf/10.1.0/../../../../riscv32-unknown-elf/lib/rv32i/ilp32/libc_nano.a(lib_a-nano-vfprintf.o)
 *fill*         0x0000000070000243        0x1 
 .rodata._printf_i.str1.4
                0x0000000070000244       0x25 /home/douglas/rv32i/lib/gcc/riscv32-unknown-elf/10.1.0/../../../../riscv32-unknown-elf/lib/rv32i/ilp32/libc_nano.a(lib_a-nano-vfprintf_i.o)
 *fill*         0x0000000070000269        0x3 
 .rodata._printf_i
                0x000000007000026c       0x58 /home/douglas/rv32i/lib/gcc/riscv32-unknown-elf/10.1.0/../../../../riscv32-unknown-elf/lib/rv32i/ilp32/libc_nano.a(lib_a-nano-vfprintf_i.o)
 *(.rodata.*)
 *(.srodata.*)
 .srodata._global_impure_ptr
                0x00000000700002c4        0x4 /home/douglas/rv32i/lib/gcc/riscv32-unknown-elf/10.1.0/../../../../riscv32-unknown-elf/lib/rv32i/ilp32/libc_nano.a(lib_a-impure.o)
                0x00000000700002c4                _global_impure_ptr
                0x00000000700002c8                _end_rodata = .

.eh_frame       0x00000000700002c8       0x2c load address 0x0000000060004b9c
                0x00000000700002c8                . = ALIGN (0x4)
 *(.eh_frame*)
 .eh_frame      0x00000000700002c8       0x2c /tmp/cckAIdWA.o

.rela.dyn       0x00000000700002f4        0x0 load address 0x0000000060004bc8
 .rela.init     0x00000000700002f4        0x0 /tmp/cckAIdWA.o
 .rela.text     0x00000000700002f4        0x0 /tmp/cckAIdWA.o
 .rela.text.__libc_init_array
                0x00000000700002f4        0x0 /tmp/cckAIdWA.o
 .rela.text._vfprintf_r
                0x00000000700002f4        0x0 /tmp/cckAIdWA.o

.data.impure_data
                0x00000000700002f4       0x60 load address 0x0000000060004bc8
                0x00000000700002f4                . = ALIGN (0x4)
 *(.data.impure_data)
 .data.impure_data
                0x00000000700002f4       0x60 /home/douglas/rv32i/lib/gcc/riscv32-unknown-elf/10.1.0/../../../../riscv32-unknown-elf/lib/rv32i/ilp32/libc_nano.a(lib_a-impure.o)

.data           0x0000000070000354        0x8 load address 0x0000000060004c28
 *(.data .data.*)
 .data          0x0000000070000354        0x0 /tmp/cckAIdWA.o
 .data          0x0000000070000354        0x0 /tmp/cc4d4YKB.o
 .data          0x0000000070000354        0x0 /tmp/ccSO2Z5A.o
 .data          0x0000000070000354        0x0 /tmp/ccbLYzeE.o
 .data          0x0000000070000354        0x0 /tmp/cc3tIgmB.o
 .data          0x0000000070000354        0x0 /home/douglas/rv32i/lib/gcc/riscv32-unknown-elf/10.1.0/rv32i/ilp32/libgcc.a(adddf3.o)
 .data          0x0000000070000354        0x0 /home/douglas/rv32i/lib/gcc/riscv32-unknown-elf/10.1.0/rv32i/ilp32/libgcc.a(muldf3.o)
 .data          0x0000000070000354        0x0 /home/douglas/rv32i/lib/gcc/riscv32-unknown-elf/10.1.0/rv32i/ilp32/libgcc.a(fixunsdfsi.o)
 .data          0x0000000070000354        0x0 /home/douglas/rv32i/lib/gcc/riscv32-unknown-elf/10.1.0/rv32i/ilp32/libgcc.a(floatunsidf.o)
 .data          0x0000000070000354        0x0 /home/douglas/rv32i/lib/gcc/riscv32-unknown-elf/10.1.0/rv32i/ilp32/libgcc.a(muldi3.o)
 .data          0x0000000070000354        0x0 /home/douglas/rv32i/lib/gcc/riscv32-unknown-elf/10.1.0/rv32i/ilp32/libgcc.a(div.o)
 .data          0x0000000070000354        0x0 /home/douglas/rv32i/lib/gcc/riscv32-unknown-elf/10.1.0/rv32i/ilp32/libgcc.a(_clzsi2.o)
 .data          0x0000000070000354        0x0 /home/douglas/rv32i/lib/gcc/riscv32-unknown-elf/10.1.0/rv32i/ilp32/libgcc.a(_clz.o)
 .data          0x0000000070000354        0x0 /home/douglas/rv32i/lib/gcc/riscv32-unknown-elf/10.1.0/../../../../riscv32-unknown-elf/lib/rv32i/ilp32/libc_nano.a(lib_a-init.o)
 .data          0x0000000070000354        0x0 /home/douglas/rv32i/lib/gcc/riscv32-unknown-elf/10.1.0/../../../../riscv32-unknown-elf/lib/rv32i/ilp32/libc_nano.a(lib_a-printf.o)
 .data          0x0000000070000354        0x0 /home/douglas/rv32i/lib/gcc/riscv32-unknown-elf/10.1.0/../../../../riscv32-unknown-elf/lib/rv32i/ilp32/libc_nano.a(lib_a-puts.o)
 .data          0x0000000070000354        0x0 /home/douglas/rv32i/lib/gcc/riscv32-unknown-elf/10.1.0/../../../../riscv32-unknown-elf/lib/rv32i/ilp32/libc_nano.a(lib_a-reent.o)
 .data          0x0000000070000354        0x0 /home/douglas/rv32i/lib/gcc/riscv32-unknown-elf/10.1.0/../../../../riscv32-unknown-elf/lib/rv32i/ilp32/libc_nano.a(lib_a-wbuf.o)
 .data          0x0000000070000354        0x0 /home/douglas/rv32i/lib/gcc/riscv32-unknown-elf/10.1.0/../../../../riscv32-unknown-elf/lib/rv32i/ilp32/libc_nano.a(lib_a-wsetup.o)
 .data          0x0000000070000354        0x0 /home/douglas/rv32i/lib/gcc/riscv32-unknown-elf/10.1.0/../../../../riscv32-unknown-elf/lib/rv32i/ilp32/libc_nano.a(lib_a-fflush.o)
 .data          0x0000000070000354        0x0 /home/douglas/rv32i/lib/gcc/riscv32-unknown-elf/10.1.0/../../../../riscv32-unknown-elf/lib/rv32i/ilp32/libc_nano.a(lib_a-findfp.o)
 .data          0x0000000070000354        0x0 /home/douglas/rv32i/lib/gcc/riscv32-unknown-elf/10.1.0/../../../../riscv32-unknown-elf/lib/rv32i/ilp32/libc_nano.a(lib_a-fwalk.o)
 .data          0x0000000070000354        0x0 /home/douglas/rv32i/lib/gcc/riscv32-unknown-elf/10.1.0/../../../../riscv32-unknown-elf/lib/rv32i/ilp32/libc_nano.a(lib_a-impure.o)
 .data          0x0000000070000354        0x0 /home/douglas/rv32i/lib/gcc/riscv32-unknown-elf/10.1.0/../../../../riscv32-unknown-elf/lib/rv32i/ilp32/libc_nano.a(lib_a-makebuf.o)
 .data          0x0000000070000354        0x0 /home/douglas/rv32i/lib/gcc/riscv32-unknown-elf/10.1.0/../../../../riscv32-unknown-elf/lib/rv32i/ilp32/libc_nano.a(lib_a-memset.o)
 .data          0x0000000070000354        0x0 /home/douglas/rv32i/lib/gcc/riscv32-unknown-elf/10.1.0/../../../../riscv32-unknown-elf/lib/rv32i/ilp32/libc_nano.a(lib_a-nano-freer.o)
 .data          0x0000000070000354        0x0 /home/douglas/rv32i/lib/gcc/riscv32-unknown-elf/10.1.0/../../../../riscv32-unknown-elf/lib/rv32i/ilp32/libc_nano.a(lib_a-nano-mallocr.o)
 .data          0x0000000070000354        0x0 /home/douglas/rv32i/lib/gcc/riscv32-unknown-elf/10.1.0/../../../../riscv32-unknown-elf/lib/rv32i/ilp32/libc_nano.a(lib_a-nano-vfprintf.o)
 .data          0x0000000070000354        0x0 /home/douglas/rv32i/lib/gcc/riscv32-unknown-elf/10.1.0/../../../../riscv32-unknown-elf/lib/rv32i/ilp32/libc_nano.a(lib_a-sbrkr.o)
 .data          0x0000000070000354        0x0 /home/douglas/rv32i/lib/gcc/riscv32-unknown-elf/10.1.0/../../../../riscv32-unknown-elf/lib/rv32i/ilp32/libc_nano.a(lib_a-stdio.o)
 .data          0x0000000070000354        0x0 /home/douglas/rv32i/lib/gcc/riscv32-unknown-elf/10.1.0/../../../../riscv32-unknown-elf/lib/rv32i/ilp32/libc_nano.a(lib_a-writer.o)
 .data          0x0000000070000354        0x0 /home/douglas/rv32i/lib/gcc/riscv32-unknown-elf/10.1.0/../../../../riscv32-unknown-elf/lib/rv32i/ilp32/libc_nano.a(lib_a-closer.o)
 .data          0x0000000070000354        0x0 /home/douglas/rv32i/lib/gcc/riscv32-unknown-elf/10.1.0/../../../../riscv32-unknown-elf/lib/rv32i/ilp32/libc_nano.a(lib_a-fstatr.o)
 .data          0x0000000070000354        0x0 /home/douglas/rv32i/lib/gcc/riscv32-unknown-elf/10.1.0/../../../../riscv32-unknown-elf/lib/rv32i/ilp32/libc_nano.a(lib_a-fvwrite.o)
 .data          0x0000000070000354        0x0 /home/douglas/rv32i/lib/gcc/riscv32-unknown-elf/10.1.0/../../../../riscv32-unknown-elf/lib/rv32i/ilp32/libc_nano.a(lib_a-isattyr.o)
 .data          0x0000000070000354        0x0 /home/douglas/rv32i/lib/gcc/riscv32-unknown-elf/10.1.0/../../../../riscv32-unknown-elf/lib/rv32i/ilp32/libc_nano.a(lib_a-lseekr.o)
 .data          0x0000000070000354        0x0 /home/douglas/rv32i/lib/gcc/riscv32-unknown-elf/10.1.0/../../../../riscv32-unknown-elf/lib/rv32i/ilp32/libc_nano.a(lib_a-memchr.o)
 .data          0x0000000070000354        0x0 /home/douglas/rv32i/lib/gcc/riscv32-unknown-elf/10.1.0/../../../../riscv32-unknown-elf/lib/rv32i/ilp32/libc_nano.a(lib_a-memcpy-asm.o)
 .data          0x0000000070000354        0x0 /home/douglas/rv32i/lib/gcc/riscv32-unknown-elf/10.1.0/../../../../riscv32-unknown-elf/lib/rv32i/ilp32/libc_nano.a(lib_a-memmove.o)
 .data          0x0000000070000354        0x0 /home/douglas/rv32i/lib/gcc/riscv32-unknown-elf/10.1.0/../../../../riscv32-unknown-elf/lib/rv32i/ilp32/libc_nano.a(lib_a-mlock.o)
 .data          0x0000000070000354        0x0 /home/douglas/rv32i/lib/gcc/riscv32-unknown-elf/10.1.0/../../../../riscv32-unknown-elf/lib/rv32i/ilp32/libc_nano.a(lib_a-nano-reallocr.o)
 .data          0x0000000070000354        0x0 /home/douglas/rv32i/lib/gcc/riscv32-unknown-elf/10.1.0/../../../../riscv32-unknown-elf/lib/rv32i/ilp32/libc_nano.a(lib_a-nano-vfprintf_i.o)
 .data          0x0000000070000354        0x0 /home/douglas/rv32i/lib/gcc/riscv32-unknown-elf/10.1.0/../../../../riscv32-unknown-elf/lib/rv32i/ilp32/libc_nano.a(lib_a-readr.o)
 .data          0x0000000070000354        0x0 /home/douglas/rv32i/lib/gcc/riscv32-unknown-elf/10.1.0/../../../../riscv32-unknown-elf/lib/rv32i/ilp32/libc_nano.a(lib_a-nano-msizer.o)
 *(.gnu.linkonce.d.*)
                0x0000000070000354                . = ALIGN (0x4)
                0x0000000070000354                _start_data = .
 *(.sdata .sdata.*)
 .sdata         0x0000000070000354        0x4 /tmp/cc4d4YKB.o
                0x0000000070000354                environ
 .sdata._impure_ptr
                0x0000000070000358        0x4 /home/douglas/rv32i/lib/gcc/riscv32-unknown-elf/10.1.0/../../../../riscv32-unknown-elf/lib/rv32i/ilp32/libc_nano.a(lib_a-impure.o)
                0x0000000070000358                _impure_ptr
 *(.sdata2 .sdata2.*)
 *(.gnu.linkonce.s.*)
 *(.srodata .srodata.*)
                0x000000007000035c                _edata = .
                0x000000007000035c                __vma_ram_end = .

.custom.crc     0x0000000060004c30        0x4
                0x0000000060004c30                __app_crc = .
                0x0000000060004c30        0x4 LONG 0x0

.bss            0x000000007000035c       0x14
                0x000000007000035c                . = ALIGN (0x4)
                0x000000007000035c                _bss_lma = .
 *(.bss .bss.*)
 .bss           0x000000007000035c        0x0 /tmp/cckAIdWA.o
 .bss           0x000000007000035c        0x4 /tmp/cc4d4YKB.o
 .bss           0x0000000070000360        0x0 /tmp/ccSO2Z5A.o
 .bss           0x0000000070000360        0x0 /tmp/ccbLYzeE.o
 .bss           0x0000000070000360        0x0 /tmp/cc3tIgmB.o
 .bss           0x0000000070000360        0x0 /home/douglas/rv32i/lib/gcc/riscv32-unknown-elf/10.1.0/rv32i/ilp32/libgcc.a(adddf3.o)
 .bss           0x0000000070000360        0x0 /home/douglas/rv32i/lib/gcc/riscv32-unknown-elf/10.1.0/rv32i/ilp32/libgcc.a(muldf3.o)
 .bss           0x0000000070000360        0x0 /home/douglas/rv32i/lib/gcc/riscv32-unknown-elf/10.1.0/rv32i/ilp32/libgcc.a(fixunsdfsi.o)
 .bss           0x0000000070000360        0x0 /home/douglas/rv32i/lib/gcc/riscv32-unknown-elf/10.1.0/rv32i/ilp32/libgcc.a(floatunsidf.o)
 .bss           0x0000000070000360        0x0 /home/douglas/rv32i/lib/gcc/riscv32-unknown-elf/10.1.0/rv32i/ilp32/libgcc.a(muldi3.o)
 .bss           0x0000000070000360        0x0 /home/douglas/rv32i/lib/gcc/riscv32-unknown-elf/10.1.0/rv32i/ilp32/libgcc.a(div.o)
 .bss           0x0000000070000360        0x0 /home/douglas/rv32i/lib/gcc/riscv32-unknown-elf/10.1.0/rv32i/ilp32/libgcc.a(_clzsi2.o)
 .bss           0x0000000070000360        0x0 /home/douglas/rv32i/lib/gcc/riscv32-unknown-elf/10.1.0/rv32i/ilp32/libgcc.a(_clz.o)
 .bss           0x0000000070000360        0x0 /home/douglas/rv32i/lib/gcc/riscv32-unknown-elf/10.1.0/../../../../riscv32-unknown-elf/lib/rv32i/ilp32/libc_nano.a(lib_a-init.o)
 .bss           0x0000000070000360        0x0 /home/douglas/rv32i/lib/gcc/riscv32-unknown-elf/10.1.0/../../../../riscv32-unknown-elf/lib/rv32i/ilp32/libc_nano.a(lib_a-printf.o)
 .bss           0x0000000070000360        0x0 /home/douglas/rv32i/lib/gcc/riscv32-unknown-elf/10.1.0/../../../../riscv32-unknown-elf/lib/rv32i/ilp32/libc_nano.a(lib_a-puts.o)
 .bss           0x0000000070000360        0x0 /home/douglas/rv32i/lib/gcc/riscv32-unknown-elf/10.1.0/../../../../riscv32-unknown-elf/lib/rv32i/ilp32/libc_nano.a(lib_a-reent.o)
 .bss           0x0000000070000360        0x0 /home/douglas/rv32i/lib/gcc/riscv32-unknown-elf/10.1.0/../../../../riscv32-unknown-elf/lib/rv32i/ilp32/libc_nano.a(lib_a-wbuf.o)
 .bss           0x0000000070000360        0x0 /home/douglas/rv32i/lib/gcc/riscv32-unknown-elf/10.1.0/../../../../riscv32-unknown-elf/lib/rv32i/ilp32/libc_nano.a(lib_a-wsetup.o)
 .bss           0x0000000070000360        0x0 /home/douglas/rv32i/lib/gcc/riscv32-unknown-elf/10.1.0/../../../../riscv32-unknown-elf/lib/rv32i/ilp32/libc_nano.a(lib_a-fflush.o)
 .bss           0x0000000070000360        0x0 /home/douglas/rv32i/lib/gcc/riscv32-unknown-elf/10.1.0/../../../../riscv32-unknown-elf/lib/rv32i/ilp32/libc_nano.a(lib_a-findfp.o)
 .bss           0x0000000070000360        0x0 /home/douglas/rv32i/lib/gcc/riscv32-unknown-elf/10.1.0/../../../../riscv32-unknown-elf/lib/rv32i/ilp32/libc_nano.a(lib_a-fwalk.o)
 .bss           0x0000000070000360        0x0 /home/douglas/rv32i/lib/gcc/riscv32-unknown-elf/10.1.0/../../../../riscv32-unknown-elf/lib/rv32i/ilp32/libc_nano.a(lib_a-impure.o)
 .bss           0x0000000070000360        0x0 /home/douglas/rv32i/lib/gcc/riscv32-unknown-elf/10.1.0/../../../../riscv32-unknown-elf/lib/rv32i/ilp32/libc_nano.a(lib_a-makebuf.o)
 .bss           0x0000000070000360        0x0 /home/douglas/rv32i/lib/gcc/riscv32-unknown-elf/10.1.0/../../../../riscv32-unknown-elf/lib/rv32i/ilp32/libc_nano.a(lib_a-memset.o)
 .bss           0x0000000070000360        0x0 /home/douglas/rv32i/lib/gcc/riscv32-unknown-elf/10.1.0/../../../../riscv32-unknown-elf/lib/rv32i/ilp32/libc_nano.a(lib_a-nano-freer.o)
 .bss           0x0000000070000360        0x0 /home/douglas/rv32i/lib/gcc/riscv32-unknown-elf/10.1.0/../../../../riscv32-unknown-elf/lib/rv32i/ilp32/libc_nano.a(lib_a-nano-mallocr.o)
 .bss           0x0000000070000360        0x0 /home/douglas/rv32i/lib/gcc/riscv32-unknown-elf/10.1.0/../../../../riscv32-unknown-elf/lib/rv32i/ilp32/libc_nano.a(lib_a-nano-vfprintf.o)
 .bss           0x0000000070000360        0x0 /home/douglas/rv32i/lib/gcc/riscv32-unknown-elf/10.1.0/../../../../riscv32-unknown-elf/lib/rv32i/ilp32/libc_nano.a(lib_a-sbrkr.o)
 .bss           0x0000000070000360        0x0 /home/douglas/rv32i/lib/gcc/riscv32-unknown-elf/10.1.0/../../../../riscv32-unknown-elf/lib/rv32i/ilp32/libc_nano.a(lib_a-stdio.o)
 .bss           0x0000000070000360        0x0 /home/douglas/rv32i/lib/gcc/riscv32-unknown-elf/10.1.0/../../../../riscv32-unknown-elf/lib/rv32i/ilp32/libc_nano.a(lib_a-writer.o)
 .bss           0x0000000070000360        0x0 /home/douglas/rv32i/lib/gcc/riscv32-unknown-elf/10.1.0/../../../../riscv32-unknown-elf/lib/rv32i/ilp32/libc_nano.a(lib_a-closer.o)
 .bss           0x0000000070000360        0x0 /home/douglas/rv32i/lib/gcc/riscv32-unknown-elf/10.1.0/../../../../riscv32-unknown-elf/lib/rv32i/ilp32/libc_nano.a(lib_a-fstatr.o)
 .bss           0x0000000070000360        0x0 /home/douglas/rv32i/lib/gcc/riscv32-unknown-elf/10.1.0/../../../../riscv32-unknown-elf/lib/rv32i/ilp32/libc_nano.a(lib_a-fvwrite.o)
 .bss           0x0000000070000360        0x0 /home/douglas/rv32i/lib/gcc/riscv32-unknown-elf/10.1.0/../../../../riscv32-unknown-elf/lib/rv32i/ilp32/libc_nano.a(lib_a-isattyr.o)
 .bss           0x0000000070000360        0x0 /home/douglas/rv32i/lib/gcc/riscv32-unknown-elf/10.1.0/../../../../riscv32-unknown-elf/lib/rv32i/ilp32/libc_nano.a(lib_a-lseekr.o)
 .bss           0x0000000070000360        0x0 /home/douglas/rv32i/lib/gcc/riscv32-unknown-elf/10.1.0/../../../../riscv32-unknown-elf/lib/rv32i/ilp32/libc_nano.a(lib_a-memchr.o)
 .bss           0x0000000070000360        0x0 /home/douglas/rv32i/lib/gcc/riscv32-unknown-elf/10.1.0/../../../../riscv32-unknown-elf/lib/rv32i/ilp32/libc_nano.a(lib_a-memcpy-asm.o)
 .bss           0x0000000070000360        0x0 /home/douglas/rv32i/lib/gcc/riscv32-unknown-elf/10.1.0/../../../../riscv32-unknown-elf/lib/rv32i/ilp32/libc_nano.a(lib_a-memmove.o)
 .bss           0x0000000070000360        0x0 /home/douglas/rv32i/lib/gcc/riscv32-unknown-elf/10.1.0/../../../../riscv32-unknown-elf/lib/rv32i/ilp32/libc_nano.a(lib_a-mlock.o)
 .bss           0x0000000070000360        0x0 /home/douglas/rv32i/lib/gcc/riscv32-unknown-elf/10.1.0/../../../../riscv32-unknown-elf/lib/rv32i/ilp32/libc_nano.a(lib_a-nano-reallocr.o)
 .bss           0x0000000070000360        0x0 /home/douglas/rv32i/lib/gcc/riscv32-unknown-elf/10.1.0/../../../../riscv32-unknown-elf/lib/rv32i/ilp32/libc_nano.a(lib_a-nano-vfprintf_i.o)
 .bss           0x0000000070000360        0x0 /home/douglas/rv32i/lib/gcc/riscv32-unknown-elf/10.1.0/../../../../riscv32-unknown-elf/lib/rv32i/ilp32/libc_nano.a(lib_a-readr.o)
 .bss           0x0000000070000360        0x0 /home/douglas/rv32i/lib/gcc/riscv32-unknown-elf/10.1.0/../../../../riscv32-unknown-elf/lib/rv32i/ilp32/libc_nano.a(lib_a-nano-msizer.o)
 *(.sbss .sbss.*)
 .sbss          0x0000000070000360        0x4 /tmp/cc4d4YKB.o
                0x0000000070000360                __env
 .sbss.errno    0x0000000070000364        0x4 /home/douglas/rv32i/lib/gcc/riscv32-unknown-elf/10.1.0/../../../../riscv32-unknown-elf/lib/rv32i/ilp32/libc_nano.a(lib_a-reent.o)
                0x0000000070000364                errno
 .sbss.__malloc_free_list
                0x0000000070000368        0x4 /home/douglas/rv32i/lib/gcc/riscv32-unknown-elf/10.1.0/../../../../riscv32-unknown-elf/lib/rv32i/ilp32/libc_nano.a(lib_a-nano-mallocr.o)
                0x0000000070000368                __malloc_free_list
 .sbss.__malloc_sbrk_start
                0x000000007000036c        0x4 /home/douglas/rv32i/lib/gcc/riscv32-unknown-elf/10.1.0/../../../../riscv32-unknown-elf/lib/rv32i/ilp32/libc_nano.a(lib_a-nano-mallocr.o)
                0x000000007000036c                __malloc_sbrk_start
 *(.shbss .shbss.*)
 *(COMMON)
                0x0000000070000b70                __global_pointer = (. + 0x800)
                0x0000000070000370                _ebss = .
                0x0000000070000370                . = ALIGN (0x4)

.stack          0x0000000070000370    0x5fffc
                0x0000000070000370                . = ALIGN (0x4)
                0x0000000070000370                _stack_lma = .
                0x000000007006036c                . = ((. + STACK_SIZE) - 0x4)
 *fill*         0x0000000070000370    0x5fffc 
                0x000000007006036c                _estack = .
                0x0000000070060370                . = (. + 0x4)
                0x0000000070060370                _heap_lma = .

/DISCARD/
 *(.riscv.*)
 *(.comment)
 *(.debug_*)
LOAD /tmp/cckAIdWA.o
LOAD /tmp/cc4d4YKB.o
LOAD /tmp/ccSO2Z5A.o
LOAD /tmp/ccbLYzeE.o
LOAD /tmp/cc3tIgmB.o
LOAD /home/douglas/rv32i/lib/gcc/riscv32-unknown-elf/10.1.0/rv32i/ilp32/libgcc.a
LOAD /home/douglas/rv32i/lib/gcc/riscv32-unknown-elf/10.1.0/../../../../riscv32-unknown-elf/lib/rv32i/ilp32/libc_nano.a
LOAD /home/douglas/rv32i/lib/gcc/riscv32-unknown-elf/10.1.0/rv32i/ilp32/libgcc.a
START GROUP
LOAD /home/douglas/rv32i/lib/gcc/riscv32-unknown-elf/10.1.0/rv32i/ilp32/libgcc.a
LOAD /home/douglas/rv32i/lib/gcc/riscv32-unknown-elf/10.1.0/../../../../riscv32-unknown-elf/lib/rv32i/ilp32/libc_nano.a
LOAD /home/douglas/rv32i/lib/gcc/riscv32-unknown-elf/10.1.0/../../../../riscv32-unknown-elf/lib/rv32i/ilp32/libgloss_nano.a
END GROUP
OUTPUT(/home/douglas/Projects/harv-soc/src/helloworld/out/app-smf2000-envm.o elf32-littleriscv)
