Archive member included to satisfy reference by file (symbol)

/home/douglas/rv32i/lib/gcc/riscv32-unknown-elf/10.1.0/rv32i/ilp32/libgcc.a(adddf3.o)
                              /tmp/ccfnzMMP.o (__adddf3)
/home/douglas/rv32i/lib/gcc/riscv32-unknown-elf/10.1.0/rv32i/ilp32/libgcc.a(muldf3.o)
                              /tmp/ccfnzMMP.o (__muldf3)
/home/douglas/rv32i/lib/gcc/riscv32-unknown-elf/10.1.0/rv32i/ilp32/libgcc.a(fixunsdfsi.o)
                              /tmp/ccfnzMMP.o (__fixunsdfsi)
/home/douglas/rv32i/lib/gcc/riscv32-unknown-elf/10.1.0/rv32i/ilp32/libgcc.a(floatunsidf.o)
                              /tmp/ccfnzMMP.o (__floatunsidf)
/home/douglas/rv32i/lib/gcc/riscv32-unknown-elf/10.1.0/rv32i/ilp32/libgcc.a(muldi3.o)
                              /home/douglas/rv32i/lib/gcc/riscv32-unknown-elf/10.1.0/rv32i/ilp32/libgcc.a(muldf3.o) (__mulsi3)
/home/douglas/rv32i/lib/gcc/riscv32-unknown-elf/10.1.0/rv32i/ilp32/libgcc.a(div.o)
                              /tmp/ccfnzMMP.o (__divsi3)
/home/douglas/rv32i/lib/gcc/riscv32-unknown-elf/10.1.0/rv32i/ilp32/libgcc.a(_clzsi2.o)
                              /home/douglas/rv32i/lib/gcc/riscv32-unknown-elf/10.1.0/rv32i/ilp32/libgcc.a(adddf3.o) (__clzsi2)
/home/douglas/rv32i/lib/gcc/riscv32-unknown-elf/10.1.0/rv32i/ilp32/libgcc.a(_clz.o)
                              /home/douglas/rv32i/lib/gcc/riscv32-unknown-elf/10.1.0/rv32i/ilp32/libgcc.a(_clzsi2.o) (__clz_tab)
/home/douglas/rv32i/lib/gcc/riscv32-unknown-elf/10.1.0/../../../../riscv32-unknown-elf/lib/rv32i/ilp32/libc_nano.a(lib_a-init.o)
                              /tmp/cc1RAMRQ.o (__libc_init_array)
/home/douglas/rv32i/lib/gcc/riscv32-unknown-elf/10.1.0/../../../../riscv32-unknown-elf/lib/rv32i/ilp32/libc_nano.a(lib_a-printf.o)
                              /tmp/cc1RAMRQ.o (printf)
/home/douglas/rv32i/lib/gcc/riscv32-unknown-elf/10.1.0/../../../../riscv32-unknown-elf/lib/rv32i/ilp32/libc_nano.a(lib_a-puts.o)
                              /tmp/ccij9cNN.o (puts)
/home/douglas/rv32i/lib/gcc/riscv32-unknown-elf/10.1.0/../../../../riscv32-unknown-elf/lib/rv32i/ilp32/libc_nano.a(lib_a-reent.o)
                              /tmp/ccfnzMMP.o (errno)
/home/douglas/rv32i/lib/gcc/riscv32-unknown-elf/10.1.0/../../../../riscv32-unknown-elf/lib/rv32i/ilp32/libc_nano.a(lib_a-wbuf.o)
                              /home/douglas/rv32i/lib/gcc/riscv32-unknown-elf/10.1.0/../../../../riscv32-unknown-elf/lib/rv32i/ilp32/libc_nano.a(lib_a-puts.o) (__swbuf_r)
/home/douglas/rv32i/lib/gcc/riscv32-unknown-elf/10.1.0/../../../../riscv32-unknown-elf/lib/rv32i/ilp32/libc_nano.a(lib_a-wsetup.o)
                              /home/douglas/rv32i/lib/gcc/riscv32-unknown-elf/10.1.0/../../../../riscv32-unknown-elf/lib/rv32i/ilp32/libc_nano.a(lib_a-puts.o) (__swsetup_r)
/home/douglas/rv32i/lib/gcc/riscv32-unknown-elf/10.1.0/../../../../riscv32-unknown-elf/lib/rv32i/ilp32/libc_nano.a(lib_a-fflush.o)
                              /home/douglas/rv32i/lib/gcc/riscv32-unknown-elf/10.1.0/../../../../riscv32-unknown-elf/lib/rv32i/ilp32/libc_nano.a(lib_a-wbuf.o) (_fflush_r)
/home/douglas/rv32i/lib/gcc/riscv32-unknown-elf/10.1.0/../../../../riscv32-unknown-elf/lib/rv32i/ilp32/libc_nano.a(lib_a-findfp.o)
                              /home/douglas/rv32i/lib/gcc/riscv32-unknown-elf/10.1.0/../../../../riscv32-unknown-elf/lib/rv32i/ilp32/libc_nano.a(lib_a-printf.o) (__sinit)
/home/douglas/rv32i/lib/gcc/riscv32-unknown-elf/10.1.0/../../../../riscv32-unknown-elf/lib/rv32i/ilp32/libc_nano.a(lib_a-fwalk.o)
                              /home/douglas/rv32i/lib/gcc/riscv32-unknown-elf/10.1.0/../../../../riscv32-unknown-elf/lib/rv32i/ilp32/libc_nano.a(lib_a-findfp.o) (_fwalk)
/home/douglas/rv32i/lib/gcc/riscv32-unknown-elf/10.1.0/../../../../riscv32-unknown-elf/lib/rv32i/ilp32/libc_nano.a(lib_a-impure.o)
                              /home/douglas/rv32i/lib/gcc/riscv32-unknown-elf/10.1.0/../../../../riscv32-unknown-elf/lib/rv32i/ilp32/libc_nano.a(lib_a-fflush.o) (_global_impure_ptr)
/home/douglas/rv32i/lib/gcc/riscv32-unknown-elf/10.1.0/../../../../riscv32-unknown-elf/lib/rv32i/ilp32/libc_nano.a(lib_a-makebuf.o)
                              /home/douglas/rv32i/lib/gcc/riscv32-unknown-elf/10.1.0/../../../../riscv32-unknown-elf/lib/rv32i/ilp32/libc_nano.a(lib_a-wsetup.o) (__smakebuf_r)
/home/douglas/rv32i/lib/gcc/riscv32-unknown-elf/10.1.0/../../../../riscv32-unknown-elf/lib/rv32i/ilp32/libc_nano.a(lib_a-memset.o)
                              /home/douglas/rv32i/lib/gcc/riscv32-unknown-elf/10.1.0/../../../../riscv32-unknown-elf/lib/rv32i/ilp32/libc_nano.a(lib_a-findfp.o) (memset)
/home/douglas/rv32i/lib/gcc/riscv32-unknown-elf/10.1.0/../../../../riscv32-unknown-elf/lib/rv32i/ilp32/libc_nano.a(lib_a-nano-freer.o)
                              /home/douglas/rv32i/lib/gcc/riscv32-unknown-elf/10.1.0/../../../../riscv32-unknown-elf/lib/rv32i/ilp32/libc_nano.a(lib_a-reent.o) (_free_r)
/home/douglas/rv32i/lib/gcc/riscv32-unknown-elf/10.1.0/../../../../riscv32-unknown-elf/lib/rv32i/ilp32/libc_nano.a(lib_a-nano-mallocr.o)
                              /home/douglas/rv32i/lib/gcc/riscv32-unknown-elf/10.1.0/../../../../riscv32-unknown-elf/lib/rv32i/ilp32/libc_nano.a(lib_a-findfp.o) (_malloc_r)
/home/douglas/rv32i/lib/gcc/riscv32-unknown-elf/10.1.0/../../../../riscv32-unknown-elf/lib/rv32i/ilp32/libc_nano.a(lib_a-nano-vfprintf.o)
                              /home/douglas/rv32i/lib/gcc/riscv32-unknown-elf/10.1.0/../../../../riscv32-unknown-elf/lib/rv32i/ilp32/libc_nano.a(lib_a-printf.o) (_vfprintf_r)
/home/douglas/rv32i/lib/gcc/riscv32-unknown-elf/10.1.0/../../../../riscv32-unknown-elf/lib/rv32i/ilp32/libc_nano.a(lib_a-sbrkr.o)
                              /home/douglas/rv32i/lib/gcc/riscv32-unknown-elf/10.1.0/../../../../riscv32-unknown-elf/lib/rv32i/ilp32/libc_nano.a(lib_a-nano-mallocr.o) (_sbrk_r)
/home/douglas/rv32i/lib/gcc/riscv32-unknown-elf/10.1.0/../../../../riscv32-unknown-elf/lib/rv32i/ilp32/libc_nano.a(lib_a-stdio.o)
                              /home/douglas/rv32i/lib/gcc/riscv32-unknown-elf/10.1.0/../../../../riscv32-unknown-elf/lib/rv32i/ilp32/libc_nano.a(lib_a-findfp.o) (__sread)
/home/douglas/rv32i/lib/gcc/riscv32-unknown-elf/10.1.0/../../../../riscv32-unknown-elf/lib/rv32i/ilp32/libc_nano.a(lib_a-writer.o)
                              /home/douglas/rv32i/lib/gcc/riscv32-unknown-elf/10.1.0/../../../../riscv32-unknown-elf/lib/rv32i/ilp32/libc_nano.a(lib_a-stdio.o) (_write_r)
/home/douglas/rv32i/lib/gcc/riscv32-unknown-elf/10.1.0/../../../../riscv32-unknown-elf/lib/rv32i/ilp32/libc_nano.a(lib_a-closer.o)
                              /home/douglas/rv32i/lib/gcc/riscv32-unknown-elf/10.1.0/../../../../riscv32-unknown-elf/lib/rv32i/ilp32/libc_nano.a(lib_a-stdio.o) (_close_r)
/home/douglas/rv32i/lib/gcc/riscv32-unknown-elf/10.1.0/../../../../riscv32-unknown-elf/lib/rv32i/ilp32/libc_nano.a(lib_a-fstatr.o)
                              /home/douglas/rv32i/lib/gcc/riscv32-unknown-elf/10.1.0/../../../../riscv32-unknown-elf/lib/rv32i/ilp32/libc_nano.a(lib_a-makebuf.o) (_fstat_r)
/home/douglas/rv32i/lib/gcc/riscv32-unknown-elf/10.1.0/../../../../riscv32-unknown-elf/lib/rv32i/ilp32/libc_nano.a(lib_a-fvwrite.o)
                              /home/douglas/rv32i/lib/gcc/riscv32-unknown-elf/10.1.0/../../../../riscv32-unknown-elf/lib/rv32i/ilp32/libc_nano.a(lib_a-nano-vfprintf.o) (__sfvwrite_r)
/home/douglas/rv32i/lib/gcc/riscv32-unknown-elf/10.1.0/../../../../riscv32-unknown-elf/lib/rv32i/ilp32/libc_nano.a(lib_a-isattyr.o)
                              /home/douglas/rv32i/lib/gcc/riscv32-unknown-elf/10.1.0/../../../../riscv32-unknown-elf/lib/rv32i/ilp32/libc_nano.a(lib_a-makebuf.o) (_isatty_r)
/home/douglas/rv32i/lib/gcc/riscv32-unknown-elf/10.1.0/../../../../riscv32-unknown-elf/lib/rv32i/ilp32/libc_nano.a(lib_a-lseekr.o)
                              /home/douglas/rv32i/lib/gcc/riscv32-unknown-elf/10.1.0/../../../../riscv32-unknown-elf/lib/rv32i/ilp32/libc_nano.a(lib_a-stdio.o) (_lseek_r)
/home/douglas/rv32i/lib/gcc/riscv32-unknown-elf/10.1.0/../../../../riscv32-unknown-elf/lib/rv32i/ilp32/libc_nano.a(lib_a-memchr.o)
                              /home/douglas/rv32i/lib/gcc/riscv32-unknown-elf/10.1.0/../../../../riscv32-unknown-elf/lib/rv32i/ilp32/libc_nano.a(lib_a-nano-vfprintf.o) (memchr)
/home/douglas/rv32i/lib/gcc/riscv32-unknown-elf/10.1.0/../../../../riscv32-unknown-elf/lib/rv32i/ilp32/libc_nano.a(lib_a-memcpy-asm.o)
                              /home/douglas/rv32i/lib/gcc/riscv32-unknown-elf/10.1.0/../../../../riscv32-unknown-elf/lib/rv32i/ilp32/libc_nano.a(lib_a-fvwrite.o) (memcpy)
/home/douglas/rv32i/lib/gcc/riscv32-unknown-elf/10.1.0/../../../../riscv32-unknown-elf/lib/rv32i/ilp32/libc_nano.a(lib_a-memmove.o)
                              /home/douglas/rv32i/lib/gcc/riscv32-unknown-elf/10.1.0/../../../../riscv32-unknown-elf/lib/rv32i/ilp32/libc_nano.a(lib_a-fvwrite.o) (memmove)
/home/douglas/rv32i/lib/gcc/riscv32-unknown-elf/10.1.0/../../../../riscv32-unknown-elf/lib/rv32i/ilp32/libc_nano.a(lib_a-mlock.o)
                              /home/douglas/rv32i/lib/gcc/riscv32-unknown-elf/10.1.0/../../../../riscv32-unknown-elf/lib/rv32i/ilp32/libc_nano.a(lib_a-nano-freer.o) (__malloc_lock)
/home/douglas/rv32i/lib/gcc/riscv32-unknown-elf/10.1.0/../../../../riscv32-unknown-elf/lib/rv32i/ilp32/libc_nano.a(lib_a-nano-reallocr.o)
                              /home/douglas/rv32i/lib/gcc/riscv32-unknown-elf/10.1.0/../../../../riscv32-unknown-elf/lib/rv32i/ilp32/libc_nano.a(lib_a-fvwrite.o) (_realloc_r)
/home/douglas/rv32i/lib/gcc/riscv32-unknown-elf/10.1.0/../../../../riscv32-unknown-elf/lib/rv32i/ilp32/libc_nano.a(lib_a-nano-vfprintf_i.o)
                              /home/douglas/rv32i/lib/gcc/riscv32-unknown-elf/10.1.0/../../../../riscv32-unknown-elf/lib/rv32i/ilp32/libc_nano.a(lib_a-nano-vfprintf.o) (_printf_i)
/home/douglas/rv32i/lib/gcc/riscv32-unknown-elf/10.1.0/../../../../riscv32-unknown-elf/lib/rv32i/ilp32/libc_nano.a(lib_a-readr.o)
                              /home/douglas/rv32i/lib/gcc/riscv32-unknown-elf/10.1.0/../../../../riscv32-unknown-elf/lib/rv32i/ilp32/libc_nano.a(lib_a-stdio.o) (_read_r)
/home/douglas/rv32i/lib/gcc/riscv32-unknown-elf/10.1.0/../../../../riscv32-unknown-elf/lib/rv32i/ilp32/libc_nano.a(lib_a-nano-msizer.o)
                              /home/douglas/rv32i/lib/gcc/riscv32-unknown-elf/10.1.0/../../../../riscv32-unknown-elf/lib/rv32i/ilp32/libc_nano.a(lib_a-nano-reallocr.o) (_malloc_usable_size_r)

Discarded input sections

 .riscv.attributes
                0x0000000000000000       0x1e /tmp/cc1RAMRQ.o
 .comment       0x0000000000000000       0x13 /tmp/ccfnzMMP.o
 .riscv.attributes
                0x0000000000000000       0x20 /tmp/ccfnzMMP.o
 .comment       0x0000000000000000       0x13 /tmp/ccCpP98O.o
 .riscv.attributes
                0x0000000000000000       0x1c /tmp/ccCpP98O.o
 .comment       0x0000000000000000       0x13 /tmp/ccqM5tQO.o
 .riscv.attributes
                0x0000000000000000       0x20 /tmp/ccqM5tQO.o
 .comment       0x0000000000000000       0x13 /tmp/ccij9cNN.o
 .riscv.attributes
                0x0000000000000000       0x1c /tmp/ccij9cNN.o
 .debug_info    0x0000000000000000      0x581 /home/douglas/rv32i/lib/gcc/riscv32-unknown-elf/10.1.0/rv32i/ilp32/libgcc.a(adddf3.o)
 .debug_abbrev  0x0000000000000000      0x173 /home/douglas/rv32i/lib/gcc/riscv32-unknown-elf/10.1.0/rv32i/ilp32/libgcc.a(adddf3.o)
 .debug_loc     0x0000000000000000     0x11ec /home/douglas/rv32i/lib/gcc/riscv32-unknown-elf/10.1.0/rv32i/ilp32/libgcc.a(adddf3.o)
 .debug_aranges
                0x0000000000000000       0x20 /home/douglas/rv32i/lib/gcc/riscv32-unknown-elf/10.1.0/rv32i/ilp32/libgcc.a(adddf3.o)
 .debug_ranges  0x0000000000000000      0x248 /home/douglas/rv32i/lib/gcc/riscv32-unknown-elf/10.1.0/rv32i/ilp32/libgcc.a(adddf3.o)
 .debug_line    0x0000000000000000     0x1013 /home/douglas/rv32i/lib/gcc/riscv32-unknown-elf/10.1.0/rv32i/ilp32/libgcc.a(adddf3.o)
 .debug_str     0x0000000000000000      0x345 /home/douglas/rv32i/lib/gcc/riscv32-unknown-elf/10.1.0/rv32i/ilp32/libgcc.a(adddf3.o)
 .comment       0x0000000000000000       0x13 /home/douglas/rv32i/lib/gcc/riscv32-unknown-elf/10.1.0/rv32i/ilp32/libgcc.a(adddf3.o)
 .debug_frame   0x0000000000000000       0x44 /home/douglas/rv32i/lib/gcc/riscv32-unknown-elf/10.1.0/rv32i/ilp32/libgcc.a(adddf3.o)
 .riscv.attributes
                0x0000000000000000       0x1c /home/douglas/rv32i/lib/gcc/riscv32-unknown-elf/10.1.0/rv32i/ilp32/libgcc.a(adddf3.o)
 .debug_info    0x0000000000000000      0x9e6 /home/douglas/rv32i/lib/gcc/riscv32-unknown-elf/10.1.0/rv32i/ilp32/libgcc.a(muldf3.o)
 .debug_abbrev  0x0000000000000000      0x196 /home/douglas/rv32i/lib/gcc/riscv32-unknown-elf/10.1.0/rv32i/ilp32/libgcc.a(muldf3.o)
 .debug_loc     0x0000000000000000      0xde7 /home/douglas/rv32i/lib/gcc/riscv32-unknown-elf/10.1.0/rv32i/ilp32/libgcc.a(muldf3.o)
 .debug_aranges
                0x0000000000000000       0x20 /home/douglas/rv32i/lib/gcc/riscv32-unknown-elf/10.1.0/rv32i/ilp32/libgcc.a(muldf3.o)
 .debug_ranges  0x0000000000000000      0x228 /home/douglas/rv32i/lib/gcc/riscv32-unknown-elf/10.1.0/rv32i/ilp32/libgcc.a(muldf3.o)
 .debug_line    0x0000000000000000     0x1025 /home/douglas/rv32i/lib/gcc/riscv32-unknown-elf/10.1.0/rv32i/ilp32/libgcc.a(muldf3.o)
 .debug_str     0x0000000000000000      0x46b /home/douglas/rv32i/lib/gcc/riscv32-unknown-elf/10.1.0/rv32i/ilp32/libgcc.a(muldf3.o)
 .comment       0x0000000000000000       0x13 /home/douglas/rv32i/lib/gcc/riscv32-unknown-elf/10.1.0/rv32i/ilp32/libgcc.a(muldf3.o)
 .debug_frame   0x0000000000000000       0x54 /home/douglas/rv32i/lib/gcc/riscv32-unknown-elf/10.1.0/rv32i/ilp32/libgcc.a(muldf3.o)
 .riscv.attributes
                0x0000000000000000       0x1c /home/douglas/rv32i/lib/gcc/riscv32-unknown-elf/10.1.0/rv32i/ilp32/libgcc.a(muldf3.o)
 .debug_info    0x0000000000000000      0x1d5 /home/douglas/rv32i/lib/gcc/riscv32-unknown-elf/10.1.0/rv32i/ilp32/libgcc.a(fixunsdfsi.o)
 .debug_abbrev  0x0000000000000000      0x15e /home/douglas/rv32i/lib/gcc/riscv32-unknown-elf/10.1.0/rv32i/ilp32/libgcc.a(fixunsdfsi.o)
 .debug_loc     0x0000000000000000       0xe7 /home/douglas/rv32i/lib/gcc/riscv32-unknown-elf/10.1.0/rv32i/ilp32/libgcc.a(fixunsdfsi.o)
 .debug_aranges
                0x0000000000000000       0x20 /home/douglas/rv32i/lib/gcc/riscv32-unknown-elf/10.1.0/rv32i/ilp32/libgcc.a(fixunsdfsi.o)
 .debug_ranges  0x0000000000000000       0x20 /home/douglas/rv32i/lib/gcc/riscv32-unknown-elf/10.1.0/rv32i/ilp32/libgcc.a(fixunsdfsi.o)
 .debug_line    0x0000000000000000      0x1a5 /home/douglas/rv32i/lib/gcc/riscv32-unknown-elf/10.1.0/rv32i/ilp32/libgcc.a(fixunsdfsi.o)
 .debug_str     0x0000000000000000      0x252 /home/douglas/rv32i/lib/gcc/riscv32-unknown-elf/10.1.0/rv32i/ilp32/libgcc.a(fixunsdfsi.o)
 .comment       0x0000000000000000       0x13 /home/douglas/rv32i/lib/gcc/riscv32-unknown-elf/10.1.0/rv32i/ilp32/libgcc.a(fixunsdfsi.o)
 .debug_frame   0x0000000000000000       0x20 /home/douglas/rv32i/lib/gcc/riscv32-unknown-elf/10.1.0/rv32i/ilp32/libgcc.a(fixunsdfsi.o)
 .riscv.attributes
                0x0000000000000000       0x1c /home/douglas/rv32i/lib/gcc/riscv32-unknown-elf/10.1.0/rv32i/ilp32/libgcc.a(fixunsdfsi.o)
 .debug_info    0x0000000000000000      0x28e /home/douglas/rv32i/lib/gcc/riscv32-unknown-elf/10.1.0/rv32i/ilp32/libgcc.a(floatunsidf.o)
 .debug_abbrev  0x0000000000000000      0x164 /home/douglas/rv32i/lib/gcc/riscv32-unknown-elf/10.1.0/rv32i/ilp32/libgcc.a(floatunsidf.o)
 .debug_loc     0x0000000000000000      0x14f /home/douglas/rv32i/lib/gcc/riscv32-unknown-elf/10.1.0/rv32i/ilp32/libgcc.a(floatunsidf.o)
 .debug_aranges
                0x0000000000000000       0x20 /home/douglas/rv32i/lib/gcc/riscv32-unknown-elf/10.1.0/rv32i/ilp32/libgcc.a(floatunsidf.o)
 .debug_ranges  0x0000000000000000       0x70 /home/douglas/rv32i/lib/gcc/riscv32-unknown-elf/10.1.0/rv32i/ilp32/libgcc.a(floatunsidf.o)
 .debug_line    0x0000000000000000      0x26e /home/douglas/rv32i/lib/gcc/riscv32-unknown-elf/10.1.0/rv32i/ilp32/libgcc.a(floatunsidf.o)
 .debug_str     0x0000000000000000      0x2ef /home/douglas/rv32i/lib/gcc/riscv32-unknown-elf/10.1.0/rv32i/ilp32/libgcc.a(floatunsidf.o)
 .comment       0x0000000000000000       0x13 /home/douglas/rv32i/lib/gcc/riscv32-unknown-elf/10.1.0/rv32i/ilp32/libgcc.a(floatunsidf.o)
 .debug_frame   0x0000000000000000       0x34 /home/douglas/rv32i/lib/gcc/riscv32-unknown-elf/10.1.0/rv32i/ilp32/libgcc.a(floatunsidf.o)
 .riscv.attributes
                0x0000000000000000       0x1c /home/douglas/rv32i/lib/gcc/riscv32-unknown-elf/10.1.0/rv32i/ilp32/libgcc.a(floatunsidf.o)
 .debug_line    0x0000000000000000       0x98 /home/douglas/rv32i/lib/gcc/riscv32-unknown-elf/10.1.0/rv32i/ilp32/libgcc.a(muldi3.o)
 .debug_info    0x0000000000000000       0x26 /home/douglas/rv32i/lib/gcc/riscv32-unknown-elf/10.1.0/rv32i/ilp32/libgcc.a(muldi3.o)
 .debug_abbrev  0x0000000000000000       0x14 /home/douglas/rv32i/lib/gcc/riscv32-unknown-elf/10.1.0/rv32i/ilp32/libgcc.a(muldi3.o)
 .debug_aranges
                0x0000000000000000       0x20 /home/douglas/rv32i/lib/gcc/riscv32-unknown-elf/10.1.0/rv32i/ilp32/libgcc.a(muldi3.o)
 .debug_str     0x0000000000000000       0xb7 /home/douglas/rv32i/lib/gcc/riscv32-unknown-elf/10.1.0/rv32i/ilp32/libgcc.a(muldi3.o)
 .riscv.attributes
                0x0000000000000000       0x1a /home/douglas/rv32i/lib/gcc/riscv32-unknown-elf/10.1.0/rv32i/ilp32/libgcc.a(muldi3.o)
 .debug_line    0x0000000000000000      0x16e /home/douglas/rv32i/lib/gcc/riscv32-unknown-elf/10.1.0/rv32i/ilp32/libgcc.a(div.o)
 .debug_info    0x0000000000000000       0x26 /home/douglas/rv32i/lib/gcc/riscv32-unknown-elf/10.1.0/rv32i/ilp32/libgcc.a(div.o)
 .debug_abbrev  0x0000000000000000       0x14 /home/douglas/rv32i/lib/gcc/riscv32-unknown-elf/10.1.0/rv32i/ilp32/libgcc.a(div.o)
 .debug_aranges
                0x0000000000000000       0x20 /home/douglas/rv32i/lib/gcc/riscv32-unknown-elf/10.1.0/rv32i/ilp32/libgcc.a(div.o)
 .debug_str     0x0000000000000000       0xb4 /home/douglas/rv32i/lib/gcc/riscv32-unknown-elf/10.1.0/rv32i/ilp32/libgcc.a(div.o)
 .riscv.attributes
                0x0000000000000000       0x1a /home/douglas/rv32i/lib/gcc/riscv32-unknown-elf/10.1.0/rv32i/ilp32/libgcc.a(div.o)
 .debug_info    0x0000000000000000      0x144 /home/douglas/rv32i/lib/gcc/riscv32-unknown-elf/10.1.0/rv32i/ilp32/libgcc.a(_clzsi2.o)
 .debug_abbrev  0x0000000000000000       0xca /home/douglas/rv32i/lib/gcc/riscv32-unknown-elf/10.1.0/rv32i/ilp32/libgcc.a(_clzsi2.o)
 .debug_loc     0x0000000000000000       0x6b /home/douglas/rv32i/lib/gcc/riscv32-unknown-elf/10.1.0/rv32i/ilp32/libgcc.a(_clzsi2.o)
 .debug_aranges
                0x0000000000000000       0x20 /home/douglas/rv32i/lib/gcc/riscv32-unknown-elf/10.1.0/rv32i/ilp32/libgcc.a(_clzsi2.o)
 .debug_ranges  0x0000000000000000       0x20 /home/douglas/rv32i/lib/gcc/riscv32-unknown-elf/10.1.0/rv32i/ilp32/libgcc.a(_clzsi2.o)
 .debug_line    0x0000000000000000       0xe5 /home/douglas/rv32i/lib/gcc/riscv32-unknown-elf/10.1.0/rv32i/ilp32/libgcc.a(_clzsi2.o)
 .debug_str     0x0000000000000000      0x24e /home/douglas/rv32i/lib/gcc/riscv32-unknown-elf/10.1.0/rv32i/ilp32/libgcc.a(_clzsi2.o)
 .comment       0x0000000000000000       0x13 /home/douglas/rv32i/lib/gcc/riscv32-unknown-elf/10.1.0/rv32i/ilp32/libgcc.a(_clzsi2.o)
 .debug_frame   0x0000000000000000       0x20 /home/douglas/rv32i/lib/gcc/riscv32-unknown-elf/10.1.0/rv32i/ilp32/libgcc.a(_clzsi2.o)
 .riscv.attributes
                0x0000000000000000       0x1c /home/douglas/rv32i/lib/gcc/riscv32-unknown-elf/10.1.0/rv32i/ilp32/libgcc.a(_clzsi2.o)
 .debug_info    0x0000000000000000       0xd7 /home/douglas/rv32i/lib/gcc/riscv32-unknown-elf/10.1.0/rv32i/ilp32/libgcc.a(_clz.o)
 .debug_abbrev  0x0000000000000000       0x70 /home/douglas/rv32i/lib/gcc/riscv32-unknown-elf/10.1.0/rv32i/ilp32/libgcc.a(_clz.o)
 .debug_aranges
                0x0000000000000000       0x18 /home/douglas/rv32i/lib/gcc/riscv32-unknown-elf/10.1.0/rv32i/ilp32/libgcc.a(_clz.o)
 .debug_line    0x0000000000000000       0x59 /home/douglas/rv32i/lib/gcc/riscv32-unknown-elf/10.1.0/rv32i/ilp32/libgcc.a(_clz.o)
 .debug_str     0x0000000000000000      0x231 /home/douglas/rv32i/lib/gcc/riscv32-unknown-elf/10.1.0/rv32i/ilp32/libgcc.a(_clz.o)
 .comment       0x0000000000000000       0x13 /home/douglas/rv32i/lib/gcc/riscv32-unknown-elf/10.1.0/rv32i/ilp32/libgcc.a(_clz.o)
 .riscv.attributes
                0x0000000000000000       0x1c /home/douglas/rv32i/lib/gcc/riscv32-unknown-elf/10.1.0/rv32i/ilp32/libgcc.a(_clz.o)
 .comment       0x0000000000000000       0x13 /home/douglas/rv32i/lib/gcc/riscv32-unknown-elf/10.1.0/../../../../riscv32-unknown-elf/lib/rv32i/ilp32/libc_nano.a(lib_a-init.o)
 .riscv.attributes
                0x0000000000000000       0x1c /home/douglas/rv32i/lib/gcc/riscv32-unknown-elf/10.1.0/../../../../riscv32-unknown-elf/lib/rv32i/ilp32/libc_nano.a(lib_a-init.o)
 .comment       0x0000000000000000       0x13 /home/douglas/rv32i/lib/gcc/riscv32-unknown-elf/10.1.0/../../../../riscv32-unknown-elf/lib/rv32i/ilp32/libc_nano.a(lib_a-printf.o)
 .riscv.attributes
                0x0000000000000000       0x1c /home/douglas/rv32i/lib/gcc/riscv32-unknown-elf/10.1.0/../../../../riscv32-unknown-elf/lib/rv32i/ilp32/libc_nano.a(lib_a-printf.o)
 .comment       0x0000000000000000       0x13 /home/douglas/rv32i/lib/gcc/riscv32-unknown-elf/10.1.0/../../../../riscv32-unknown-elf/lib/rv32i/ilp32/libc_nano.a(lib_a-puts.o)
 .riscv.attributes
                0x0000000000000000       0x1c /home/douglas/rv32i/lib/gcc/riscv32-unknown-elf/10.1.0/../../../../riscv32-unknown-elf/lib/rv32i/ilp32/libc_nano.a(lib_a-puts.o)
 .comment       0x0000000000000000       0x13 /home/douglas/rv32i/lib/gcc/riscv32-unknown-elf/10.1.0/../../../../riscv32-unknown-elf/lib/rv32i/ilp32/libc_nano.a(lib_a-reent.o)
 .riscv.attributes
                0x0000000000000000       0x1c /home/douglas/rv32i/lib/gcc/riscv32-unknown-elf/10.1.0/../../../../riscv32-unknown-elf/lib/rv32i/ilp32/libc_nano.a(lib_a-reent.o)
 .comment       0x0000000000000000       0x13 /home/douglas/rv32i/lib/gcc/riscv32-unknown-elf/10.1.0/../../../../riscv32-unknown-elf/lib/rv32i/ilp32/libc_nano.a(lib_a-wbuf.o)
 .riscv.attributes
                0x0000000000000000       0x1c /home/douglas/rv32i/lib/gcc/riscv32-unknown-elf/10.1.0/../../../../riscv32-unknown-elf/lib/rv32i/ilp32/libc_nano.a(lib_a-wbuf.o)
 .comment       0x0000000000000000       0x13 /home/douglas/rv32i/lib/gcc/riscv32-unknown-elf/10.1.0/../../../../riscv32-unknown-elf/lib/rv32i/ilp32/libc_nano.a(lib_a-wsetup.o)
 .riscv.attributes
                0x0000000000000000       0x1c /home/douglas/rv32i/lib/gcc/riscv32-unknown-elf/10.1.0/../../../../riscv32-unknown-elf/lib/rv32i/ilp32/libc_nano.a(lib_a-wsetup.o)
 .comment       0x0000000000000000       0x13 /home/douglas/rv32i/lib/gcc/riscv32-unknown-elf/10.1.0/../../../../riscv32-unknown-elf/lib/rv32i/ilp32/libc_nano.a(lib_a-fflush.o)
 .riscv.attributes
                0x0000000000000000       0x1c /home/douglas/rv32i/lib/gcc/riscv32-unknown-elf/10.1.0/../../../../riscv32-unknown-elf/lib/rv32i/ilp32/libc_nano.a(lib_a-fflush.o)
 .comment       0x0000000000000000       0x13 /home/douglas/rv32i/lib/gcc/riscv32-unknown-elf/10.1.0/../../../../riscv32-unknown-elf/lib/rv32i/ilp32/libc_nano.a(lib_a-findfp.o)
 .riscv.attributes
                0x0000000000000000       0x1c /home/douglas/rv32i/lib/gcc/riscv32-unknown-elf/10.1.0/../../../../riscv32-unknown-elf/lib/rv32i/ilp32/libc_nano.a(lib_a-findfp.o)
 .comment       0x0000000000000000       0x13 /home/douglas/rv32i/lib/gcc/riscv32-unknown-elf/10.1.0/../../../../riscv32-unknown-elf/lib/rv32i/ilp32/libc_nano.a(lib_a-fwalk.o)
 .riscv.attributes
                0x0000000000000000       0x1c /home/douglas/rv32i/lib/gcc/riscv32-unknown-elf/10.1.0/../../../../riscv32-unknown-elf/lib/rv32i/ilp32/libc_nano.a(lib_a-fwalk.o)
 .comment       0x0000000000000000       0x13 /home/douglas/rv32i/lib/gcc/riscv32-unknown-elf/10.1.0/../../../../riscv32-unknown-elf/lib/rv32i/ilp32/libc_nano.a(lib_a-impure.o)
 .riscv.attributes
                0x0000000000000000       0x1c /home/douglas/rv32i/lib/gcc/riscv32-unknown-elf/10.1.0/../../../../riscv32-unknown-elf/lib/rv32i/ilp32/libc_nano.a(lib_a-impure.o)
 .comment       0x0000000000000000       0x13 /home/douglas/rv32i/lib/gcc/riscv32-unknown-elf/10.1.0/../../../../riscv32-unknown-elf/lib/rv32i/ilp32/libc_nano.a(lib_a-makebuf.o)
 .riscv.attributes
                0x0000000000000000       0x1c /home/douglas/rv32i/lib/gcc/riscv32-unknown-elf/10.1.0/../../../../riscv32-unknown-elf/lib/rv32i/ilp32/libc_nano.a(lib_a-makebuf.o)
 .riscv.attributes
                0x0000000000000000       0x1a /home/douglas/rv32i/lib/gcc/riscv32-unknown-elf/10.1.0/../../../../riscv32-unknown-elf/lib/rv32i/ilp32/libc_nano.a(lib_a-memset.o)
 .comment       0x0000000000000000       0x13 /home/douglas/rv32i/lib/gcc/riscv32-unknown-elf/10.1.0/../../../../riscv32-unknown-elf/lib/rv32i/ilp32/libc_nano.a(lib_a-nano-freer.o)
 .riscv.attributes
                0x0000000000000000       0x1c /home/douglas/rv32i/lib/gcc/riscv32-unknown-elf/10.1.0/../../../../riscv32-unknown-elf/lib/rv32i/ilp32/libc_nano.a(lib_a-nano-freer.o)
 .comment       0x0000000000000000       0x13 /home/douglas/rv32i/lib/gcc/riscv32-unknown-elf/10.1.0/../../../../riscv32-unknown-elf/lib/rv32i/ilp32/libc_nano.a(lib_a-nano-mallocr.o)
 .riscv.attributes
                0x0000000000000000       0x1c /home/douglas/rv32i/lib/gcc/riscv32-unknown-elf/10.1.0/../../../../riscv32-unknown-elf/lib/rv32i/ilp32/libc_nano.a(lib_a-nano-mallocr.o)
 .comment       0x0000000000000000       0x13 /home/douglas/rv32i/lib/gcc/riscv32-unknown-elf/10.1.0/../../../../riscv32-unknown-elf/lib/rv32i/ilp32/libc_nano.a(lib_a-nano-vfprintf.o)
 .riscv.attributes
                0x0000000000000000       0x1c /home/douglas/rv32i/lib/gcc/riscv32-unknown-elf/10.1.0/../../../../riscv32-unknown-elf/lib/rv32i/ilp32/libc_nano.a(lib_a-nano-vfprintf.o)
 .comment       0x0000000000000000       0x13 /home/douglas/rv32i/lib/gcc/riscv32-unknown-elf/10.1.0/../../../../riscv32-unknown-elf/lib/rv32i/ilp32/libc_nano.a(lib_a-sbrkr.o)
 .riscv.attributes
                0x0000000000000000       0x1c /home/douglas/rv32i/lib/gcc/riscv32-unknown-elf/10.1.0/../../../../riscv32-unknown-elf/lib/rv32i/ilp32/libc_nano.a(lib_a-sbrkr.o)
 .comment       0x0000000000000000       0x13 /home/douglas/rv32i/lib/gcc/riscv32-unknown-elf/10.1.0/../../../../riscv32-unknown-elf/lib/rv32i/ilp32/libc_nano.a(lib_a-stdio.o)
 .riscv.attributes
                0x0000000000000000       0x1c /home/douglas/rv32i/lib/gcc/riscv32-unknown-elf/10.1.0/../../../../riscv32-unknown-elf/lib/rv32i/ilp32/libc_nano.a(lib_a-stdio.o)
 .comment       0x0000000000000000       0x13 /home/douglas/rv32i/lib/gcc/riscv32-unknown-elf/10.1.0/../../../../riscv32-unknown-elf/lib/rv32i/ilp32/libc_nano.a(lib_a-writer.o)
 .riscv.attributes
                0x0000000000000000       0x1c /home/douglas/rv32i/lib/gcc/riscv32-unknown-elf/10.1.0/../../../../riscv32-unknown-elf/lib/rv32i/ilp32/libc_nano.a(lib_a-writer.o)
 .comment       0x0000000000000000       0x13 /home/douglas/rv32i/lib/gcc/riscv32-unknown-elf/10.1.0/../../../../riscv32-unknown-elf/lib/rv32i/ilp32/libc_nano.a(lib_a-closer.o)
 .riscv.attributes
                0x0000000000000000       0x1c /home/douglas/rv32i/lib/gcc/riscv32-unknown-elf/10.1.0/../../../../riscv32-unknown-elf/lib/rv32i/ilp32/libc_nano.a(lib_a-closer.o)
 .comment       0x0000000000000000       0x13 /home/douglas/rv32i/lib/gcc/riscv32-unknown-elf/10.1.0/../../../../riscv32-unknown-elf/lib/rv32i/ilp32/libc_nano.a(lib_a-fstatr.o)
 .riscv.attributes
                0x0000000000000000       0x1c /home/douglas/rv32i/lib/gcc/riscv32-unknown-elf/10.1.0/../../../../riscv32-unknown-elf/lib/rv32i/ilp32/libc_nano.a(lib_a-fstatr.o)
 .comment       0x0000000000000000       0x13 /home/douglas/rv32i/lib/gcc/riscv32-unknown-elf/10.1.0/../../../../riscv32-unknown-elf/lib/rv32i/ilp32/libc_nano.a(lib_a-fvwrite.o)
 .riscv.attributes
                0x0000000000000000       0x1c /home/douglas/rv32i/lib/gcc/riscv32-unknown-elf/10.1.0/../../../../riscv32-unknown-elf/lib/rv32i/ilp32/libc_nano.a(lib_a-fvwrite.o)
 .comment       0x0000000000000000       0x13 /home/douglas/rv32i/lib/gcc/riscv32-unknown-elf/10.1.0/../../../../riscv32-unknown-elf/lib/rv32i/ilp32/libc_nano.a(lib_a-isattyr.o)
 .riscv.attributes
                0x0000000000000000       0x1c /home/douglas/rv32i/lib/gcc/riscv32-unknown-elf/10.1.0/../../../../riscv32-unknown-elf/lib/rv32i/ilp32/libc_nano.a(lib_a-isattyr.o)
 .comment       0x0000000000000000       0x13 /home/douglas/rv32i/lib/gcc/riscv32-unknown-elf/10.1.0/../../../../riscv32-unknown-elf/lib/rv32i/ilp32/libc_nano.a(lib_a-lseekr.o)
 .riscv.attributes
                0x0000000000000000       0x1c /home/douglas/rv32i/lib/gcc/riscv32-unknown-elf/10.1.0/../../../../riscv32-unknown-elf/lib/rv32i/ilp32/libc_nano.a(lib_a-lseekr.o)
 .comment       0x0000000000000000       0x13 /home/douglas/rv32i/lib/gcc/riscv32-unknown-elf/10.1.0/../../../../riscv32-unknown-elf/lib/rv32i/ilp32/libc_nano.a(lib_a-memchr.o)
 .riscv.attributes
                0x0000000000000000       0x1c /home/douglas/rv32i/lib/gcc/riscv32-unknown-elf/10.1.0/../../../../riscv32-unknown-elf/lib/rv32i/ilp32/libc_nano.a(lib_a-memchr.o)
 .riscv.attributes
                0x0000000000000000       0x1a /home/douglas/rv32i/lib/gcc/riscv32-unknown-elf/10.1.0/../../../../riscv32-unknown-elf/lib/rv32i/ilp32/libc_nano.a(lib_a-memcpy-asm.o)
 .riscv.attributes
                0x0000000000000000       0x1a /home/douglas/rv32i/lib/gcc/riscv32-unknown-elf/10.1.0/../../../../riscv32-unknown-elf/lib/rv32i/ilp32/libc_nano.a(lib_a-memmove.o)
 .comment       0x0000000000000000       0x13 /home/douglas/rv32i/lib/gcc/riscv32-unknown-elf/10.1.0/../../../../riscv32-unknown-elf/lib/rv32i/ilp32/libc_nano.a(lib_a-mlock.o)
 .riscv.attributes
                0x0000000000000000       0x1c /home/douglas/rv32i/lib/gcc/riscv32-unknown-elf/10.1.0/../../../../riscv32-unknown-elf/lib/rv32i/ilp32/libc_nano.a(lib_a-mlock.o)
 .comment       0x0000000000000000       0x13 /home/douglas/rv32i/lib/gcc/riscv32-unknown-elf/10.1.0/../../../../riscv32-unknown-elf/lib/rv32i/ilp32/libc_nano.a(lib_a-nano-reallocr.o)
 .riscv.attributes
                0x0000000000000000       0x1c /home/douglas/rv32i/lib/gcc/riscv32-unknown-elf/10.1.0/../../../../riscv32-unknown-elf/lib/rv32i/ilp32/libc_nano.a(lib_a-nano-reallocr.o)
 .comment       0x0000000000000000       0x13 /home/douglas/rv32i/lib/gcc/riscv32-unknown-elf/10.1.0/../../../../riscv32-unknown-elf/lib/rv32i/ilp32/libc_nano.a(lib_a-nano-vfprintf_i.o)
 .riscv.attributes
                0x0000000000000000       0x1c /home/douglas/rv32i/lib/gcc/riscv32-unknown-elf/10.1.0/../../../../riscv32-unknown-elf/lib/rv32i/ilp32/libc_nano.a(lib_a-nano-vfprintf_i.o)
 .comment       0x0000000000000000       0x13 /home/douglas/rv32i/lib/gcc/riscv32-unknown-elf/10.1.0/../../../../riscv32-unknown-elf/lib/rv32i/ilp32/libc_nano.a(lib_a-readr.o)
 .riscv.attributes
                0x0000000000000000       0x1c /home/douglas/rv32i/lib/gcc/riscv32-unknown-elf/10.1.0/../../../../riscv32-unknown-elf/lib/rv32i/ilp32/libc_nano.a(lib_a-readr.o)
 .comment       0x0000000000000000       0x13 /home/douglas/rv32i/lib/gcc/riscv32-unknown-elf/10.1.0/../../../../riscv32-unknown-elf/lib/rv32i/ilp32/libc_nano.a(lib_a-nano-msizer.o)
 .riscv.attributes
                0x0000000000000000       0x1c /home/douglas/rv32i/lib/gcc/riscv32-unknown-elf/10.1.0/../../../../riscv32-unknown-elf/lib/rv32i/ilp32/libc_nano.a(lib_a-nano-msizer.o)

Memory Configuration

Name             Origin             Length             Attributes
ram              0x0000000070000000 0x0000000000080000 xrw
*default*        0x0000000000000000 0xffffffffffffffff

Linker script and memory map

                0x000000007007ffff                RAM_HIGH_ADDR = 0x7007ffff
START GROUP
LOAD /home/douglas/rv32i/lib/gcc/riscv32-unknown-elf/10.1.0/../../../../riscv32-unknown-elf/lib/rv32i/ilp32/libc.a
LOAD /home/douglas/rv32i/lib/gcc/riscv32-unknown-elf/10.1.0/../../../../riscv32-unknown-elf/lib/rv32i/ilp32/libgloss.a
LOAD /home/douglas/rv32i/lib/gcc/riscv32-unknown-elf/10.1.0/rv32i/ilp32/libgcc.a
LOAD /home/douglas/rv32i/lib/gcc/riscv32-unknown-elf/10.1.0/../../../../riscv32-unknown-elf/lib/rv32i/ilp32/libsupc++.a
END GROUP
                0x0000000070000000                RAM_BASE_ADDR = 0x70000000
                0x000000007007ffff                RAM_HIGH_ADDR = DEFINED (RAM_HIGH_ADDR)?RAM_HIGH_ADDR:0x705fffff
                0x0000000000080000                RAM_SIZE = ((RAM_HIGH_ADDR - RAM_BASE_ADDR) + 0x1)
                0x0000000000008000                STACK_SIZE = (RAM_SIZE / 0x10)

.init           0x0000000070000000      0x480
                0x0000000070000000                __init_start = .
                0x0000000070000000                . = ALIGN (0x8)
 *(.init*)
 .init          0x0000000070000000      0x480 /tmp/cc1RAMRQ.o
                0x0000000070000000                _start

.text           0x0000000070000480     0x4334
 *(.text*)
 .text          0x0000000070000480        0x0 /tmp/cc1RAMRQ.o
 .text          0x0000000070000480      0x7ec /tmp/ccfnzMMP.o
                0x0000000070000480                _putchar
                0x00000000700004e4                _getchar
                0x000000007000051c                _write
                0x0000000070000588                _read
                0x0000000070000628                exit
                0x0000000070000744                clock
                0x000000007000076c                clock_high
                0x0000000070000794                usleep
                0x00000000700008a0                _execve
                0x00000000700008d8                _fork
                0x0000000070000904                _fstat
                0x0000000070000938                _getpid
                0x0000000070000958                _isatty
                0x000000007000097c                _kill
                0x00000000700009b0                _link
                0x00000000700009e4                _lseek
                0x0000000070000a10                _open
                0x0000000070000a3c                _close
                0x0000000070000a60                _sbrk
                0x0000000070000b0c                _stat
                0x0000000070000b40                _times
                0x0000000070000b64                _unlink
                0x0000000070000b94                _wait
                0x0000000070000bc4                _write_hex
 .text          0x0000000070000c6c      0x2a0 /tmp/ccCpP98O.o
                0x0000000070000c6c                uart_init
                0x0000000070000cc4                get_uart_baud_div
                0x0000000070000cec                get_uart_parity
                0x0000000070000d14                get_uart_rtscts
                0x0000000070000d3c                get_uart_status
                0x0000000070000d64                wdt_feed
                0x0000000070000d9c                wdt_read
                0x0000000070000dcc                wdt_reset
                0x0000000070000dfc                gpio_get_configuration
                0x0000000070000e2c                gpio_configure
                0x0000000070000e64                gpio_read
                0x0000000070000ea4                gpio_write
 .text          0x0000000070000f0c      0x118 /tmp/ccqM5tQO.o
                0x0000000070000f0c                mvendorid_info
                0x0000000070000f34                marchid_info
                0x0000000070000f5c                mimpid_info
                0x0000000070000f84                mhartid_info
                0x0000000070000fac                harden_conf
                0x0000000070000fd4                set_harden_conf
                0x0000000070000ffc                rstcause_info
 .text          0x0000000070001024      0x118 /tmp/ccij9cNN.o
                0x0000000070001024                trap_handler
                0x00000000700010c0                main
 .text          0x000000007000113c      0x7d8 /home/douglas/rv32i/lib/gcc/riscv32-unknown-elf/10.1.0/rv32i/ilp32/libgcc.a(adddf3.o)
                0x000000007000113c                __adddf3
 .text          0x0000000070001914      0x688 /home/douglas/rv32i/lib/gcc/riscv32-unknown-elf/10.1.0/rv32i/ilp32/libgcc.a(muldf3.o)
                0x0000000070001914                __muldf3
 .text          0x0000000070001f9c       0x7c /home/douglas/rv32i/lib/gcc/riscv32-unknown-elf/10.1.0/rv32i/ilp32/libgcc.a(fixunsdfsi.o)
                0x0000000070001f9c                __fixunsdfsi
 .text          0x0000000070002018       0x80 /home/douglas/rv32i/lib/gcc/riscv32-unknown-elf/10.1.0/rv32i/ilp32/libgcc.a(floatunsidf.o)
                0x0000000070002018                __floatunsidf
 .text          0x0000000070002098       0x24 /home/douglas/rv32i/lib/gcc/riscv32-unknown-elf/10.1.0/rv32i/ilp32/libgcc.a(muldi3.o)
                0x0000000070002098                __mulsi3
 .text          0x00000000700020bc       0xb4 /home/douglas/rv32i/lib/gcc/riscv32-unknown-elf/10.1.0/rv32i/ilp32/libgcc.a(div.o)
                0x00000000700020bc                __divsi3
                0x00000000700020c4                __udivsi3
                0x000000007000210c                __umodsi3
                0x0000000070002140                __modsi3
 .text          0x0000000070002170       0x4c /home/douglas/rv32i/lib/gcc/riscv32-unknown-elf/10.1.0/rv32i/ilp32/libgcc.a(_clzsi2.o)
                0x0000000070002170                __clzsi2
 .text          0x00000000700021bc        0x0 /home/douglas/rv32i/lib/gcc/riscv32-unknown-elf/10.1.0/rv32i/ilp32/libgcc.a(_clz.o)
 .text          0x00000000700021bc        0x0 /home/douglas/rv32i/lib/gcc/riscv32-unknown-elf/10.1.0/../../../../riscv32-unknown-elf/lib/rv32i/ilp32/libc_nano.a(lib_a-init.o)
 .text.__libc_init_array
                0x00000000700021bc       0x9c /home/douglas/rv32i/lib/gcc/riscv32-unknown-elf/10.1.0/../../../../riscv32-unknown-elf/lib/rv32i/ilp32/libc_nano.a(lib_a-init.o)
                0x00000000700021bc                __libc_init_array
 .text          0x0000000070002258        0x0 /home/douglas/rv32i/lib/gcc/riscv32-unknown-elf/10.1.0/../../../../riscv32-unknown-elf/lib/rv32i/ilp32/libc_nano.a(lib_a-printf.o)
 .text._printf_r
                0x0000000070002258       0x6c /home/douglas/rv32i/lib/gcc/riscv32-unknown-elf/10.1.0/../../../../riscv32-unknown-elf/lib/rv32i/ilp32/libc_nano.a(lib_a-printf.o)
                0x0000000070002258                _printf_r
                0x0000000070002258                _iprintf_r
 .text.printf   0x00000000700022c4       0x70 /home/douglas/rv32i/lib/gcc/riscv32-unknown-elf/10.1.0/../../../../riscv32-unknown-elf/lib/rv32i/ilp32/libc_nano.a(lib_a-printf.o)
                0x00000000700022c4                printf
                0x00000000700022c4                iprintf
 .text          0x0000000070002334        0x0 /home/douglas/rv32i/lib/gcc/riscv32-unknown-elf/10.1.0/../../../../riscv32-unknown-elf/lib/rv32i/ilp32/libc_nano.a(lib_a-puts.o)
 .text._puts_r  0x0000000070002334      0x160 /home/douglas/rv32i/lib/gcc/riscv32-unknown-elf/10.1.0/../../../../riscv32-unknown-elf/lib/rv32i/ilp32/libc_nano.a(lib_a-puts.o)
                0x0000000070002334                _puts_r
 .text.puts     0x0000000070002494       0x10 /home/douglas/rv32i/lib/gcc/riscv32-unknown-elf/10.1.0/../../../../riscv32-unknown-elf/lib/rv32i/ilp32/libc_nano.a(lib_a-puts.o)
                0x0000000070002494                puts
 .text          0x00000000700024a4        0x0 /home/douglas/rv32i/lib/gcc/riscv32-unknown-elf/10.1.0/../../../../riscv32-unknown-elf/lib/rv32i/ilp32/libc_nano.a(lib_a-reent.o)
 .text.cleanup_glue
                0x00000000700024a4       0x40 /home/douglas/rv32i/lib/gcc/riscv32-unknown-elf/10.1.0/../../../../riscv32-unknown-elf/lib/rv32i/ilp32/libc_nano.a(lib_a-reent.o)
                0x00000000700024a4                cleanup_glue
 .text._reclaim_reent
                0x00000000700024e4      0x16c /home/douglas/rv32i/lib/gcc/riscv32-unknown-elf/10.1.0/../../../../riscv32-unknown-elf/lib/rv32i/ilp32/libc_nano.a(lib_a-reent.o)
                0x00000000700024e4                _reclaim_reent
 .text          0x0000000070002650        0x0 /home/douglas/rv32i/lib/gcc/riscv32-unknown-elf/10.1.0/../../../../riscv32-unknown-elf/lib/rv32i/ilp32/libc_nano.a(lib_a-wbuf.o)
 .text.__swbuf_r
                0x0000000070002650      0x138 /home/douglas/rv32i/lib/gcc/riscv32-unknown-elf/10.1.0/../../../../riscv32-unknown-elf/lib/rv32i/ilp32/libc_nano.a(lib_a-wbuf.o)
                0x0000000070002650                __swbuf_r
 .text.__swbuf  0x0000000070002788       0x14 /home/douglas/rv32i/lib/gcc/riscv32-unknown-elf/10.1.0/../../../../riscv32-unknown-elf/lib/rv32i/ilp32/libc_nano.a(lib_a-wbuf.o)
                0x0000000070002788                __swbuf
 .text          0x000000007000279c        0x0 /home/douglas/rv32i/lib/gcc/riscv32-unknown-elf/10.1.0/../../../../riscv32-unknown-elf/lib/rv32i/ilp32/libc_nano.a(lib_a-wsetup.o)
 .text.__swsetup_r
                0x000000007000279c      0x178 /home/douglas/rv32i/lib/gcc/riscv32-unknown-elf/10.1.0/../../../../riscv32-unknown-elf/lib/rv32i/ilp32/libc_nano.a(lib_a-wsetup.o)
                0x000000007000279c                __swsetup_r
 .text          0x0000000070002914        0x0 /home/douglas/rv32i/lib/gcc/riscv32-unknown-elf/10.1.0/../../../../riscv32-unknown-elf/lib/rv32i/ilp32/libc_nano.a(lib_a-fflush.o)
 .text.__sflush_r
                0x0000000070002914      0x1f4 /home/douglas/rv32i/lib/gcc/riscv32-unknown-elf/10.1.0/../../../../riscv32-unknown-elf/lib/rv32i/ilp32/libc_nano.a(lib_a-fflush.o)
                0x0000000070002914                __sflush_r
 .text._fflush_r
                0x0000000070002b08       0xa0 /home/douglas/rv32i/lib/gcc/riscv32-unknown-elf/10.1.0/../../../../riscv32-unknown-elf/lib/rv32i/ilp32/libc_nano.a(lib_a-fflush.o)
                0x0000000070002b08                _fflush_r
 .text.fflush   0x0000000070002ba8       0x28 /home/douglas/rv32i/lib/gcc/riscv32-unknown-elf/10.1.0/../../../../riscv32-unknown-elf/lib/rv32i/ilp32/libc_nano.a(lib_a-fflush.o)
                0x0000000070002ba8                fflush
 .text          0x0000000070002bd0        0x0 /home/douglas/rv32i/lib/gcc/riscv32-unknown-elf/10.1.0/../../../../riscv32-unknown-elf/lib/rv32i/ilp32/libc_nano.a(lib_a-findfp.o)
 .text.__fp_lock
                0x0000000070002bd0        0x8 /home/douglas/rv32i/lib/gcc/riscv32-unknown-elf/10.1.0/../../../../riscv32-unknown-elf/lib/rv32i/ilp32/libc_nano.a(lib_a-findfp.o)
 .text.std      0x0000000070002bd8       0x88 /home/douglas/rv32i/lib/gcc/riscv32-unknown-elf/10.1.0/../../../../riscv32-unknown-elf/lib/rv32i/ilp32/libc_nano.a(lib_a-findfp.o)
 .text._cleanup_r
                0x0000000070002c60        0xc /home/douglas/rv32i/lib/gcc/riscv32-unknown-elf/10.1.0/../../../../riscv32-unknown-elf/lib/rv32i/ilp32/libc_nano.a(lib_a-findfp.o)
                0x0000000070002c60                _cleanup_r
 .text.__fp_unlock
                0x0000000070002c6c        0x8 /home/douglas/rv32i/lib/gcc/riscv32-unknown-elf/10.1.0/../../../../riscv32-unknown-elf/lib/rv32i/ilp32/libc_nano.a(lib_a-findfp.o)
 .text.__sfmoreglue
                0x0000000070002c74       0x78 /home/douglas/rv32i/lib/gcc/riscv32-unknown-elf/10.1.0/../../../../riscv32-unknown-elf/lib/rv32i/ilp32/libc_nano.a(lib_a-findfp.o)
                0x0000000070002c74                __sfmoreglue
 .text._cleanup
                0x0000000070002cec        0xc /home/douglas/rv32i/lib/gcc/riscv32-unknown-elf/10.1.0/../../../../riscv32-unknown-elf/lib/rv32i/ilp32/libc_nano.a(lib_a-findfp.o)
                0x0000000070002cec                _cleanup
 .text.__sinit  0x0000000070002cf8       0xb4 /home/douglas/rv32i/lib/gcc/riscv32-unknown-elf/10.1.0/../../../../riscv32-unknown-elf/lib/rv32i/ilp32/libc_nano.a(lib_a-findfp.o)
                0x0000000070002cf8                __sinit
 .text.__sfp    0x0000000070002dac       0xec /home/douglas/rv32i/lib/gcc/riscv32-unknown-elf/10.1.0/../../../../riscv32-unknown-elf/lib/rv32i/ilp32/libc_nano.a(lib_a-findfp.o)
                0x0000000070002dac                __sfp
 .text.__sfp_lock_acquire
                0x0000000070002e98        0x4 /home/douglas/rv32i/lib/gcc/riscv32-unknown-elf/10.1.0/../../../../riscv32-unknown-elf/lib/rv32i/ilp32/libc_nano.a(lib_a-findfp.o)
                0x0000000070002e98                __sfp_lock_acquire
 .text.__sfp_lock_release
                0x0000000070002e9c        0x4 /home/douglas/rv32i/lib/gcc/riscv32-unknown-elf/10.1.0/../../../../riscv32-unknown-elf/lib/rv32i/ilp32/libc_nano.a(lib_a-findfp.o)
                0x0000000070002e9c                __sfp_lock_release
 .text.__sinit_lock_acquire
                0x0000000070002ea0        0x4 /home/douglas/rv32i/lib/gcc/riscv32-unknown-elf/10.1.0/../../../../riscv32-unknown-elf/lib/rv32i/ilp32/libc_nano.a(lib_a-findfp.o)
                0x0000000070002ea0                __sinit_lock_acquire
 .text.__sinit_lock_release
                0x0000000070002ea4        0x4 /home/douglas/rv32i/lib/gcc/riscv32-unknown-elf/10.1.0/../../../../riscv32-unknown-elf/lib/rv32i/ilp32/libc_nano.a(lib_a-findfp.o)
                0x0000000070002ea4                __sinit_lock_release
 .text.__fp_lock_all
                0x0000000070002ea8       0x14 /home/douglas/rv32i/lib/gcc/riscv32-unknown-elf/10.1.0/../../../../riscv32-unknown-elf/lib/rv32i/ilp32/libc_nano.a(lib_a-findfp.o)
                0x0000000070002ea8                __fp_lock_all
 .text.__fp_unlock_all
                0x0000000070002ebc       0x14 /home/douglas/rv32i/lib/gcc/riscv32-unknown-elf/10.1.0/../../../../riscv32-unknown-elf/lib/rv32i/ilp32/libc_nano.a(lib_a-findfp.o)
                0x0000000070002ebc                __fp_unlock_all
 .text          0x0000000070002ed0        0x0 /home/douglas/rv32i/lib/gcc/riscv32-unknown-elf/10.1.0/../../../../riscv32-unknown-elf/lib/rv32i/ilp32/libc_nano.a(lib_a-fwalk.o)
 .text._fwalk   0x0000000070002ed0       0xa0 /home/douglas/rv32i/lib/gcc/riscv32-unknown-elf/10.1.0/../../../../riscv32-unknown-elf/lib/rv32i/ilp32/libc_nano.a(lib_a-fwalk.o)
                0x0000000070002ed0                _fwalk
 .text._fwalk_reent
                0x0000000070002f70       0xb0 /home/douglas/rv32i/lib/gcc/riscv32-unknown-elf/10.1.0/../../../../riscv32-unknown-elf/lib/rv32i/ilp32/libc_nano.a(lib_a-fwalk.o)
                0x0000000070002f70                _fwalk_reent
 .text          0x0000000070003020        0x0 /home/douglas/rv32i/lib/gcc/riscv32-unknown-elf/10.1.0/../../../../riscv32-unknown-elf/lib/rv32i/ilp32/libc_nano.a(lib_a-impure.o)
 .text          0x0000000070003020        0x0 /home/douglas/rv32i/lib/gcc/riscv32-unknown-elf/10.1.0/../../../../riscv32-unknown-elf/lib/rv32i/ilp32/libc_nano.a(lib_a-makebuf.o)
 .text.__swhatbuf_r
                0x0000000070003020       0x90 /home/douglas/rv32i/lib/gcc/riscv32-unknown-elf/10.1.0/../../../../riscv32-unknown-elf/lib/rv32i/ilp32/libc_nano.a(lib_a-makebuf.o)
                0x0000000070003020                __swhatbuf_r
 .text.__smakebuf_r
                0x00000000700030b0       0xf0 /home/douglas/rv32i/lib/gcc/riscv32-unknown-elf/10.1.0/../../../../riscv32-unknown-elf/lib/rv32i/ilp32/libc_nano.a(lib_a-makebuf.o)
                0x00000000700030b0                __smakebuf_r
 .text          0x00000000700031a0       0x1c /home/douglas/rv32i/lib/gcc/riscv32-unknown-elf/10.1.0/../../../../riscv32-unknown-elf/lib/rv32i/ilp32/libc_nano.a(lib_a-memset.o)
                0x00000000700031a0                memset
 .text          0x00000000700031bc        0x0 /home/douglas/rv32i/lib/gcc/riscv32-unknown-elf/10.1.0/../../../../riscv32-unknown-elf/lib/rv32i/ilp32/libc_nano.a(lib_a-nano-freer.o)
 .text._free_r  0x00000000700031bc      0x104 /home/douglas/rv32i/lib/gcc/riscv32-unknown-elf/10.1.0/../../../../riscv32-unknown-elf/lib/rv32i/ilp32/libc_nano.a(lib_a-nano-freer.o)
                0x00000000700031bc                _free_r
 .text          0x00000000700032c0        0x0 /home/douglas/rv32i/lib/gcc/riscv32-unknown-elf/10.1.0/../../../../riscv32-unknown-elf/lib/rv32i/ilp32/libc_nano.a(lib_a-nano-mallocr.o)
 .text._malloc_r
                0x00000000700032c0      0x158 /home/douglas/rv32i/lib/gcc/riscv32-unknown-elf/10.1.0/../../../../riscv32-unknown-elf/lib/rv32i/ilp32/libc_nano.a(lib_a-nano-mallocr.o)
                0x00000000700032c0                _malloc_r
 .text          0x0000000070003418        0x0 /home/douglas/rv32i/lib/gcc/riscv32-unknown-elf/10.1.0/../../../../riscv32-unknown-elf/lib/rv32i/ilp32/libc_nano.a(lib_a-nano-vfprintf.o)
 .text.__sfputc_r
                0x0000000070003418       0x3c /home/douglas/rv32i/lib/gcc/riscv32-unknown-elf/10.1.0/../../../../riscv32-unknown-elf/lib/rv32i/ilp32/libc_nano.a(lib_a-nano-vfprintf.o)
 .text.__sfputs_r
                0x0000000070003454       0x74 /home/douglas/rv32i/lib/gcc/riscv32-unknown-elf/10.1.0/../../../../riscv32-unknown-elf/lib/rv32i/ilp32/libc_nano.a(lib_a-nano-vfprintf.o)
                0x0000000070003454                __sfputs_r
 .text.__sprint_r
                0x00000000700034c8       0x40 /home/douglas/rv32i/lib/gcc/riscv32-unknown-elf/10.1.0/../../../../riscv32-unknown-elf/lib/rv32i/ilp32/libc_nano.a(lib_a-nano-vfprintf.o)
                0x00000000700034c8                __sprint_r
 .text._vfprintf_r
                0x0000000070003508      0x3d8 /home/douglas/rv32i/lib/gcc/riscv32-unknown-elf/10.1.0/../../../../riscv32-unknown-elf/lib/rv32i/ilp32/libc_nano.a(lib_a-nano-vfprintf.o)
                0x0000000070003508                _vfiprintf_r
                0x0000000070003508                _vfprintf_r
 .text.vfprintf
                0x00000000700038e0       0x18 /home/douglas/rv32i/lib/gcc/riscv32-unknown-elf/10.1.0/../../../../riscv32-unknown-elf/lib/rv32i/ilp32/libc_nano.a(lib_a-nano-vfprintf.o)
                0x00000000700038e0                vfiprintf
                0x00000000700038e0                vfprintf
 .text          0x00000000700038f8        0x0 /home/douglas/rv32i/lib/gcc/riscv32-unknown-elf/10.1.0/../../../../riscv32-unknown-elf/lib/rv32i/ilp32/libc_nano.a(lib_a-sbrkr.o)
 .text._sbrk_r  0x00000000700038f8       0x4c /home/douglas/rv32i/lib/gcc/riscv32-unknown-elf/10.1.0/../../../../riscv32-unknown-elf/lib/rv32i/ilp32/libc_nano.a(lib_a-sbrkr.o)
                0x00000000700038f8                _sbrk_r
 .text          0x0000000070003944        0x0 /home/douglas/rv32i/lib/gcc/riscv32-unknown-elf/10.1.0/../../../../riscv32-unknown-elf/lib/rv32i/ilp32/libc_nano.a(lib_a-stdio.o)
 .text.__sread  0x0000000070003944       0x50 /home/douglas/rv32i/lib/gcc/riscv32-unknown-elf/10.1.0/../../../../riscv32-unknown-elf/lib/rv32i/ilp32/libc_nano.a(lib_a-stdio.o)
                0x0000000070003944                __sread
 .text.__seofread
                0x0000000070003994        0x8 /home/douglas/rv32i/lib/gcc/riscv32-unknown-elf/10.1.0/../../../../riscv32-unknown-elf/lib/rv32i/ilp32/libc_nano.a(lib_a-stdio.o)
                0x0000000070003994                __seofread
 .text.__swrite
                0x000000007000399c       0x84 /home/douglas/rv32i/lib/gcc/riscv32-unknown-elf/10.1.0/../../../../riscv32-unknown-elf/lib/rv32i/ilp32/libc_nano.a(lib_a-stdio.o)
                0x000000007000399c                __swrite
 .text.__sseek  0x0000000070003a20       0x58 /home/douglas/rv32i/lib/gcc/riscv32-unknown-elf/10.1.0/../../../../riscv32-unknown-elf/lib/rv32i/ilp32/libc_nano.a(lib_a-stdio.o)
                0x0000000070003a20                __sseek
 .text.__sclose
                0x0000000070003a78        0x8 /home/douglas/rv32i/lib/gcc/riscv32-unknown-elf/10.1.0/../../../../riscv32-unknown-elf/lib/rv32i/ilp32/libc_nano.a(lib_a-stdio.o)
                0x0000000070003a78                __sclose
 .text          0x0000000070003a80        0x0 /home/douglas/rv32i/lib/gcc/riscv32-unknown-elf/10.1.0/../../../../riscv32-unknown-elf/lib/rv32i/ilp32/libc_nano.a(lib_a-writer.o)
 .text._write_r
                0x0000000070003a80       0x54 /home/douglas/rv32i/lib/gcc/riscv32-unknown-elf/10.1.0/../../../../riscv32-unknown-elf/lib/rv32i/ilp32/libc_nano.a(lib_a-writer.o)
                0x0000000070003a80                _write_r
 .text          0x0000000070003ad4        0x0 /home/douglas/rv32i/lib/gcc/riscv32-unknown-elf/10.1.0/../../../../riscv32-unknown-elf/lib/rv32i/ilp32/libc_nano.a(lib_a-closer.o)
 .text._close_r
                0x0000000070003ad4       0x4c /home/douglas/rv32i/lib/gcc/riscv32-unknown-elf/10.1.0/../../../../riscv32-unknown-elf/lib/rv32i/ilp32/libc_nano.a(lib_a-closer.o)
                0x0000000070003ad4                _close_r
 .text          0x0000000070003b20        0x0 /home/douglas/rv32i/lib/gcc/riscv32-unknown-elf/10.1.0/../../../../riscv32-unknown-elf/lib/rv32i/ilp32/libc_nano.a(lib_a-fstatr.o)
 .text._fstat_r
                0x0000000070003b20       0x50 /home/douglas/rv32i/lib/gcc/riscv32-unknown-elf/10.1.0/../../../../riscv32-unknown-elf/lib/rv32i/ilp32/libc_nano.a(lib_a-fstatr.o)
                0x0000000070003b20                _fstat_r
 .text          0x0000000070003b70        0x0 /home/douglas/rv32i/lib/gcc/riscv32-unknown-elf/10.1.0/../../../../riscv32-unknown-elf/lib/rv32i/ilp32/libc_nano.a(lib_a-fvwrite.o)
 .text.__sfvwrite_r
                0x0000000070003b70      0x460 /home/douglas/rv32i/lib/gcc/riscv32-unknown-elf/10.1.0/../../../../riscv32-unknown-elf/lib/rv32i/ilp32/libc_nano.a(lib_a-fvwrite.o)
                0x0000000070003b70                __sfvwrite_r
 .text          0x0000000070003fd0        0x0 /home/douglas/rv32i/lib/gcc/riscv32-unknown-elf/10.1.0/../../../../riscv32-unknown-elf/lib/rv32i/ilp32/libc_nano.a(lib_a-isattyr.o)
 .text._isatty_r
                0x0000000070003fd0       0x4c /home/douglas/rv32i/lib/gcc/riscv32-unknown-elf/10.1.0/../../../../riscv32-unknown-elf/lib/rv32i/ilp32/libc_nano.a(lib_a-isattyr.o)
                0x0000000070003fd0                _isatty_r
 .text          0x000000007000401c        0x0 /home/douglas/rv32i/lib/gcc/riscv32-unknown-elf/10.1.0/../../../../riscv32-unknown-elf/lib/rv32i/ilp32/libc_nano.a(lib_a-lseekr.o)
 .text._lseek_r
                0x000000007000401c       0x54 /home/douglas/rv32i/lib/gcc/riscv32-unknown-elf/10.1.0/../../../../riscv32-unknown-elf/lib/rv32i/ilp32/libc_nano.a(lib_a-lseekr.o)
                0x000000007000401c                _lseek_r
 .text          0x0000000070004070        0x0 /home/douglas/rv32i/lib/gcc/riscv32-unknown-elf/10.1.0/../../../../riscv32-unknown-elf/lib/rv32i/ilp32/libc_nano.a(lib_a-memchr.o)
 .text.memchr   0x0000000070004070       0x24 /home/douglas/rv32i/lib/gcc/riscv32-unknown-elf/10.1.0/../../../../riscv32-unknown-elf/lib/rv32i/ilp32/libc_nano.a(lib_a-memchr.o)
                0x0000000070004070                memchr
 .text          0x0000000070004094       0x24 /home/douglas/rv32i/lib/gcc/riscv32-unknown-elf/10.1.0/../../../../riscv32-unknown-elf/lib/rv32i/ilp32/libc_nano.a(lib_a-memcpy-asm.o)
                0x0000000070004094                memcpy
 .text          0x00000000700040b8       0x3c /home/douglas/rv32i/lib/gcc/riscv32-unknown-elf/10.1.0/../../../../riscv32-unknown-elf/lib/rv32i/ilp32/libc_nano.a(lib_a-memmove.o)
                0x00000000700040b8                memmove
 .text          0x00000000700040f4        0x0 /home/douglas/rv32i/lib/gcc/riscv32-unknown-elf/10.1.0/../../../../riscv32-unknown-elf/lib/rv32i/ilp32/libc_nano.a(lib_a-mlock.o)
 .text.__malloc_lock
                0x00000000700040f4        0x4 /home/douglas/rv32i/lib/gcc/riscv32-unknown-elf/10.1.0/../../../../riscv32-unknown-elf/lib/rv32i/ilp32/libc_nano.a(lib_a-mlock.o)
                0x00000000700040f4                __malloc_lock
 .text.__malloc_unlock
                0x00000000700040f8        0x4 /home/douglas/rv32i/lib/gcc/riscv32-unknown-elf/10.1.0/../../../../riscv32-unknown-elf/lib/rv32i/ilp32/libc_nano.a(lib_a-mlock.o)
                0x00000000700040f8                __malloc_unlock
 .text          0x00000000700040fc        0x0 /home/douglas/rv32i/lib/gcc/riscv32-unknown-elf/10.1.0/../../../../riscv32-unknown-elf/lib/rv32i/ilp32/libc_nano.a(lib_a-nano-reallocr.o)
 .text._realloc_r
                0x00000000700040fc       0xd4 /home/douglas/rv32i/lib/gcc/riscv32-unknown-elf/10.1.0/../../../../riscv32-unknown-elf/lib/rv32i/ilp32/libc_nano.a(lib_a-nano-reallocr.o)
                0x00000000700040fc                _realloc_r
 .text          0x00000000700041d0        0x0 /home/douglas/rv32i/lib/gcc/riscv32-unknown-elf/10.1.0/../../../../riscv32-unknown-elf/lib/rv32i/ilp32/libc_nano.a(lib_a-nano-vfprintf_i.o)
 .text._printf_common
                0x00000000700041d0      0x1b0 /home/douglas/rv32i/lib/gcc/riscv32-unknown-elf/10.1.0/../../../../riscv32-unknown-elf/lib/rv32i/ilp32/libc_nano.a(lib_a-nano-vfprintf_i.o)
                0x00000000700041d0                _printf_common
 .text._printf_i
                0x0000000070004380      0x3c4 /home/douglas/rv32i/lib/gcc/riscv32-unknown-elf/10.1.0/../../../../riscv32-unknown-elf/lib/rv32i/ilp32/libc_nano.a(lib_a-nano-vfprintf_i.o)
                0x0000000070004380                _printf_i
 .text          0x0000000070004744        0x0 /home/douglas/rv32i/lib/gcc/riscv32-unknown-elf/10.1.0/../../../../riscv32-unknown-elf/lib/rv32i/ilp32/libc_nano.a(lib_a-readr.o)
 .text._read_r  0x0000000070004744       0x54 /home/douglas/rv32i/lib/gcc/riscv32-unknown-elf/10.1.0/../../../../riscv32-unknown-elf/lib/rv32i/ilp32/libc_nano.a(lib_a-readr.o)
                0x0000000070004744                _read_r
 .text          0x0000000070004798        0x0 /home/douglas/rv32i/lib/gcc/riscv32-unknown-elf/10.1.0/../../../../riscv32-unknown-elf/lib/rv32i/ilp32/libc_nano.a(lib_a-nano-msizer.o)
 .text._malloc_usable_size_r
                0x0000000070004798       0x1c /home/douglas/rv32i/lib/gcc/riscv32-unknown-elf/10.1.0/../../../../riscv32-unknown-elf/lib/rv32i/ilp32/libc_nano.a(lib_a-nano-msizer.o)
                0x0000000070004798                _malloc_usable_size_r
 *(.vector*)
                0x00000000700047b4                __lma_ram_start = .

.preinit_array  0x00000000700047b4        0x0
                0x00000000700047b4                __vma_ram_start = .
                0x00000000700047b4                PROVIDE (__preinit_array_start = .)
 *(.preinit_array)
                0x00000000700047b4                PROVIDE (__preinit_array_end = .)

.init_array     0x00000000700047b4        0x0
                0x00000000700047b4                PROVIDE (__init_array_start = .)
 *(SORT_BY_NAME(.init_array.*))
 *(.init_array)
                0x00000000700047b4                PROVIDE (__init_array_end = .)

.fini_array     0x00000000700047b4        0x0
                [!provide]                        PROVIDE (__fini_array_start = .)
 *(SORT_BY_NAME(.fini_array.*))
 *(.fini_array)
                [!provide]                        PROVIDE (__fini_array_end = .)

.rodata         0x00000000700047b8      0x2c8
                0x00000000700047b8                _start_rodata = .
 *(.rodata*)
 .rodata        0x00000000700047b8        0x7 /tmp/cc1RAMRQ.o
 *fill*         0x00000000700047bf        0x1 
 .rodata        0x00000000700047c0       0x38 /tmp/ccfnzMMP.o
 .rodata        0x00000000700047f8       0x54 /tmp/ccij9cNN.o
 .rodata        0x000000007000484c       0x3c /home/douglas/rv32i/lib/gcc/riscv32-unknown-elf/10.1.0/rv32i/ilp32/libgcc.a(muldf3.o)
 .rodata        0x0000000070004888      0x100 /home/douglas/rv32i/lib/gcc/riscv32-unknown-elf/10.1.0/rv32i/ilp32/libgcc.a(_clz.o)
                0x0000000070004888                __clz_tab
 .rodata.__sf_fake_stderr
                0x0000000070004988       0x20 /home/douglas/rv32i/lib/gcc/riscv32-unknown-elf/10.1.0/../../../../riscv32-unknown-elf/lib/rv32i/ilp32/libc_nano.a(lib_a-findfp.o)
                0x0000000070004988                __sf_fake_stderr
 .rodata.__sf_fake_stdin
                0x00000000700049a8       0x20 /home/douglas/rv32i/lib/gcc/riscv32-unknown-elf/10.1.0/../../../../riscv32-unknown-elf/lib/rv32i/ilp32/libc_nano.a(lib_a-findfp.o)
                0x00000000700049a8                __sf_fake_stdin
 .rodata.__sf_fake_stdout
                0x00000000700049c8       0x20 /home/douglas/rv32i/lib/gcc/riscv32-unknown-elf/10.1.0/../../../../riscv32-unknown-elf/lib/rv32i/ilp32/libc_nano.a(lib_a-findfp.o)
                0x00000000700049c8                __sf_fake_stdout
 .rodata._vfprintf_r.str1.4
                0x00000000700049e8       0x13 /home/douglas/rv32i/lib/gcc/riscv32-unknown-elf/10.1.0/../../../../riscv32-unknown-elf/lib/rv32i/ilp32/libc_nano.a(lib_a-nano-vfprintf.o)
 *fill*         0x00000000700049fb        0x1 
 .rodata._printf_i.str1.4
                0x00000000700049fc       0x25 /home/douglas/rv32i/lib/gcc/riscv32-unknown-elf/10.1.0/../../../../riscv32-unknown-elf/lib/rv32i/ilp32/libc_nano.a(lib_a-nano-vfprintf_i.o)
 *fill*         0x0000000070004a21        0x3 
 .rodata._printf_i
                0x0000000070004a24       0x58 /home/douglas/rv32i/lib/gcc/riscv32-unknown-elf/10.1.0/../../../../riscv32-unknown-elf/lib/rv32i/ilp32/libc_nano.a(lib_a-nano-vfprintf_i.o)
 *(.rodata.*)
 *(.srodata.*)
 .srodata._global_impure_ptr
                0x0000000070004a7c        0x4 /home/douglas/rv32i/lib/gcc/riscv32-unknown-elf/10.1.0/../../../../riscv32-unknown-elf/lib/rv32i/ilp32/libc_nano.a(lib_a-impure.o)
                0x0000000070004a7c                _global_impure_ptr
                0x0000000070004a80                _end_rodata = .

.eh_frame       0x0000000070004a80       0x2c
                0x0000000070004a80                . = ALIGN (0x4)
 *(.eh_frame*)
 .eh_frame      0x0000000070004a80       0x2c /tmp/cc1RAMRQ.o

.rela.dyn       0x0000000070004aac        0x0
 .rela.init     0x0000000070004aac        0x0 /tmp/cc1RAMRQ.o
 .rela.text     0x0000000070004aac        0x0 /tmp/cc1RAMRQ.o
 .rela.text.__libc_init_array
                0x0000000070004aac        0x0 /tmp/cc1RAMRQ.o
 .rela.text._vfprintf_r
                0x0000000070004aac        0x0 /tmp/cc1RAMRQ.o

.data.impure_data
                0x0000000070004aac       0x60
                0x0000000070004aac                . = ALIGN (0x4)
 *(.data.impure_data)
 .data.impure_data
                0x0000000070004aac       0x60 /home/douglas/rv32i/lib/gcc/riscv32-unknown-elf/10.1.0/../../../../riscv32-unknown-elf/lib/rv32i/ilp32/libc_nano.a(lib_a-impure.o)

.data           0x0000000070004b0c        0x8
 *(.data .data.*)
 .data          0x0000000070004b0c        0x0 /tmp/cc1RAMRQ.o
 .data          0x0000000070004b0c        0x0 /tmp/ccfnzMMP.o
 .data          0x0000000070004b0c        0x0 /tmp/ccCpP98O.o
 .data          0x0000000070004b0c        0x0 /tmp/ccqM5tQO.o
 .data          0x0000000070004b0c        0x0 /tmp/ccij9cNN.o
 .data          0x0000000070004b0c        0x0 /home/douglas/rv32i/lib/gcc/riscv32-unknown-elf/10.1.0/rv32i/ilp32/libgcc.a(adddf3.o)
 .data          0x0000000070004b0c        0x0 /home/douglas/rv32i/lib/gcc/riscv32-unknown-elf/10.1.0/rv32i/ilp32/libgcc.a(muldf3.o)
 .data          0x0000000070004b0c        0x0 /home/douglas/rv32i/lib/gcc/riscv32-unknown-elf/10.1.0/rv32i/ilp32/libgcc.a(fixunsdfsi.o)
 .data          0x0000000070004b0c        0x0 /home/douglas/rv32i/lib/gcc/riscv32-unknown-elf/10.1.0/rv32i/ilp32/libgcc.a(floatunsidf.o)
 .data          0x0000000070004b0c        0x0 /home/douglas/rv32i/lib/gcc/riscv32-unknown-elf/10.1.0/rv32i/ilp32/libgcc.a(muldi3.o)
 .data          0x0000000070004b0c        0x0 /home/douglas/rv32i/lib/gcc/riscv32-unknown-elf/10.1.0/rv32i/ilp32/libgcc.a(div.o)
 .data          0x0000000070004b0c        0x0 /home/douglas/rv32i/lib/gcc/riscv32-unknown-elf/10.1.0/rv32i/ilp32/libgcc.a(_clzsi2.o)
 .data          0x0000000070004b0c        0x0 /home/douglas/rv32i/lib/gcc/riscv32-unknown-elf/10.1.0/rv32i/ilp32/libgcc.a(_clz.o)
 .data          0x0000000070004b0c        0x0 /home/douglas/rv32i/lib/gcc/riscv32-unknown-elf/10.1.0/../../../../riscv32-unknown-elf/lib/rv32i/ilp32/libc_nano.a(lib_a-init.o)
 .data          0x0000000070004b0c        0x0 /home/douglas/rv32i/lib/gcc/riscv32-unknown-elf/10.1.0/../../../../riscv32-unknown-elf/lib/rv32i/ilp32/libc_nano.a(lib_a-printf.o)
 .data          0x0000000070004b0c        0x0 /home/douglas/rv32i/lib/gcc/riscv32-unknown-elf/10.1.0/../../../../riscv32-unknown-elf/lib/rv32i/ilp32/libc_nano.a(lib_a-puts.o)
 .data          0x0000000070004b0c        0x0 /home/douglas/rv32i/lib/gcc/riscv32-unknown-elf/10.1.0/../../../../riscv32-unknown-elf/lib/rv32i/ilp32/libc_nano.a(lib_a-reent.o)
 .data          0x0000000070004b0c        0x0 /home/douglas/rv32i/lib/gcc/riscv32-unknown-elf/10.1.0/../../../../riscv32-unknown-elf/lib/rv32i/ilp32/libc_nano.a(lib_a-wbuf.o)
 .data          0x0000000070004b0c        0x0 /home/douglas/rv32i/lib/gcc/riscv32-unknown-elf/10.1.0/../../../../riscv32-unknown-elf/lib/rv32i/ilp32/libc_nano.a(lib_a-wsetup.o)
 .data          0x0000000070004b0c        0x0 /home/douglas/rv32i/lib/gcc/riscv32-unknown-elf/10.1.0/../../../../riscv32-unknown-elf/lib/rv32i/ilp32/libc_nano.a(lib_a-fflush.o)
 .data          0x0000000070004b0c        0x0 /home/douglas/rv32i/lib/gcc/riscv32-unknown-elf/10.1.0/../../../../riscv32-unknown-elf/lib/rv32i/ilp32/libc_nano.a(lib_a-findfp.o)
 .data          0x0000000070004b0c        0x0 /home/douglas/rv32i/lib/gcc/riscv32-unknown-elf/10.1.0/../../../../riscv32-unknown-elf/lib/rv32i/ilp32/libc_nano.a(lib_a-fwalk.o)
 .data          0x0000000070004b0c        0x0 /home/douglas/rv32i/lib/gcc/riscv32-unknown-elf/10.1.0/../../../../riscv32-unknown-elf/lib/rv32i/ilp32/libc_nano.a(lib_a-impure.o)
 .data          0x0000000070004b0c        0x0 /home/douglas/rv32i/lib/gcc/riscv32-unknown-elf/10.1.0/../../../../riscv32-unknown-elf/lib/rv32i/ilp32/libc_nano.a(lib_a-makebuf.o)
 .data          0x0000000070004b0c        0x0 /home/douglas/rv32i/lib/gcc/riscv32-unknown-elf/10.1.0/../../../../riscv32-unknown-elf/lib/rv32i/ilp32/libc_nano.a(lib_a-memset.o)
 .data          0x0000000070004b0c        0x0 /home/douglas/rv32i/lib/gcc/riscv32-unknown-elf/10.1.0/../../../../riscv32-unknown-elf/lib/rv32i/ilp32/libc_nano.a(lib_a-nano-freer.o)
 .data          0x0000000070004b0c        0x0 /home/douglas/rv32i/lib/gcc/riscv32-unknown-elf/10.1.0/../../../../riscv32-unknown-elf/lib/rv32i/ilp32/libc_nano.a(lib_a-nano-mallocr.o)
 .data          0x0000000070004b0c        0x0 /home/douglas/rv32i/lib/gcc/riscv32-unknown-elf/10.1.0/../../../../riscv32-unknown-elf/lib/rv32i/ilp32/libc_nano.a(lib_a-nano-vfprintf.o)
 .data          0x0000000070004b0c        0x0 /home/douglas/rv32i/lib/gcc/riscv32-unknown-elf/10.1.0/../../../../riscv32-unknown-elf/lib/rv32i/ilp32/libc_nano.a(lib_a-sbrkr.o)
 .data          0x0000000070004b0c        0x0 /home/douglas/rv32i/lib/gcc/riscv32-unknown-elf/10.1.0/../../../../riscv32-unknown-elf/lib/rv32i/ilp32/libc_nano.a(lib_a-stdio.o)
 .data          0x0000000070004b0c        0x0 /home/douglas/rv32i/lib/gcc/riscv32-unknown-elf/10.1.0/../../../../riscv32-unknown-elf/lib/rv32i/ilp32/libc_nano.a(lib_a-writer.o)
 .data          0x0000000070004b0c        0x0 /home/douglas/rv32i/lib/gcc/riscv32-unknown-elf/10.1.0/../../../../riscv32-unknown-elf/lib/rv32i/ilp32/libc_nano.a(lib_a-closer.o)
 .data          0x0000000070004b0c        0x0 /home/douglas/rv32i/lib/gcc/riscv32-unknown-elf/10.1.0/../../../../riscv32-unknown-elf/lib/rv32i/ilp32/libc_nano.a(lib_a-fstatr.o)
 .data          0x0000000070004b0c        0x0 /home/douglas/rv32i/lib/gcc/riscv32-unknown-elf/10.1.0/../../../../riscv32-unknown-elf/lib/rv32i/ilp32/libc_nano.a(lib_a-fvwrite.o)
 .data          0x0000000070004b0c        0x0 /home/douglas/rv32i/lib/gcc/riscv32-unknown-elf/10.1.0/../../../../riscv32-unknown-elf/lib/rv32i/ilp32/libc_nano.a(lib_a-isattyr.o)
 .data          0x0000000070004b0c        0x0 /home/douglas/rv32i/lib/gcc/riscv32-unknown-elf/10.1.0/../../../../riscv32-unknown-elf/lib/rv32i/ilp32/libc_nano.a(lib_a-lseekr.o)
 .data          0x0000000070004b0c        0x0 /home/douglas/rv32i/lib/gcc/riscv32-unknown-elf/10.1.0/../../../../riscv32-unknown-elf/lib/rv32i/ilp32/libc_nano.a(lib_a-memchr.o)
 .data          0x0000000070004b0c        0x0 /home/douglas/rv32i/lib/gcc/riscv32-unknown-elf/10.1.0/../../../../riscv32-unknown-elf/lib/rv32i/ilp32/libc_nano.a(lib_a-memcpy-asm.o)
 .data          0x0000000070004b0c        0x0 /home/douglas/rv32i/lib/gcc/riscv32-unknown-elf/10.1.0/../../../../riscv32-unknown-elf/lib/rv32i/ilp32/libc_nano.a(lib_a-memmove.o)
 .data          0x0000000070004b0c        0x0 /home/douglas/rv32i/lib/gcc/riscv32-unknown-elf/10.1.0/../../../../riscv32-unknown-elf/lib/rv32i/ilp32/libc_nano.a(lib_a-mlock.o)
 .data          0x0000000070004b0c        0x0 /home/douglas/rv32i/lib/gcc/riscv32-unknown-elf/10.1.0/../../../../riscv32-unknown-elf/lib/rv32i/ilp32/libc_nano.a(lib_a-nano-reallocr.o)
 .data          0x0000000070004b0c        0x0 /home/douglas/rv32i/lib/gcc/riscv32-unknown-elf/10.1.0/../../../../riscv32-unknown-elf/lib/rv32i/ilp32/libc_nano.a(lib_a-nano-vfprintf_i.o)
 .data          0x0000000070004b0c        0x0 /home/douglas/rv32i/lib/gcc/riscv32-unknown-elf/10.1.0/../../../../riscv32-unknown-elf/lib/rv32i/ilp32/libc_nano.a(lib_a-readr.o)
 .data          0x0000000070004b0c        0x0 /home/douglas/rv32i/lib/gcc/riscv32-unknown-elf/10.1.0/../../../../riscv32-unknown-elf/lib/rv32i/ilp32/libc_nano.a(lib_a-nano-msizer.o)
 *(.gnu.linkonce.d.*)
                0x0000000070004b0c                . = ALIGN (0x4)
                0x0000000070004b0c                _start_data = .
 *(.sdata .sdata.*)
 .sdata         0x0000000070004b0c        0x4 /tmp/ccfnzMMP.o
                0x0000000070004b0c                environ
 .sdata._impure_ptr
                0x0000000070004b10        0x4 /home/douglas/rv32i/lib/gcc/riscv32-unknown-elf/10.1.0/../../../../riscv32-unknown-elf/lib/rv32i/ilp32/libc_nano.a(lib_a-impure.o)
                0x0000000070004b10                _impure_ptr
 *(.sdata2 .sdata2.*)
 *(.gnu.linkonce.s.*)
 *(.srodata .srodata.*)
                0x0000000070004b14                _edata = .

.custom.crc     0x0000000070004b14        0x0
                0x0000000070004b18                __app_crc = (. + 0x4)

.bss            0x0000000070004b14       0x14
                0x0000000070004b14                . = ALIGN (0x4)
                0x0000000070004b14                _bss_lma = .
 *(.bss .bss.*)
 .bss           0x0000000070004b14        0x0 /tmp/cc1RAMRQ.o
 .bss           0x0000000070004b14        0x4 /tmp/ccfnzMMP.o
 .bss           0x0000000070004b18        0x0 /tmp/ccCpP98O.o
 .bss           0x0000000070004b18        0x0 /tmp/ccqM5tQO.o
 .bss           0x0000000070004b18        0x0 /tmp/ccij9cNN.o
 .bss           0x0000000070004b18        0x0 /home/douglas/rv32i/lib/gcc/riscv32-unknown-elf/10.1.0/rv32i/ilp32/libgcc.a(adddf3.o)
 .bss           0x0000000070004b18        0x0 /home/douglas/rv32i/lib/gcc/riscv32-unknown-elf/10.1.0/rv32i/ilp32/libgcc.a(muldf3.o)
 .bss           0x0000000070004b18        0x0 /home/douglas/rv32i/lib/gcc/riscv32-unknown-elf/10.1.0/rv32i/ilp32/libgcc.a(fixunsdfsi.o)
 .bss           0x0000000070004b18        0x0 /home/douglas/rv32i/lib/gcc/riscv32-unknown-elf/10.1.0/rv32i/ilp32/libgcc.a(floatunsidf.o)
 .bss           0x0000000070004b18        0x0 /home/douglas/rv32i/lib/gcc/riscv32-unknown-elf/10.1.0/rv32i/ilp32/libgcc.a(muldi3.o)
 .bss           0x0000000070004b18        0x0 /home/douglas/rv32i/lib/gcc/riscv32-unknown-elf/10.1.0/rv32i/ilp32/libgcc.a(div.o)
 .bss           0x0000000070004b18        0x0 /home/douglas/rv32i/lib/gcc/riscv32-unknown-elf/10.1.0/rv32i/ilp32/libgcc.a(_clzsi2.o)
 .bss           0x0000000070004b18        0x0 /home/douglas/rv32i/lib/gcc/riscv32-unknown-elf/10.1.0/rv32i/ilp32/libgcc.a(_clz.o)
 .bss           0x0000000070004b18        0x0 /home/douglas/rv32i/lib/gcc/riscv32-unknown-elf/10.1.0/../../../../riscv32-unknown-elf/lib/rv32i/ilp32/libc_nano.a(lib_a-init.o)
 .bss           0x0000000070004b18        0x0 /home/douglas/rv32i/lib/gcc/riscv32-unknown-elf/10.1.0/../../../../riscv32-unknown-elf/lib/rv32i/ilp32/libc_nano.a(lib_a-printf.o)
 .bss           0x0000000070004b18        0x0 /home/douglas/rv32i/lib/gcc/riscv32-unknown-elf/10.1.0/../../../../riscv32-unknown-elf/lib/rv32i/ilp32/libc_nano.a(lib_a-puts.o)
 .bss           0x0000000070004b18        0x0 /home/douglas/rv32i/lib/gcc/riscv32-unknown-elf/10.1.0/../../../../riscv32-unknown-elf/lib/rv32i/ilp32/libc_nano.a(lib_a-reent.o)
 .bss           0x0000000070004b18        0x0 /home/douglas/rv32i/lib/gcc/riscv32-unknown-elf/10.1.0/../../../../riscv32-unknown-elf/lib/rv32i/ilp32/libc_nano.a(lib_a-wbuf.o)
 .bss           0x0000000070004b18        0x0 /home/douglas/rv32i/lib/gcc/riscv32-unknown-elf/10.1.0/../../../../riscv32-unknown-elf/lib/rv32i/ilp32/libc_nano.a(lib_a-wsetup.o)
 .bss           0x0000000070004b18        0x0 /home/douglas/rv32i/lib/gcc/riscv32-unknown-elf/10.1.0/../../../../riscv32-unknown-elf/lib/rv32i/ilp32/libc_nano.a(lib_a-fflush.o)
 .bss           0x0000000070004b18        0x0 /home/douglas/rv32i/lib/gcc/riscv32-unknown-elf/10.1.0/../../../../riscv32-unknown-elf/lib/rv32i/ilp32/libc_nano.a(lib_a-findfp.o)
 .bss           0x0000000070004b18        0x0 /home/douglas/rv32i/lib/gcc/riscv32-unknown-elf/10.1.0/../../../../riscv32-unknown-elf/lib/rv32i/ilp32/libc_nano.a(lib_a-fwalk.o)
 .bss           0x0000000070004b18        0x0 /home/douglas/rv32i/lib/gcc/riscv32-unknown-elf/10.1.0/../../../../riscv32-unknown-elf/lib/rv32i/ilp32/libc_nano.a(lib_a-impure.o)
 .bss           0x0000000070004b18        0x0 /home/douglas/rv32i/lib/gcc/riscv32-unknown-elf/10.1.0/../../../../riscv32-unknown-elf/lib/rv32i/ilp32/libc_nano.a(lib_a-makebuf.o)
 .bss           0x0000000070004b18        0x0 /home/douglas/rv32i/lib/gcc/riscv32-unknown-elf/10.1.0/../../../../riscv32-unknown-elf/lib/rv32i/ilp32/libc_nano.a(lib_a-memset.o)
 .bss           0x0000000070004b18        0x0 /home/douglas/rv32i/lib/gcc/riscv32-unknown-elf/10.1.0/../../../../riscv32-unknown-elf/lib/rv32i/ilp32/libc_nano.a(lib_a-nano-freer.o)
 .bss           0x0000000070004b18        0x0 /home/douglas/rv32i/lib/gcc/riscv32-unknown-elf/10.1.0/../../../../riscv32-unknown-elf/lib/rv32i/ilp32/libc_nano.a(lib_a-nano-mallocr.o)
 .bss           0x0000000070004b18        0x0 /home/douglas/rv32i/lib/gcc/riscv32-unknown-elf/10.1.0/../../../../riscv32-unknown-elf/lib/rv32i/ilp32/libc_nano.a(lib_a-nano-vfprintf.o)
 .bss           0x0000000070004b18        0x0 /home/douglas/rv32i/lib/gcc/riscv32-unknown-elf/10.1.0/../../../../riscv32-unknown-elf/lib/rv32i/ilp32/libc_nano.a(lib_a-sbrkr.o)
 .bss           0x0000000070004b18        0x0 /home/douglas/rv32i/lib/gcc/riscv32-unknown-elf/10.1.0/../../../../riscv32-unknown-elf/lib/rv32i/ilp32/libc_nano.a(lib_a-stdio.o)
 .bss           0x0000000070004b18        0x0 /home/douglas/rv32i/lib/gcc/riscv32-unknown-elf/10.1.0/../../../../riscv32-unknown-elf/lib/rv32i/ilp32/libc_nano.a(lib_a-writer.o)
 .bss           0x0000000070004b18        0x0 /home/douglas/rv32i/lib/gcc/riscv32-unknown-elf/10.1.0/../../../../riscv32-unknown-elf/lib/rv32i/ilp32/libc_nano.a(lib_a-closer.o)
 .bss           0x0000000070004b18        0x0 /home/douglas/rv32i/lib/gcc/riscv32-unknown-elf/10.1.0/../../../../riscv32-unknown-elf/lib/rv32i/ilp32/libc_nano.a(lib_a-fstatr.o)
 .bss           0x0000000070004b18        0x0 /home/douglas/rv32i/lib/gcc/riscv32-unknown-elf/10.1.0/../../../../riscv32-unknown-elf/lib/rv32i/ilp32/libc_nano.a(lib_a-fvwrite.o)
 .bss           0x0000000070004b18        0x0 /home/douglas/rv32i/lib/gcc/riscv32-unknown-elf/10.1.0/../../../../riscv32-unknown-elf/lib/rv32i/ilp32/libc_nano.a(lib_a-isattyr.o)
 .bss           0x0000000070004b18        0x0 /home/douglas/rv32i/lib/gcc/riscv32-unknown-elf/10.1.0/../../../../riscv32-unknown-elf/lib/rv32i/ilp32/libc_nano.a(lib_a-lseekr.o)
 .bss           0x0000000070004b18        0x0 /home/douglas/rv32i/lib/gcc/riscv32-unknown-elf/10.1.0/../../../../riscv32-unknown-elf/lib/rv32i/ilp32/libc_nano.a(lib_a-memchr.o)
 .bss           0x0000000070004b18        0x0 /home/douglas/rv32i/lib/gcc/riscv32-unknown-elf/10.1.0/../../../../riscv32-unknown-elf/lib/rv32i/ilp32/libc_nano.a(lib_a-memcpy-asm.o)
 .bss           0x0000000070004b18        0x0 /home/douglas/rv32i/lib/gcc/riscv32-unknown-elf/10.1.0/../../../../riscv32-unknown-elf/lib/rv32i/ilp32/libc_nano.a(lib_a-memmove.o)
 .bss           0x0000000070004b18        0x0 /home/douglas/rv32i/lib/gcc/riscv32-unknown-elf/10.1.0/../../../../riscv32-unknown-elf/lib/rv32i/ilp32/libc_nano.a(lib_a-mlock.o)
 .bss           0x0000000070004b18        0x0 /home/douglas/rv32i/lib/gcc/riscv32-unknown-elf/10.1.0/../../../../riscv32-unknown-elf/lib/rv32i/ilp32/libc_nano.a(lib_a-nano-reallocr.o)
 .bss           0x0000000070004b18        0x0 /home/douglas/rv32i/lib/gcc/riscv32-unknown-elf/10.1.0/../../../../riscv32-unknown-elf/lib/rv32i/ilp32/libc_nano.a(lib_a-nano-vfprintf_i.o)
 .bss           0x0000000070004b18        0x0 /home/douglas/rv32i/lib/gcc/riscv32-unknown-elf/10.1.0/../../../../riscv32-unknown-elf/lib/rv32i/ilp32/libc_nano.a(lib_a-readr.o)
 .bss           0x0000000070004b18        0x0 /home/douglas/rv32i/lib/gcc/riscv32-unknown-elf/10.1.0/../../../../riscv32-unknown-elf/lib/rv32i/ilp32/libc_nano.a(lib_a-nano-msizer.o)
 *(.sbss .sbss.*)
 .sbss          0x0000000070004b18        0x4 /tmp/ccfnzMMP.o
                0x0000000070004b18                __env
 .sbss.errno    0x0000000070004b1c        0x4 /home/douglas/rv32i/lib/gcc/riscv32-unknown-elf/10.1.0/../../../../riscv32-unknown-elf/lib/rv32i/ilp32/libc_nano.a(lib_a-reent.o)
                0x0000000070004b1c                errno
 .sbss.__malloc_free_list
                0x0000000070004b20        0x4 /home/douglas/rv32i/lib/gcc/riscv32-unknown-elf/10.1.0/../../../../riscv32-unknown-elf/lib/rv32i/ilp32/libc_nano.a(lib_a-nano-mallocr.o)
                0x0000000070004b20                __malloc_free_list
 .sbss.__malloc_sbrk_start
                0x0000000070004b24        0x4 /home/douglas/rv32i/lib/gcc/riscv32-unknown-elf/10.1.0/../../../../riscv32-unknown-elf/lib/rv32i/ilp32/libc_nano.a(lib_a-nano-mallocr.o)
                0x0000000070004b24                __malloc_sbrk_start
 *(.shbss .shbss.*)
 *(COMMON)
                0x0000000070004b28                _ebss = .
                0x0000000070004b28                . = ALIGN (0x4)
                0x0000000070005328                __global_pointer = (. + 0x800)

.stack          0x0000000070004b28     0x7ffc
                0x0000000070004b28                . = ALIGN (0x4)
                0x0000000070004b28                _stack_lma = .
                0x000000007000cb24                . = ((. + STACK_SIZE) - 0x4)
 *fill*         0x0000000070004b28     0x7ffc 
                0x000000007000cb24                _estack = .
                0x000000007000cb28                . = (. + 0x4)
                0x000000007000cb28                _heap_lma = .

/DISCARD/
 *(.riscv.*)
 *(.comment)
 *(.debug_*)
LOAD /tmp/cc1RAMRQ.o
LOAD /tmp/ccfnzMMP.o
LOAD /tmp/ccCpP98O.o
LOAD /tmp/ccqM5tQO.o
LOAD /tmp/ccij9cNN.o
LOAD /home/douglas/rv32i/lib/gcc/riscv32-unknown-elf/10.1.0/rv32i/ilp32/libgcc.a
LOAD /home/douglas/rv32i/lib/gcc/riscv32-unknown-elf/10.1.0/../../../../riscv32-unknown-elf/lib/rv32i/ilp32/libc_nano.a
LOAD /home/douglas/rv32i/lib/gcc/riscv32-unknown-elf/10.1.0/rv32i/ilp32/libgcc.a
START GROUP
LOAD /home/douglas/rv32i/lib/gcc/riscv32-unknown-elf/10.1.0/rv32i/ilp32/libgcc.a
LOAD /home/douglas/rv32i/lib/gcc/riscv32-unknown-elf/10.1.0/../../../../riscv32-unknown-elf/lib/rv32i/ilp32/libc_nano.a
LOAD /home/douglas/rv32i/lib/gcc/riscv32-unknown-elf/10.1.0/../../../../riscv32-unknown-elf/lib/rv32i/ilp32/libgloss_nano.a
END GROUP
OUTPUT(out/app-sim.o elf32-littleriscv)
