Archive member included to satisfy reference by file (symbol)

/home/douglas/rv32i/lib/gcc/riscv32-unknown-elf/10.1.0/rv32i/ilp32/libgcc.a(adddf3.o)
                              /tmp/ccAXi29b.o (__adddf3)
/home/douglas/rv32i/lib/gcc/riscv32-unknown-elf/10.1.0/rv32i/ilp32/libgcc.a(muldf3.o)
                              /tmp/ccAXi29b.o (__muldf3)
/home/douglas/rv32i/lib/gcc/riscv32-unknown-elf/10.1.0/rv32i/ilp32/libgcc.a(fixunsdfsi.o)
                              /tmp/ccAXi29b.o (__fixunsdfsi)
/home/douglas/rv32i/lib/gcc/riscv32-unknown-elf/10.1.0/rv32i/ilp32/libgcc.a(floatunsidf.o)
                              /tmp/ccAXi29b.o (__floatunsidf)
/home/douglas/rv32i/lib/gcc/riscv32-unknown-elf/10.1.0/rv32i/ilp32/libgcc.a(muldi3.o)
                              /home/douglas/rv32i/lib/gcc/riscv32-unknown-elf/10.1.0/rv32i/ilp32/libgcc.a(muldf3.o) (__mulsi3)
/home/douglas/rv32i/lib/gcc/riscv32-unknown-elf/10.1.0/rv32i/ilp32/libgcc.a(div.o)
                              /tmp/ccAXi29b.o (__divsi3)
/home/douglas/rv32i/lib/gcc/riscv32-unknown-elf/10.1.0/rv32i/ilp32/libgcc.a(_clzsi2.o)
                              /home/douglas/rv32i/lib/gcc/riscv32-unknown-elf/10.1.0/rv32i/ilp32/libgcc.a(adddf3.o) (__clzsi2)
/home/douglas/rv32i/lib/gcc/riscv32-unknown-elf/10.1.0/rv32i/ilp32/libgcc.a(_clz.o)
                              /home/douglas/rv32i/lib/gcc/riscv32-unknown-elf/10.1.0/rv32i/ilp32/libgcc.a(_clzsi2.o) (__clz_tab)
/home/douglas/rv32i/lib/gcc/riscv32-unknown-elf/10.1.0/../../../../riscv32-unknown-elf/lib/rv32i/ilp32/libc_nano.a(lib_a-init.o)
                              /tmp/cc6BA1Xb.o (__libc_init_array)
/home/douglas/rv32i/lib/gcc/riscv32-unknown-elf/10.1.0/../../../../riscv32-unknown-elf/lib/rv32i/ilp32/libc_nano.a(lib_a-printf.o)
                              /tmp/cc6BA1Xb.o (printf)
/home/douglas/rv32i/lib/gcc/riscv32-unknown-elf/10.1.0/../../../../riscv32-unknown-elf/lib/rv32i/ilp32/libc_nano.a(lib_a-puts.o)
                              /tmp/ccFmfJ6a.o (puts)
/home/douglas/rv32i/lib/gcc/riscv32-unknown-elf/10.1.0/../../../../riscv32-unknown-elf/lib/rv32i/ilp32/libc_nano.a(lib_a-reent.o)
                              /tmp/ccAXi29b.o (errno)
/home/douglas/rv32i/lib/gcc/riscv32-unknown-elf/10.1.0/../../../../riscv32-unknown-elf/lib/rv32i/ilp32/libc_nano.a(lib_a-wbuf.o)
                              /home/douglas/rv32i/lib/gcc/riscv32-unknown-elf/10.1.0/../../../../riscv32-unknown-elf/lib/rv32i/ilp32/libc_nano.a(lib_a-puts.o) (__swbuf_r)
/home/douglas/rv32i/lib/gcc/riscv32-unknown-elf/10.1.0/../../../../riscv32-unknown-elf/lib/rv32i/ilp32/libc_nano.a(lib_a-wsetup.o)
                              /home/douglas/rv32i/lib/gcc/riscv32-unknown-elf/10.1.0/../../../../riscv32-unknown-elf/lib/rv32i/ilp32/libc_nano.a(lib_a-puts.o) (__swsetup_r)
/home/douglas/rv32i/lib/gcc/riscv32-unknown-elf/10.1.0/../../../../riscv32-unknown-elf/lib/rv32i/ilp32/libc_nano.a(lib_a-fflush.o)
                              /home/douglas/rv32i/lib/gcc/riscv32-unknown-elf/10.1.0/../../../../riscv32-unknown-elf/lib/rv32i/ilp32/libc_nano.a(lib_a-wbuf.o) (_fflush_r)
/home/douglas/rv32i/lib/gcc/riscv32-unknown-elf/10.1.0/../../../../riscv32-unknown-elf/lib/rv32i/ilp32/libc_nano.a(lib_a-findfp.o)
                              /home/douglas/rv32i/lib/gcc/riscv32-unknown-elf/10.1.0/../../../../riscv32-unknown-elf/lib/rv32i/ilp32/libc_nano.a(lib_a-printf.o) (__sinit)
/home/douglas/rv32i/lib/gcc/riscv32-unknown-elf/10.1.0/../../../../riscv32-unknown-elf/lib/rv32i/ilp32/libc_nano.a(lib_a-fwalk.o)
                              /home/douglas/rv32i/lib/gcc/riscv32-unknown-elf/10.1.0/../../../../riscv32-unknown-elf/lib/rv32i/ilp32/libc_nano.a(lib_a-findfp.o) (_fwalk)
/home/douglas/rv32i/lib/gcc/riscv32-unknown-elf/10.1.0/../../../../riscv32-unknown-elf/lib/rv32i/ilp32/libc_nano.a(lib_a-impure.o)
                              /home/douglas/rv32i/lib/gcc/riscv32-unknown-elf/10.1.0/../../../../riscv32-unknown-elf/lib/rv32i/ilp32/libc_nano.a(lib_a-fflush.o) (_global_impure_ptr)
/home/douglas/rv32i/lib/gcc/riscv32-unknown-elf/10.1.0/../../../../riscv32-unknown-elf/lib/rv32i/ilp32/libc_nano.a(lib_a-makebuf.o)
                              /home/douglas/rv32i/lib/gcc/riscv32-unknown-elf/10.1.0/../../../../riscv32-unknown-elf/lib/rv32i/ilp32/libc_nano.a(lib_a-wsetup.o) (__smakebuf_r)
/home/douglas/rv32i/lib/gcc/riscv32-unknown-elf/10.1.0/../../../../riscv32-unknown-elf/lib/rv32i/ilp32/libc_nano.a(lib_a-memset.o)
                              /home/douglas/rv32i/lib/gcc/riscv32-unknown-elf/10.1.0/../../../../riscv32-unknown-elf/lib/rv32i/ilp32/libc_nano.a(lib_a-findfp.o) (memset)
/home/douglas/rv32i/lib/gcc/riscv32-unknown-elf/10.1.0/../../../../riscv32-unknown-elf/lib/rv32i/ilp32/libc_nano.a(lib_a-nano-freer.o)
                              /home/douglas/rv32i/lib/gcc/riscv32-unknown-elf/10.1.0/../../../../riscv32-unknown-elf/lib/rv32i/ilp32/libc_nano.a(lib_a-reent.o) (_free_r)
/home/douglas/rv32i/lib/gcc/riscv32-unknown-elf/10.1.0/../../../../riscv32-unknown-elf/lib/rv32i/ilp32/libc_nano.a(lib_a-nano-mallocr.o)
                              /home/douglas/rv32i/lib/gcc/riscv32-unknown-elf/10.1.0/../../../../riscv32-unknown-elf/lib/rv32i/ilp32/libc_nano.a(lib_a-findfp.o) (_malloc_r)
/home/douglas/rv32i/lib/gcc/riscv32-unknown-elf/10.1.0/../../../../riscv32-unknown-elf/lib/rv32i/ilp32/libc_nano.a(lib_a-nano-vfprintf.o)
                              /home/douglas/rv32i/lib/gcc/riscv32-unknown-elf/10.1.0/../../../../riscv32-unknown-elf/lib/rv32i/ilp32/libc_nano.a(lib_a-printf.o) (_vfprintf_r)
/home/douglas/rv32i/lib/gcc/riscv32-unknown-elf/10.1.0/../../../../riscv32-unknown-elf/lib/rv32i/ilp32/libc_nano.a(lib_a-sbrkr.o)
                              /home/douglas/rv32i/lib/gcc/riscv32-unknown-elf/10.1.0/../../../../riscv32-unknown-elf/lib/rv32i/ilp32/libc_nano.a(lib_a-nano-mallocr.o) (_sbrk_r)
/home/douglas/rv32i/lib/gcc/riscv32-unknown-elf/10.1.0/../../../../riscv32-unknown-elf/lib/rv32i/ilp32/libc_nano.a(lib_a-stdio.o)
                              /home/douglas/rv32i/lib/gcc/riscv32-unknown-elf/10.1.0/../../../../riscv32-unknown-elf/lib/rv32i/ilp32/libc_nano.a(lib_a-findfp.o) (__sread)
/home/douglas/rv32i/lib/gcc/riscv32-unknown-elf/10.1.0/../../../../riscv32-unknown-elf/lib/rv32i/ilp32/libc_nano.a(lib_a-writer.o)
                              /home/douglas/rv32i/lib/gcc/riscv32-unknown-elf/10.1.0/../../../../riscv32-unknown-elf/lib/rv32i/ilp32/libc_nano.a(lib_a-stdio.o) (_write_r)
/home/douglas/rv32i/lib/gcc/riscv32-unknown-elf/10.1.0/../../../../riscv32-unknown-elf/lib/rv32i/ilp32/libc_nano.a(lib_a-closer.o)
                              /home/douglas/rv32i/lib/gcc/riscv32-unknown-elf/10.1.0/../../../../riscv32-unknown-elf/lib/rv32i/ilp32/libc_nano.a(lib_a-stdio.o) (_close_r)
/home/douglas/rv32i/lib/gcc/riscv32-unknown-elf/10.1.0/../../../../riscv32-unknown-elf/lib/rv32i/ilp32/libc_nano.a(lib_a-fstatr.o)
                              /home/douglas/rv32i/lib/gcc/riscv32-unknown-elf/10.1.0/../../../../riscv32-unknown-elf/lib/rv32i/ilp32/libc_nano.a(lib_a-makebuf.o) (_fstat_r)
/home/douglas/rv32i/lib/gcc/riscv32-unknown-elf/10.1.0/../../../../riscv32-unknown-elf/lib/rv32i/ilp32/libc_nano.a(lib_a-fvwrite.o)
                              /home/douglas/rv32i/lib/gcc/riscv32-unknown-elf/10.1.0/../../../../riscv32-unknown-elf/lib/rv32i/ilp32/libc_nano.a(lib_a-nano-vfprintf.o) (__sfvwrite_r)
/home/douglas/rv32i/lib/gcc/riscv32-unknown-elf/10.1.0/../../../../riscv32-unknown-elf/lib/rv32i/ilp32/libc_nano.a(lib_a-isattyr.o)
                              /home/douglas/rv32i/lib/gcc/riscv32-unknown-elf/10.1.0/../../../../riscv32-unknown-elf/lib/rv32i/ilp32/libc_nano.a(lib_a-makebuf.o) (_isatty_r)
/home/douglas/rv32i/lib/gcc/riscv32-unknown-elf/10.1.0/../../../../riscv32-unknown-elf/lib/rv32i/ilp32/libc_nano.a(lib_a-lseekr.o)
                              /home/douglas/rv32i/lib/gcc/riscv32-unknown-elf/10.1.0/../../../../riscv32-unknown-elf/lib/rv32i/ilp32/libc_nano.a(lib_a-stdio.o) (_lseek_r)
/home/douglas/rv32i/lib/gcc/riscv32-unknown-elf/10.1.0/../../../../riscv32-unknown-elf/lib/rv32i/ilp32/libc_nano.a(lib_a-memchr.o)
                              /home/douglas/rv32i/lib/gcc/riscv32-unknown-elf/10.1.0/../../../../riscv32-unknown-elf/lib/rv32i/ilp32/libc_nano.a(lib_a-nano-vfprintf.o) (memchr)
/home/douglas/rv32i/lib/gcc/riscv32-unknown-elf/10.1.0/../../../../riscv32-unknown-elf/lib/rv32i/ilp32/libc_nano.a(lib_a-memcpy-asm.o)
                              /home/douglas/rv32i/lib/gcc/riscv32-unknown-elf/10.1.0/../../../../riscv32-unknown-elf/lib/rv32i/ilp32/libc_nano.a(lib_a-fvwrite.o) (memcpy)
/home/douglas/rv32i/lib/gcc/riscv32-unknown-elf/10.1.0/../../../../riscv32-unknown-elf/lib/rv32i/ilp32/libc_nano.a(lib_a-memmove.o)
                              /home/douglas/rv32i/lib/gcc/riscv32-unknown-elf/10.1.0/../../../../riscv32-unknown-elf/lib/rv32i/ilp32/libc_nano.a(lib_a-fvwrite.o) (memmove)
/home/douglas/rv32i/lib/gcc/riscv32-unknown-elf/10.1.0/../../../../riscv32-unknown-elf/lib/rv32i/ilp32/libc_nano.a(lib_a-mlock.o)
                              /home/douglas/rv32i/lib/gcc/riscv32-unknown-elf/10.1.0/../../../../riscv32-unknown-elf/lib/rv32i/ilp32/libc_nano.a(lib_a-nano-freer.o) (__malloc_lock)
/home/douglas/rv32i/lib/gcc/riscv32-unknown-elf/10.1.0/../../../../riscv32-unknown-elf/lib/rv32i/ilp32/libc_nano.a(lib_a-nano-reallocr.o)
                              /home/douglas/rv32i/lib/gcc/riscv32-unknown-elf/10.1.0/../../../../riscv32-unknown-elf/lib/rv32i/ilp32/libc_nano.a(lib_a-fvwrite.o) (_realloc_r)
/home/douglas/rv32i/lib/gcc/riscv32-unknown-elf/10.1.0/../../../../riscv32-unknown-elf/lib/rv32i/ilp32/libc_nano.a(lib_a-nano-vfprintf_i.o)
                              /home/douglas/rv32i/lib/gcc/riscv32-unknown-elf/10.1.0/../../../../riscv32-unknown-elf/lib/rv32i/ilp32/libc_nano.a(lib_a-nano-vfprintf.o) (_printf_i)
/home/douglas/rv32i/lib/gcc/riscv32-unknown-elf/10.1.0/../../../../riscv32-unknown-elf/lib/rv32i/ilp32/libc_nano.a(lib_a-readr.o)
                              /home/douglas/rv32i/lib/gcc/riscv32-unknown-elf/10.1.0/../../../../riscv32-unknown-elf/lib/rv32i/ilp32/libc_nano.a(lib_a-stdio.o) (_read_r)
/home/douglas/rv32i/lib/gcc/riscv32-unknown-elf/10.1.0/../../../../riscv32-unknown-elf/lib/rv32i/ilp32/libc_nano.a(lib_a-nano-msizer.o)
                              /home/douglas/rv32i/lib/gcc/riscv32-unknown-elf/10.1.0/../../../../riscv32-unknown-elf/lib/rv32i/ilp32/libc_nano.a(lib_a-nano-reallocr.o) (_malloc_usable_size_r)

Discarded input sections

 .riscv.attributes
                0x0000000000000000       0x1e /tmp/cc6BA1Xb.o
 .comment       0x0000000000000000       0x13 /tmp/ccAXi29b.o
 .riscv.attributes
                0x0000000000000000       0x20 /tmp/ccAXi29b.o
 .comment       0x0000000000000000       0x13 /tmp/ccPGdiqb.o
 .riscv.attributes
                0x0000000000000000       0x1c /tmp/ccPGdiqb.o
 .comment       0x0000000000000000       0x13 /tmp/ccyDGdOd.o
 .riscv.attributes
                0x0000000000000000       0x20 /tmp/ccyDGdOd.o
 .comment       0x0000000000000000       0x13 /tmp/ccFmfJ6a.o
 .riscv.attributes
                0x0000000000000000       0x1c /tmp/ccFmfJ6a.o
 .debug_info    0x0000000000000000      0x581 /home/douglas/rv32i/lib/gcc/riscv32-unknown-elf/10.1.0/rv32i/ilp32/libgcc.a(adddf3.o)
 .debug_abbrev  0x0000000000000000      0x173 /home/douglas/rv32i/lib/gcc/riscv32-unknown-elf/10.1.0/rv32i/ilp32/libgcc.a(adddf3.o)
 .debug_loc     0x0000000000000000     0x11ec /home/douglas/rv32i/lib/gcc/riscv32-unknown-elf/10.1.0/rv32i/ilp32/libgcc.a(adddf3.o)
 .debug_aranges
                0x0000000000000000       0x20 /home/douglas/rv32i/lib/gcc/riscv32-unknown-elf/10.1.0/rv32i/ilp32/libgcc.a(adddf3.o)
 .debug_ranges  0x0000000000000000      0x248 /home/douglas/rv32i/lib/gcc/riscv32-unknown-elf/10.1.0/rv32i/ilp32/libgcc.a(adddf3.o)
 .debug_line    0x0000000000000000     0x1013 /home/douglas/rv32i/lib/gcc/riscv32-unknown-elf/10.1.0/rv32i/ilp32/libgcc.a(adddf3.o)
 .debug_str     0x0000000000000000      0x345 /home/douglas/rv32i/lib/gcc/riscv32-unknown-elf/10.1.0/rv32i/ilp32/libgcc.a(adddf3.o)
 .comment       0x0000000000000000       0x13 /home/douglas/rv32i/lib/gcc/riscv32-unknown-elf/10.1.0/rv32i/ilp32/libgcc.a(adddf3.o)
 .debug_frame   0x0000000000000000       0x44 /home/douglas/rv32i/lib/gcc/riscv32-unknown-elf/10.1.0/rv32i/ilp32/libgcc.a(adddf3.o)
 .riscv.attributes
                0x0000000000000000       0x1c /home/douglas/rv32i/lib/gcc/riscv32-unknown-elf/10.1.0/rv32i/ilp32/libgcc.a(adddf3.o)
 .debug_info    0x0000000000000000      0x9e6 /home/douglas/rv32i/lib/gcc/riscv32-unknown-elf/10.1.0/rv32i/ilp32/libgcc.a(muldf3.o)
 .debug_abbrev  0x0000000000000000      0x196 /home/douglas/rv32i/lib/gcc/riscv32-unknown-elf/10.1.0/rv32i/ilp32/libgcc.a(muldf3.o)
 .debug_loc     0x0000000000000000      0xde7 /home/douglas/rv32i/lib/gcc/riscv32-unknown-elf/10.1.0/rv32i/ilp32/libgcc.a(muldf3.o)
 .debug_aranges
                0x0000000000000000       0x20 /home/douglas/rv32i/lib/gcc/riscv32-unknown-elf/10.1.0/rv32i/ilp32/libgcc.a(muldf3.o)
 .debug_ranges  0x0000000000000000      0x228 /home/douglas/rv32i/lib/gcc/riscv32-unknown-elf/10.1.0/rv32i/ilp32/libgcc.a(muldf3.o)
 .debug_line    0x0000000000000000     0x1025 /home/douglas/rv32i/lib/gcc/riscv32-unknown-elf/10.1.0/rv32i/ilp32/libgcc.a(muldf3.o)
 .debug_str     0x0000000000000000      0x46b /home/douglas/rv32i/lib/gcc/riscv32-unknown-elf/10.1.0/rv32i/ilp32/libgcc.a(muldf3.o)
 .comment       0x0000000000000000       0x13 /home/douglas/rv32i/lib/gcc/riscv32-unknown-elf/10.1.0/rv32i/ilp32/libgcc.a(muldf3.o)
 .debug_frame   0x0000000000000000       0x54 /home/douglas/rv32i/lib/gcc/riscv32-unknown-elf/10.1.0/rv32i/ilp32/libgcc.a(muldf3.o)
 .riscv.attributes
                0x0000000000000000       0x1c /home/douglas/rv32i/lib/gcc/riscv32-unknown-elf/10.1.0/rv32i/ilp32/libgcc.a(muldf3.o)
 .debug_info    0x0000000000000000      0x1d5 /home/douglas/rv32i/lib/gcc/riscv32-unknown-elf/10.1.0/rv32i/ilp32/libgcc.a(fixunsdfsi.o)
 .debug_abbrev  0x0000000000000000      0x15e /home/douglas/rv32i/lib/gcc/riscv32-unknown-elf/10.1.0/rv32i/ilp32/libgcc.a(fixunsdfsi.o)
 .debug_loc     0x0000000000000000       0xe7 /home/douglas/rv32i/lib/gcc/riscv32-unknown-elf/10.1.0/rv32i/ilp32/libgcc.a(fixunsdfsi.o)
 .debug_aranges
                0x0000000000000000       0x20 /home/douglas/rv32i/lib/gcc/riscv32-unknown-elf/10.1.0/rv32i/ilp32/libgcc.a(fixunsdfsi.o)
 .debug_ranges  0x0000000000000000       0x20 /home/douglas/rv32i/lib/gcc/riscv32-unknown-elf/10.1.0/rv32i/ilp32/libgcc.a(fixunsdfsi.o)
 .debug_line    0x0000000000000000      0x1a5 /home/douglas/rv32i/lib/gcc/riscv32-unknown-elf/10.1.0/rv32i/ilp32/libgcc.a(fixunsdfsi.o)
 .debug_str     0x0000000000000000      0x252 /home/douglas/rv32i/lib/gcc/riscv32-unknown-elf/10.1.0/rv32i/ilp32/libgcc.a(fixunsdfsi.o)
 .comment       0x0000000000000000       0x13 /home/douglas/rv32i/lib/gcc/riscv32-unknown-elf/10.1.0/rv32i/ilp32/libgcc.a(fixunsdfsi.o)
 .debug_frame   0x0000000000000000       0x20 /home/douglas/rv32i/lib/gcc/riscv32-unknown-elf/10.1.0/rv32i/ilp32/libgcc.a(fixunsdfsi.o)
 .riscv.attributes
                0x0000000000000000       0x1c /home/douglas/rv32i/lib/gcc/riscv32-unknown-elf/10.1.0/rv32i/ilp32/libgcc.a(fixunsdfsi.o)
 .debug_info    0x0000000000000000      0x28e /home/douglas/rv32i/lib/gcc/riscv32-unknown-elf/10.1.0/rv32i/ilp32/libgcc.a(floatunsidf.o)
 .debug_abbrev  0x0000000000000000      0x164 /home/douglas/rv32i/lib/gcc/riscv32-unknown-elf/10.1.0/rv32i/ilp32/libgcc.a(floatunsidf.o)
 .debug_loc     0x0000000000000000      0x14f /home/douglas/rv32i/lib/gcc/riscv32-unknown-elf/10.1.0/rv32i/ilp32/libgcc.a(floatunsidf.o)
 .debug_aranges
                0x0000000000000000       0x20 /home/douglas/rv32i/lib/gcc/riscv32-unknown-elf/10.1.0/rv32i/ilp32/libgcc.a(floatunsidf.o)
 .debug_ranges  0x0000000000000000       0x70 /home/douglas/rv32i/lib/gcc/riscv32-unknown-elf/10.1.0/rv32i/ilp32/libgcc.a(floatunsidf.o)
 .debug_line    0x0000000000000000      0x26e /home/douglas/rv32i/lib/gcc/riscv32-unknown-elf/10.1.0/rv32i/ilp32/libgcc.a(floatunsidf.o)
 .debug_str     0x0000000000000000      0x2ef /home/douglas/rv32i/lib/gcc/riscv32-unknown-elf/10.1.0/rv32i/ilp32/libgcc.a(floatunsidf.o)
 .comment       0x0000000000000000       0x13 /home/douglas/rv32i/lib/gcc/riscv32-unknown-elf/10.1.0/rv32i/ilp32/libgcc.a(floatunsidf.o)
 .debug_frame   0x0000000000000000       0x34 /home/douglas/rv32i/lib/gcc/riscv32-unknown-elf/10.1.0/rv32i/ilp32/libgcc.a(floatunsidf.o)
 .riscv.attributes
                0x0000000000000000       0x1c /home/douglas/rv32i/lib/gcc/riscv32-unknown-elf/10.1.0/rv32i/ilp32/libgcc.a(floatunsidf.o)
 .debug_line    0x0000000000000000       0x98 /home/douglas/rv32i/lib/gcc/riscv32-unknown-elf/10.1.0/rv32i/ilp32/libgcc.a(muldi3.o)
 .debug_info    0x0000000000000000       0x26 /home/douglas/rv32i/lib/gcc/riscv32-unknown-elf/10.1.0/rv32i/ilp32/libgcc.a(muldi3.o)
 .debug_abbrev  0x0000000000000000       0x14 /home/douglas/rv32i/lib/gcc/riscv32-unknown-elf/10.1.0/rv32i/ilp32/libgcc.a(muldi3.o)
 .debug_aranges
                0x0000000000000000       0x20 /home/douglas/rv32i/lib/gcc/riscv32-unknown-elf/10.1.0/rv32i/ilp32/libgcc.a(muldi3.o)
 .debug_str     0x0000000000000000       0xb7 /home/douglas/rv32i/lib/gcc/riscv32-unknown-elf/10.1.0/rv32i/ilp32/libgcc.a(muldi3.o)
 .riscv.attributes
                0x0000000000000000       0x1a /home/douglas/rv32i/lib/gcc/riscv32-unknown-elf/10.1.0/rv32i/ilp32/libgcc.a(muldi3.o)
 .debug_line    0x0000000000000000      0x16e /home/douglas/rv32i/lib/gcc/riscv32-unknown-elf/10.1.0/rv32i/ilp32/libgcc.a(div.o)
 .debug_info    0x0000000000000000       0x26 /home/douglas/rv32i/lib/gcc/riscv32-unknown-elf/10.1.0/rv32i/ilp32/libgcc.a(div.o)
 .debug_abbrev  0x0000000000000000       0x14 /home/douglas/rv32i/lib/gcc/riscv32-unknown-elf/10.1.0/rv32i/ilp32/libgcc.a(div.o)
 .debug_aranges
                0x0000000000000000       0x20 /home/douglas/rv32i/lib/gcc/riscv32-unknown-elf/10.1.0/rv32i/ilp32/libgcc.a(div.o)
 .debug_str     0x0000000000000000       0xb4 /home/douglas/rv32i/lib/gcc/riscv32-unknown-elf/10.1.0/rv32i/ilp32/libgcc.a(div.o)
 .riscv.attributes
                0x0000000000000000       0x1a /home/douglas/rv32i/lib/gcc/riscv32-unknown-elf/10.1.0/rv32i/ilp32/libgcc.a(div.o)
 .debug_info    0x0000000000000000      0x144 /home/douglas/rv32i/lib/gcc/riscv32-unknown-elf/10.1.0/rv32i/ilp32/libgcc.a(_clzsi2.o)
 .debug_abbrev  0x0000000000000000       0xca /home/douglas/rv32i/lib/gcc/riscv32-unknown-elf/10.1.0/rv32i/ilp32/libgcc.a(_clzsi2.o)
 .debug_loc     0x0000000000000000       0x6b /home/douglas/rv32i/lib/gcc/riscv32-unknown-elf/10.1.0/rv32i/ilp32/libgcc.a(_clzsi2.o)
 .debug_aranges
                0x0000000000000000       0x20 /home/douglas/rv32i/lib/gcc/riscv32-unknown-elf/10.1.0/rv32i/ilp32/libgcc.a(_clzsi2.o)
 .debug_ranges  0x0000000000000000       0x20 /home/douglas/rv32i/lib/gcc/riscv32-unknown-elf/10.1.0/rv32i/ilp32/libgcc.a(_clzsi2.o)
 .debug_line    0x0000000000000000       0xe5 /home/douglas/rv32i/lib/gcc/riscv32-unknown-elf/10.1.0/rv32i/ilp32/libgcc.a(_clzsi2.o)
 .debug_str     0x0000000000000000      0x24e /home/douglas/rv32i/lib/gcc/riscv32-unknown-elf/10.1.0/rv32i/ilp32/libgcc.a(_clzsi2.o)
 .comment       0x0000000000000000       0x13 /home/douglas/rv32i/lib/gcc/riscv32-unknown-elf/10.1.0/rv32i/ilp32/libgcc.a(_clzsi2.o)
 .debug_frame   0x0000000000000000       0x20 /home/douglas/rv32i/lib/gcc/riscv32-unknown-elf/10.1.0/rv32i/ilp32/libgcc.a(_clzsi2.o)
 .riscv.attributes
                0x0000000000000000       0x1c /home/douglas/rv32i/lib/gcc/riscv32-unknown-elf/10.1.0/rv32i/ilp32/libgcc.a(_clzsi2.o)
 .debug_info    0x0000000000000000       0xd7 /home/douglas/rv32i/lib/gcc/riscv32-unknown-elf/10.1.0/rv32i/ilp32/libgcc.a(_clz.o)
 .debug_abbrev  0x0000000000000000       0x70 /home/douglas/rv32i/lib/gcc/riscv32-unknown-elf/10.1.0/rv32i/ilp32/libgcc.a(_clz.o)
 .debug_aranges
                0x0000000000000000       0x18 /home/douglas/rv32i/lib/gcc/riscv32-unknown-elf/10.1.0/rv32i/ilp32/libgcc.a(_clz.o)
 .debug_line    0x0000000000000000       0x59 /home/douglas/rv32i/lib/gcc/riscv32-unknown-elf/10.1.0/rv32i/ilp32/libgcc.a(_clz.o)
 .debug_str     0x0000000000000000      0x231 /home/douglas/rv32i/lib/gcc/riscv32-unknown-elf/10.1.0/rv32i/ilp32/libgcc.a(_clz.o)
 .comment       0x0000000000000000       0x13 /home/douglas/rv32i/lib/gcc/riscv32-unknown-elf/10.1.0/rv32i/ilp32/libgcc.a(_clz.o)
 .riscv.attributes
                0x0000000000000000       0x1c /home/douglas/rv32i/lib/gcc/riscv32-unknown-elf/10.1.0/rv32i/ilp32/libgcc.a(_clz.o)
 .comment       0x0000000000000000       0x13 /home/douglas/rv32i/lib/gcc/riscv32-unknown-elf/10.1.0/../../../../riscv32-unknown-elf/lib/rv32i/ilp32/libc_nano.a(lib_a-init.o)
 .riscv.attributes
                0x0000000000000000       0x1c /home/douglas/rv32i/lib/gcc/riscv32-unknown-elf/10.1.0/../../../../riscv32-unknown-elf/lib/rv32i/ilp32/libc_nano.a(lib_a-init.o)
 .comment       0x0000000000000000       0x13 /home/douglas/rv32i/lib/gcc/riscv32-unknown-elf/10.1.0/../../../../riscv32-unknown-elf/lib/rv32i/ilp32/libc_nano.a(lib_a-printf.o)
 .riscv.attributes
                0x0000000000000000       0x1c /home/douglas/rv32i/lib/gcc/riscv32-unknown-elf/10.1.0/../../../../riscv32-unknown-elf/lib/rv32i/ilp32/libc_nano.a(lib_a-printf.o)
 .comment       0x0000000000000000       0x13 /home/douglas/rv32i/lib/gcc/riscv32-unknown-elf/10.1.0/../../../../riscv32-unknown-elf/lib/rv32i/ilp32/libc_nano.a(lib_a-puts.o)
 .riscv.attributes
                0x0000000000000000       0x1c /home/douglas/rv32i/lib/gcc/riscv32-unknown-elf/10.1.0/../../../../riscv32-unknown-elf/lib/rv32i/ilp32/libc_nano.a(lib_a-puts.o)
 .comment       0x0000000000000000       0x13 /home/douglas/rv32i/lib/gcc/riscv32-unknown-elf/10.1.0/../../../../riscv32-unknown-elf/lib/rv32i/ilp32/libc_nano.a(lib_a-reent.o)
 .riscv.attributes
                0x0000000000000000       0x1c /home/douglas/rv32i/lib/gcc/riscv32-unknown-elf/10.1.0/../../../../riscv32-unknown-elf/lib/rv32i/ilp32/libc_nano.a(lib_a-reent.o)
 .comment       0x0000000000000000       0x13 /home/douglas/rv32i/lib/gcc/riscv32-unknown-elf/10.1.0/../../../../riscv32-unknown-elf/lib/rv32i/ilp32/libc_nano.a(lib_a-wbuf.o)
 .riscv.attributes
                0x0000000000000000       0x1c /home/douglas/rv32i/lib/gcc/riscv32-unknown-elf/10.1.0/../../../../riscv32-unknown-elf/lib/rv32i/ilp32/libc_nano.a(lib_a-wbuf.o)
 .comment       0x0000000000000000       0x13 /home/douglas/rv32i/lib/gcc/riscv32-unknown-elf/10.1.0/../../../../riscv32-unknown-elf/lib/rv32i/ilp32/libc_nano.a(lib_a-wsetup.o)
 .riscv.attributes
                0x0000000000000000       0x1c /home/douglas/rv32i/lib/gcc/riscv32-unknown-elf/10.1.0/../../../../riscv32-unknown-elf/lib/rv32i/ilp32/libc_nano.a(lib_a-wsetup.o)
 .comment       0x0000000000000000       0x13 /home/douglas/rv32i/lib/gcc/riscv32-unknown-elf/10.1.0/../../../../riscv32-unknown-elf/lib/rv32i/ilp32/libc_nano.a(lib_a-fflush.o)
 .riscv.attributes
                0x0000000000000000       0x1c /home/douglas/rv32i/lib/gcc/riscv32-unknown-elf/10.1.0/../../../../riscv32-unknown-elf/lib/rv32i/ilp32/libc_nano.a(lib_a-fflush.o)
 .comment       0x0000000000000000       0x13 /home/douglas/rv32i/lib/gcc/riscv32-unknown-elf/10.1.0/../../../../riscv32-unknown-elf/lib/rv32i/ilp32/libc_nano.a(lib_a-findfp.o)
 .riscv.attributes
                0x0000000000000000       0x1c /home/douglas/rv32i/lib/gcc/riscv32-unknown-elf/10.1.0/../../../../riscv32-unknown-elf/lib/rv32i/ilp32/libc_nano.a(lib_a-findfp.o)
 .comment       0x0000000000000000       0x13 /home/douglas/rv32i/lib/gcc/riscv32-unknown-elf/10.1.0/../../../../riscv32-unknown-elf/lib/rv32i/ilp32/libc_nano.a(lib_a-fwalk.o)
 .riscv.attributes
                0x0000000000000000       0x1c /home/douglas/rv32i/lib/gcc/riscv32-unknown-elf/10.1.0/../../../../riscv32-unknown-elf/lib/rv32i/ilp32/libc_nano.a(lib_a-fwalk.o)
 .comment       0x0000000000000000       0x13 /home/douglas/rv32i/lib/gcc/riscv32-unknown-elf/10.1.0/../../../../riscv32-unknown-elf/lib/rv32i/ilp32/libc_nano.a(lib_a-impure.o)
 .riscv.attributes
                0x0000000000000000       0x1c /home/douglas/rv32i/lib/gcc/riscv32-unknown-elf/10.1.0/../../../../riscv32-unknown-elf/lib/rv32i/ilp32/libc_nano.a(lib_a-impure.o)
 .comment       0x0000000000000000       0x13 /home/douglas/rv32i/lib/gcc/riscv32-unknown-elf/10.1.0/../../../../riscv32-unknown-elf/lib/rv32i/ilp32/libc_nano.a(lib_a-makebuf.o)
 .riscv.attributes
                0x0000000000000000       0x1c /home/douglas/rv32i/lib/gcc/riscv32-unknown-elf/10.1.0/../../../../riscv32-unknown-elf/lib/rv32i/ilp32/libc_nano.a(lib_a-makebuf.o)
 .riscv.attributes
                0x0000000000000000       0x1a /home/douglas/rv32i/lib/gcc/riscv32-unknown-elf/10.1.0/../../../../riscv32-unknown-elf/lib/rv32i/ilp32/libc_nano.a(lib_a-memset.o)
 .comment       0x0000000000000000       0x13 /home/douglas/rv32i/lib/gcc/riscv32-unknown-elf/10.1.0/../../../../riscv32-unknown-elf/lib/rv32i/ilp32/libc_nano.a(lib_a-nano-freer.o)
 .riscv.attributes
                0x0000000000000000       0x1c /home/douglas/rv32i/lib/gcc/riscv32-unknown-elf/10.1.0/../../../../riscv32-unknown-elf/lib/rv32i/ilp32/libc_nano.a(lib_a-nano-freer.o)
 .comment       0x0000000000000000       0x13 /home/douglas/rv32i/lib/gcc/riscv32-unknown-elf/10.1.0/../../../../riscv32-unknown-elf/lib/rv32i/ilp32/libc_nano.a(lib_a-nano-mallocr.o)
 .riscv.attributes
                0x0000000000000000       0x1c /home/douglas/rv32i/lib/gcc/riscv32-unknown-elf/10.1.0/../../../../riscv32-unknown-elf/lib/rv32i/ilp32/libc_nano.a(lib_a-nano-mallocr.o)
 .comment       0x0000000000000000       0x13 /home/douglas/rv32i/lib/gcc/riscv32-unknown-elf/10.1.0/../../../../riscv32-unknown-elf/lib/rv32i/ilp32/libc_nano.a(lib_a-nano-vfprintf.o)
 .riscv.attributes
                0x0000000000000000       0x1c /home/douglas/rv32i/lib/gcc/riscv32-unknown-elf/10.1.0/../../../../riscv32-unknown-elf/lib/rv32i/ilp32/libc_nano.a(lib_a-nano-vfprintf.o)
 .comment       0x0000000000000000       0x13 /home/douglas/rv32i/lib/gcc/riscv32-unknown-elf/10.1.0/../../../../riscv32-unknown-elf/lib/rv32i/ilp32/libc_nano.a(lib_a-sbrkr.o)
 .riscv.attributes
                0x0000000000000000       0x1c /home/douglas/rv32i/lib/gcc/riscv32-unknown-elf/10.1.0/../../../../riscv32-unknown-elf/lib/rv32i/ilp32/libc_nano.a(lib_a-sbrkr.o)
 .comment       0x0000000000000000       0x13 /home/douglas/rv32i/lib/gcc/riscv32-unknown-elf/10.1.0/../../../../riscv32-unknown-elf/lib/rv32i/ilp32/libc_nano.a(lib_a-stdio.o)
 .riscv.attributes
                0x0000000000000000       0x1c /home/douglas/rv32i/lib/gcc/riscv32-unknown-elf/10.1.0/../../../../riscv32-unknown-elf/lib/rv32i/ilp32/libc_nano.a(lib_a-stdio.o)
 .comment       0x0000000000000000       0x13 /home/douglas/rv32i/lib/gcc/riscv32-unknown-elf/10.1.0/../../../../riscv32-unknown-elf/lib/rv32i/ilp32/libc_nano.a(lib_a-writer.o)
 .riscv.attributes
                0x0000000000000000       0x1c /home/douglas/rv32i/lib/gcc/riscv32-unknown-elf/10.1.0/../../../../riscv32-unknown-elf/lib/rv32i/ilp32/libc_nano.a(lib_a-writer.o)
 .comment       0x0000000000000000       0x13 /home/douglas/rv32i/lib/gcc/riscv32-unknown-elf/10.1.0/../../../../riscv32-unknown-elf/lib/rv32i/ilp32/libc_nano.a(lib_a-closer.o)
 .riscv.attributes
                0x0000000000000000       0x1c /home/douglas/rv32i/lib/gcc/riscv32-unknown-elf/10.1.0/../../../../riscv32-unknown-elf/lib/rv32i/ilp32/libc_nano.a(lib_a-closer.o)
 .comment       0x0000000000000000       0x13 /home/douglas/rv32i/lib/gcc/riscv32-unknown-elf/10.1.0/../../../../riscv32-unknown-elf/lib/rv32i/ilp32/libc_nano.a(lib_a-fstatr.o)
 .riscv.attributes
                0x0000000000000000       0x1c /home/douglas/rv32i/lib/gcc/riscv32-unknown-elf/10.1.0/../../../../riscv32-unknown-elf/lib/rv32i/ilp32/libc_nano.a(lib_a-fstatr.o)
 .comment       0x0000000000000000       0x13 /home/douglas/rv32i/lib/gcc/riscv32-unknown-elf/10.1.0/../../../../riscv32-unknown-elf/lib/rv32i/ilp32/libc_nano.a(lib_a-fvwrite.o)
 .riscv.attributes
                0x0000000000000000       0x1c /home/douglas/rv32i/lib/gcc/riscv32-unknown-elf/10.1.0/../../../../riscv32-unknown-elf/lib/rv32i/ilp32/libc_nano.a(lib_a-fvwrite.o)
 .comment       0x0000000000000000       0x13 /home/douglas/rv32i/lib/gcc/riscv32-unknown-elf/10.1.0/../../../../riscv32-unknown-elf/lib/rv32i/ilp32/libc_nano.a(lib_a-isattyr.o)
 .riscv.attributes
                0x0000000000000000       0x1c /home/douglas/rv32i/lib/gcc/riscv32-unknown-elf/10.1.0/../../../../riscv32-unknown-elf/lib/rv32i/ilp32/libc_nano.a(lib_a-isattyr.o)
 .comment       0x0000000000000000       0x13 /home/douglas/rv32i/lib/gcc/riscv32-unknown-elf/10.1.0/../../../../riscv32-unknown-elf/lib/rv32i/ilp32/libc_nano.a(lib_a-lseekr.o)
 .riscv.attributes
                0x0000000000000000       0x1c /home/douglas/rv32i/lib/gcc/riscv32-unknown-elf/10.1.0/../../../../riscv32-unknown-elf/lib/rv32i/ilp32/libc_nano.a(lib_a-lseekr.o)
 .comment       0x0000000000000000       0x13 /home/douglas/rv32i/lib/gcc/riscv32-unknown-elf/10.1.0/../../../../riscv32-unknown-elf/lib/rv32i/ilp32/libc_nano.a(lib_a-memchr.o)
 .riscv.attributes
                0x0000000000000000       0x1c /home/douglas/rv32i/lib/gcc/riscv32-unknown-elf/10.1.0/../../../../riscv32-unknown-elf/lib/rv32i/ilp32/libc_nano.a(lib_a-memchr.o)
 .riscv.attributes
                0x0000000000000000       0x1a /home/douglas/rv32i/lib/gcc/riscv32-unknown-elf/10.1.0/../../../../riscv32-unknown-elf/lib/rv32i/ilp32/libc_nano.a(lib_a-memcpy-asm.o)
 .riscv.attributes
                0x0000000000000000       0x1a /home/douglas/rv32i/lib/gcc/riscv32-unknown-elf/10.1.0/../../../../riscv32-unknown-elf/lib/rv32i/ilp32/libc_nano.a(lib_a-memmove.o)
 .comment       0x0000000000000000       0x13 /home/douglas/rv32i/lib/gcc/riscv32-unknown-elf/10.1.0/../../../../riscv32-unknown-elf/lib/rv32i/ilp32/libc_nano.a(lib_a-mlock.o)
 .riscv.attributes
                0x0000000000000000       0x1c /home/douglas/rv32i/lib/gcc/riscv32-unknown-elf/10.1.0/../../../../riscv32-unknown-elf/lib/rv32i/ilp32/libc_nano.a(lib_a-mlock.o)
 .comment       0x0000000000000000       0x13 /home/douglas/rv32i/lib/gcc/riscv32-unknown-elf/10.1.0/../../../../riscv32-unknown-elf/lib/rv32i/ilp32/libc_nano.a(lib_a-nano-reallocr.o)
 .riscv.attributes
                0x0000000000000000       0x1c /home/douglas/rv32i/lib/gcc/riscv32-unknown-elf/10.1.0/../../../../riscv32-unknown-elf/lib/rv32i/ilp32/libc_nano.a(lib_a-nano-reallocr.o)
 .comment       0x0000000000000000       0x13 /home/douglas/rv32i/lib/gcc/riscv32-unknown-elf/10.1.0/../../../../riscv32-unknown-elf/lib/rv32i/ilp32/libc_nano.a(lib_a-nano-vfprintf_i.o)
 .riscv.attributes
                0x0000000000000000       0x1c /home/douglas/rv32i/lib/gcc/riscv32-unknown-elf/10.1.0/../../../../riscv32-unknown-elf/lib/rv32i/ilp32/libc_nano.a(lib_a-nano-vfprintf_i.o)
 .comment       0x0000000000000000       0x13 /home/douglas/rv32i/lib/gcc/riscv32-unknown-elf/10.1.0/../../../../riscv32-unknown-elf/lib/rv32i/ilp32/libc_nano.a(lib_a-readr.o)
 .riscv.attributes
                0x0000000000000000       0x1c /home/douglas/rv32i/lib/gcc/riscv32-unknown-elf/10.1.0/../../../../riscv32-unknown-elf/lib/rv32i/ilp32/libc_nano.a(lib_a-readr.o)
 .comment       0x0000000000000000       0x13 /home/douglas/rv32i/lib/gcc/riscv32-unknown-elf/10.1.0/../../../../riscv32-unknown-elf/lib/rv32i/ilp32/libc_nano.a(lib_a-nano-msizer.o)
 .riscv.attributes
                0x0000000000000000       0x1c /home/douglas/rv32i/lib/gcc/riscv32-unknown-elf/10.1.0/../../../../riscv32-unknown-elf/lib/rv32i/ilp32/libc_nano.a(lib_a-nano-msizer.o)

Memory Configuration

Name             Origin             Length             Attributes
ram              0x0000000070000000 0x0000000000600000 xrw
*default*        0x0000000000000000 0xffffffffffffffff

Linker script and memory map

START GROUP
LOAD /home/douglas/rv32i/lib/gcc/riscv32-unknown-elf/10.1.0/../../../../riscv32-unknown-elf/lib/rv32i/ilp32/libc.a
LOAD /home/douglas/rv32i/lib/gcc/riscv32-unknown-elf/10.1.0/../../../../riscv32-unknown-elf/lib/rv32i/ilp32/libgloss.a
LOAD /home/douglas/rv32i/lib/gcc/riscv32-unknown-elf/10.1.0/rv32i/ilp32/libgcc.a
LOAD /home/douglas/rv32i/lib/gcc/riscv32-unknown-elf/10.1.0/../../../../riscv32-unknown-elf/lib/rv32i/ilp32/libsupc++.a
END GROUP
                0x0000000070000000                RAM_BASE_ADDR = 0x70000000
                0x00000000705fffff                RAM_HIGH_ADDR = DEFINED (RAM_HIGH_ADDR)?RAM_HIGH_ADDR:0x705fffff
                0x0000000000600000                RAM_SIZE = ((RAM_HIGH_ADDR - RAM_BASE_ADDR) + 0x1)
                0x0000000000060000                STACK_SIZE = (RAM_SIZE / 0x10)

.init           0x0000000070000000      0x400
                0x0000000070000000                __init_start = .
                0x0000000070000000                . = ALIGN (0x8)
 *(.init*)
 .init          0x0000000070000000      0x400 /tmp/cc6BA1Xb.o
                0x0000000070000000                _start

.text           0x0000000070000400     0x4334
 *(.text*)
 .text          0x0000000070000400        0x0 /tmp/cc6BA1Xb.o
 .text          0x0000000070000400      0x7ec /tmp/ccAXi29b.o
                0x0000000070000400                _putchar
                0x0000000070000464                _getchar
                0x000000007000049c                _write
                0x0000000070000508                _read
                0x00000000700005a8                exit
                0x00000000700006c4                clock
                0x00000000700006ec                clock_high
                0x0000000070000714                usleep
                0x0000000070000820                _execve
                0x0000000070000858                _fork
                0x0000000070000884                _fstat
                0x00000000700008b8                _getpid
                0x00000000700008d8                _isatty
                0x00000000700008fc                _kill
                0x0000000070000930                _link
                0x0000000070000964                _lseek
                0x0000000070000990                _open
                0x00000000700009bc                _close
                0x00000000700009e0                _sbrk
                0x0000000070000a8c                _stat
                0x0000000070000ac0                _times
                0x0000000070000ae4                _unlink
                0x0000000070000b14                _wait
                0x0000000070000b44                _write_hex
 .text          0x0000000070000bec      0x2a0 /tmp/ccPGdiqb.o
                0x0000000070000bec                uart_init
                0x0000000070000c44                get_uart_baud_div
                0x0000000070000c6c                get_uart_parity
                0x0000000070000c94                get_uart_rtscts
                0x0000000070000cbc                get_uart_status
                0x0000000070000ce4                wdt_feed
                0x0000000070000d1c                wdt_read
                0x0000000070000d4c                wdt_reset
                0x0000000070000d7c                gpio_get_configuration
                0x0000000070000dac                gpio_configure
                0x0000000070000de4                gpio_read
                0x0000000070000e24                gpio_write
 .text          0x0000000070000e8c      0x118 /tmp/ccyDGdOd.o
                0x0000000070000e8c                mvendorid_info
                0x0000000070000eb4                marchid_info
                0x0000000070000edc                mimpid_info
                0x0000000070000f04                mhartid_info
                0x0000000070000f2c                harden_conf
                0x0000000070000f54                set_harden_conf
                0x0000000070000f7c                rstcause_info
 .text          0x0000000070000fa4      0x118 /tmp/ccFmfJ6a.o
                0x0000000070000fa4                trap_handler
                0x0000000070001040                main
 .text          0x00000000700010bc      0x7d8 /home/douglas/rv32i/lib/gcc/riscv32-unknown-elf/10.1.0/rv32i/ilp32/libgcc.a(adddf3.o)
                0x00000000700010bc                __adddf3
 .text          0x0000000070001894      0x688 /home/douglas/rv32i/lib/gcc/riscv32-unknown-elf/10.1.0/rv32i/ilp32/libgcc.a(muldf3.o)
                0x0000000070001894                __muldf3
 .text          0x0000000070001f1c       0x7c /home/douglas/rv32i/lib/gcc/riscv32-unknown-elf/10.1.0/rv32i/ilp32/libgcc.a(fixunsdfsi.o)
                0x0000000070001f1c                __fixunsdfsi
 .text          0x0000000070001f98       0x80 /home/douglas/rv32i/lib/gcc/riscv32-unknown-elf/10.1.0/rv32i/ilp32/libgcc.a(floatunsidf.o)
                0x0000000070001f98                __floatunsidf
 .text          0x0000000070002018       0x24 /home/douglas/rv32i/lib/gcc/riscv32-unknown-elf/10.1.0/rv32i/ilp32/libgcc.a(muldi3.o)
                0x0000000070002018                __mulsi3
 .text          0x000000007000203c       0xb4 /home/douglas/rv32i/lib/gcc/riscv32-unknown-elf/10.1.0/rv32i/ilp32/libgcc.a(div.o)
                0x000000007000203c                __divsi3
                0x0000000070002044                __udivsi3
                0x000000007000208c                __umodsi3
                0x00000000700020c0                __modsi3
 .text          0x00000000700020f0       0x4c /home/douglas/rv32i/lib/gcc/riscv32-unknown-elf/10.1.0/rv32i/ilp32/libgcc.a(_clzsi2.o)
                0x00000000700020f0                __clzsi2
 .text          0x000000007000213c        0x0 /home/douglas/rv32i/lib/gcc/riscv32-unknown-elf/10.1.0/rv32i/ilp32/libgcc.a(_clz.o)
 .text          0x000000007000213c        0x0 /home/douglas/rv32i/lib/gcc/riscv32-unknown-elf/10.1.0/../../../../riscv32-unknown-elf/lib/rv32i/ilp32/libc_nano.a(lib_a-init.o)
 .text.__libc_init_array
                0x000000007000213c       0x9c /home/douglas/rv32i/lib/gcc/riscv32-unknown-elf/10.1.0/../../../../riscv32-unknown-elf/lib/rv32i/ilp32/libc_nano.a(lib_a-init.o)
                0x000000007000213c                __libc_init_array
 .text          0x00000000700021d8        0x0 /home/douglas/rv32i/lib/gcc/riscv32-unknown-elf/10.1.0/../../../../riscv32-unknown-elf/lib/rv32i/ilp32/libc_nano.a(lib_a-printf.o)
 .text._printf_r
                0x00000000700021d8       0x6c /home/douglas/rv32i/lib/gcc/riscv32-unknown-elf/10.1.0/../../../../riscv32-unknown-elf/lib/rv32i/ilp32/libc_nano.a(lib_a-printf.o)
                0x00000000700021d8                _printf_r
                0x00000000700021d8                _iprintf_r
 .text.printf   0x0000000070002244       0x70 /home/douglas/rv32i/lib/gcc/riscv32-unknown-elf/10.1.0/../../../../riscv32-unknown-elf/lib/rv32i/ilp32/libc_nano.a(lib_a-printf.o)
                0x0000000070002244                printf
                0x0000000070002244                iprintf
 .text          0x00000000700022b4        0x0 /home/douglas/rv32i/lib/gcc/riscv32-unknown-elf/10.1.0/../../../../riscv32-unknown-elf/lib/rv32i/ilp32/libc_nano.a(lib_a-puts.o)
 .text._puts_r  0x00000000700022b4      0x160 /home/douglas/rv32i/lib/gcc/riscv32-unknown-elf/10.1.0/../../../../riscv32-unknown-elf/lib/rv32i/ilp32/libc_nano.a(lib_a-puts.o)
                0x00000000700022b4                _puts_r
 .text.puts     0x0000000070002414       0x10 /home/douglas/rv32i/lib/gcc/riscv32-unknown-elf/10.1.0/../../../../riscv32-unknown-elf/lib/rv32i/ilp32/libc_nano.a(lib_a-puts.o)
                0x0000000070002414                puts
 .text          0x0000000070002424        0x0 /home/douglas/rv32i/lib/gcc/riscv32-unknown-elf/10.1.0/../../../../riscv32-unknown-elf/lib/rv32i/ilp32/libc_nano.a(lib_a-reent.o)
 .text.cleanup_glue
                0x0000000070002424       0x40 /home/douglas/rv32i/lib/gcc/riscv32-unknown-elf/10.1.0/../../../../riscv32-unknown-elf/lib/rv32i/ilp32/libc_nano.a(lib_a-reent.o)
                0x0000000070002424                cleanup_glue
 .text._reclaim_reent
                0x0000000070002464      0x16c /home/douglas/rv32i/lib/gcc/riscv32-unknown-elf/10.1.0/../../../../riscv32-unknown-elf/lib/rv32i/ilp32/libc_nano.a(lib_a-reent.o)
                0x0000000070002464                _reclaim_reent
 .text          0x00000000700025d0        0x0 /home/douglas/rv32i/lib/gcc/riscv32-unknown-elf/10.1.0/../../../../riscv32-unknown-elf/lib/rv32i/ilp32/libc_nano.a(lib_a-wbuf.o)
 .text.__swbuf_r
                0x00000000700025d0      0x138 /home/douglas/rv32i/lib/gcc/riscv32-unknown-elf/10.1.0/../../../../riscv32-unknown-elf/lib/rv32i/ilp32/libc_nano.a(lib_a-wbuf.o)
                0x00000000700025d0                __swbuf_r
 .text.__swbuf  0x0000000070002708       0x14 /home/douglas/rv32i/lib/gcc/riscv32-unknown-elf/10.1.0/../../../../riscv32-unknown-elf/lib/rv32i/ilp32/libc_nano.a(lib_a-wbuf.o)
                0x0000000070002708                __swbuf
 .text          0x000000007000271c        0x0 /home/douglas/rv32i/lib/gcc/riscv32-unknown-elf/10.1.0/../../../../riscv32-unknown-elf/lib/rv32i/ilp32/libc_nano.a(lib_a-wsetup.o)
 .text.__swsetup_r
                0x000000007000271c      0x178 /home/douglas/rv32i/lib/gcc/riscv32-unknown-elf/10.1.0/../../../../riscv32-unknown-elf/lib/rv32i/ilp32/libc_nano.a(lib_a-wsetup.o)
                0x000000007000271c                __swsetup_r
 .text          0x0000000070002894        0x0 /home/douglas/rv32i/lib/gcc/riscv32-unknown-elf/10.1.0/../../../../riscv32-unknown-elf/lib/rv32i/ilp32/libc_nano.a(lib_a-fflush.o)
 .text.__sflush_r
                0x0000000070002894      0x1f4 /home/douglas/rv32i/lib/gcc/riscv32-unknown-elf/10.1.0/../../../../riscv32-unknown-elf/lib/rv32i/ilp32/libc_nano.a(lib_a-fflush.o)
                0x0000000070002894                __sflush_r
 .text._fflush_r
                0x0000000070002a88       0xa0 /home/douglas/rv32i/lib/gcc/riscv32-unknown-elf/10.1.0/../../../../riscv32-unknown-elf/lib/rv32i/ilp32/libc_nano.a(lib_a-fflush.o)
                0x0000000070002a88                _fflush_r
 .text.fflush   0x0000000070002b28       0x28 /home/douglas/rv32i/lib/gcc/riscv32-unknown-elf/10.1.0/../../../../riscv32-unknown-elf/lib/rv32i/ilp32/libc_nano.a(lib_a-fflush.o)
                0x0000000070002b28                fflush
 .text          0x0000000070002b50        0x0 /home/douglas/rv32i/lib/gcc/riscv32-unknown-elf/10.1.0/../../../../riscv32-unknown-elf/lib/rv32i/ilp32/libc_nano.a(lib_a-findfp.o)
 .text.__fp_lock
                0x0000000070002b50        0x8 /home/douglas/rv32i/lib/gcc/riscv32-unknown-elf/10.1.0/../../../../riscv32-unknown-elf/lib/rv32i/ilp32/libc_nano.a(lib_a-findfp.o)
 .text.std      0x0000000070002b58       0x88 /home/douglas/rv32i/lib/gcc/riscv32-unknown-elf/10.1.0/../../../../riscv32-unknown-elf/lib/rv32i/ilp32/libc_nano.a(lib_a-findfp.o)
 .text._cleanup_r
                0x0000000070002be0        0xc /home/douglas/rv32i/lib/gcc/riscv32-unknown-elf/10.1.0/../../../../riscv32-unknown-elf/lib/rv32i/ilp32/libc_nano.a(lib_a-findfp.o)
                0x0000000070002be0                _cleanup_r
 .text.__fp_unlock
                0x0000000070002bec        0x8 /home/douglas/rv32i/lib/gcc/riscv32-unknown-elf/10.1.0/../../../../riscv32-unknown-elf/lib/rv32i/ilp32/libc_nano.a(lib_a-findfp.o)
 .text.__sfmoreglue
                0x0000000070002bf4       0x78 /home/douglas/rv32i/lib/gcc/riscv32-unknown-elf/10.1.0/../../../../riscv32-unknown-elf/lib/rv32i/ilp32/libc_nano.a(lib_a-findfp.o)
                0x0000000070002bf4                __sfmoreglue
 .text._cleanup
                0x0000000070002c6c        0xc /home/douglas/rv32i/lib/gcc/riscv32-unknown-elf/10.1.0/../../../../riscv32-unknown-elf/lib/rv32i/ilp32/libc_nano.a(lib_a-findfp.o)
                0x0000000070002c6c                _cleanup
 .text.__sinit  0x0000000070002c78       0xb4 /home/douglas/rv32i/lib/gcc/riscv32-unknown-elf/10.1.0/../../../../riscv32-unknown-elf/lib/rv32i/ilp32/libc_nano.a(lib_a-findfp.o)
                0x0000000070002c78                __sinit
 .text.__sfp    0x0000000070002d2c       0xec /home/douglas/rv32i/lib/gcc/riscv32-unknown-elf/10.1.0/../../../../riscv32-unknown-elf/lib/rv32i/ilp32/libc_nano.a(lib_a-findfp.o)
                0x0000000070002d2c                __sfp
 .text.__sfp_lock_acquire
                0x0000000070002e18        0x4 /home/douglas/rv32i/lib/gcc/riscv32-unknown-elf/10.1.0/../../../../riscv32-unknown-elf/lib/rv32i/ilp32/libc_nano.a(lib_a-findfp.o)
                0x0000000070002e18                __sfp_lock_acquire
 .text.__sfp_lock_release
                0x0000000070002e1c        0x4 /home/douglas/rv32i/lib/gcc/riscv32-unknown-elf/10.1.0/../../../../riscv32-unknown-elf/lib/rv32i/ilp32/libc_nano.a(lib_a-findfp.o)
                0x0000000070002e1c                __sfp_lock_release
 .text.__sinit_lock_acquire
                0x0000000070002e20        0x4 /home/douglas/rv32i/lib/gcc/riscv32-unknown-elf/10.1.0/../../../../riscv32-unknown-elf/lib/rv32i/ilp32/libc_nano.a(lib_a-findfp.o)
                0x0000000070002e20                __sinit_lock_acquire
 .text.__sinit_lock_release
                0x0000000070002e24        0x4 /home/douglas/rv32i/lib/gcc/riscv32-unknown-elf/10.1.0/../../../../riscv32-unknown-elf/lib/rv32i/ilp32/libc_nano.a(lib_a-findfp.o)
                0x0000000070002e24                __sinit_lock_release
 .text.__fp_lock_all
                0x0000000070002e28       0x14 /home/douglas/rv32i/lib/gcc/riscv32-unknown-elf/10.1.0/../../../../riscv32-unknown-elf/lib/rv32i/ilp32/libc_nano.a(lib_a-findfp.o)
                0x0000000070002e28                __fp_lock_all
 .text.__fp_unlock_all
                0x0000000070002e3c       0x14 /home/douglas/rv32i/lib/gcc/riscv32-unknown-elf/10.1.0/../../../../riscv32-unknown-elf/lib/rv32i/ilp32/libc_nano.a(lib_a-findfp.o)
                0x0000000070002e3c                __fp_unlock_all
 .text          0x0000000070002e50        0x0 /home/douglas/rv32i/lib/gcc/riscv32-unknown-elf/10.1.0/../../../../riscv32-unknown-elf/lib/rv32i/ilp32/libc_nano.a(lib_a-fwalk.o)
 .text._fwalk   0x0000000070002e50       0xa0 /home/douglas/rv32i/lib/gcc/riscv32-unknown-elf/10.1.0/../../../../riscv32-unknown-elf/lib/rv32i/ilp32/libc_nano.a(lib_a-fwalk.o)
                0x0000000070002e50                _fwalk
 .text._fwalk_reent
                0x0000000070002ef0       0xb0 /home/douglas/rv32i/lib/gcc/riscv32-unknown-elf/10.1.0/../../../../riscv32-unknown-elf/lib/rv32i/ilp32/libc_nano.a(lib_a-fwalk.o)
                0x0000000070002ef0                _fwalk_reent
 .text          0x0000000070002fa0        0x0 /home/douglas/rv32i/lib/gcc/riscv32-unknown-elf/10.1.0/../../../../riscv32-unknown-elf/lib/rv32i/ilp32/libc_nano.a(lib_a-impure.o)
 .text          0x0000000070002fa0        0x0 /home/douglas/rv32i/lib/gcc/riscv32-unknown-elf/10.1.0/../../../../riscv32-unknown-elf/lib/rv32i/ilp32/libc_nano.a(lib_a-makebuf.o)
 .text.__swhatbuf_r
                0x0000000070002fa0       0x90 /home/douglas/rv32i/lib/gcc/riscv32-unknown-elf/10.1.0/../../../../riscv32-unknown-elf/lib/rv32i/ilp32/libc_nano.a(lib_a-makebuf.o)
                0x0000000070002fa0                __swhatbuf_r
 .text.__smakebuf_r
                0x0000000070003030       0xf0 /home/douglas/rv32i/lib/gcc/riscv32-unknown-elf/10.1.0/../../../../riscv32-unknown-elf/lib/rv32i/ilp32/libc_nano.a(lib_a-makebuf.o)
                0x0000000070003030                __smakebuf_r
 .text          0x0000000070003120       0x1c /home/douglas/rv32i/lib/gcc/riscv32-unknown-elf/10.1.0/../../../../riscv32-unknown-elf/lib/rv32i/ilp32/libc_nano.a(lib_a-memset.o)
                0x0000000070003120                memset
 .text          0x000000007000313c        0x0 /home/douglas/rv32i/lib/gcc/riscv32-unknown-elf/10.1.0/../../../../riscv32-unknown-elf/lib/rv32i/ilp32/libc_nano.a(lib_a-nano-freer.o)
 .text._free_r  0x000000007000313c      0x104 /home/douglas/rv32i/lib/gcc/riscv32-unknown-elf/10.1.0/../../../../riscv32-unknown-elf/lib/rv32i/ilp32/libc_nano.a(lib_a-nano-freer.o)
                0x000000007000313c                _free_r
 .text          0x0000000070003240        0x0 /home/douglas/rv32i/lib/gcc/riscv32-unknown-elf/10.1.0/../../../../riscv32-unknown-elf/lib/rv32i/ilp32/libc_nano.a(lib_a-nano-mallocr.o)
 .text._malloc_r
                0x0000000070003240      0x158 /home/douglas/rv32i/lib/gcc/riscv32-unknown-elf/10.1.0/../../../../riscv32-unknown-elf/lib/rv32i/ilp32/libc_nano.a(lib_a-nano-mallocr.o)
                0x0000000070003240                _malloc_r
 .text          0x0000000070003398        0x0 /home/douglas/rv32i/lib/gcc/riscv32-unknown-elf/10.1.0/../../../../riscv32-unknown-elf/lib/rv32i/ilp32/libc_nano.a(lib_a-nano-vfprintf.o)
 .text.__sfputc_r
                0x0000000070003398       0x3c /home/douglas/rv32i/lib/gcc/riscv32-unknown-elf/10.1.0/../../../../riscv32-unknown-elf/lib/rv32i/ilp32/libc_nano.a(lib_a-nano-vfprintf.o)
 .text.__sfputs_r
                0x00000000700033d4       0x74 /home/douglas/rv32i/lib/gcc/riscv32-unknown-elf/10.1.0/../../../../riscv32-unknown-elf/lib/rv32i/ilp32/libc_nano.a(lib_a-nano-vfprintf.o)
                0x00000000700033d4                __sfputs_r
 .text.__sprint_r
                0x0000000070003448       0x40 /home/douglas/rv32i/lib/gcc/riscv32-unknown-elf/10.1.0/../../../../riscv32-unknown-elf/lib/rv32i/ilp32/libc_nano.a(lib_a-nano-vfprintf.o)
                0x0000000070003448                __sprint_r
 .text._vfprintf_r
                0x0000000070003488      0x3d8 /home/douglas/rv32i/lib/gcc/riscv32-unknown-elf/10.1.0/../../../../riscv32-unknown-elf/lib/rv32i/ilp32/libc_nano.a(lib_a-nano-vfprintf.o)
                0x0000000070003488                _vfiprintf_r
                0x0000000070003488                _vfprintf_r
 .text.vfprintf
                0x0000000070003860       0x18 /home/douglas/rv32i/lib/gcc/riscv32-unknown-elf/10.1.0/../../../../riscv32-unknown-elf/lib/rv32i/ilp32/libc_nano.a(lib_a-nano-vfprintf.o)
                0x0000000070003860                vfiprintf
                0x0000000070003860                vfprintf
 .text          0x0000000070003878        0x0 /home/douglas/rv32i/lib/gcc/riscv32-unknown-elf/10.1.0/../../../../riscv32-unknown-elf/lib/rv32i/ilp32/libc_nano.a(lib_a-sbrkr.o)
 .text._sbrk_r  0x0000000070003878       0x4c /home/douglas/rv32i/lib/gcc/riscv32-unknown-elf/10.1.0/../../../../riscv32-unknown-elf/lib/rv32i/ilp32/libc_nano.a(lib_a-sbrkr.o)
                0x0000000070003878                _sbrk_r
 .text          0x00000000700038c4        0x0 /home/douglas/rv32i/lib/gcc/riscv32-unknown-elf/10.1.0/../../../../riscv32-unknown-elf/lib/rv32i/ilp32/libc_nano.a(lib_a-stdio.o)
 .text.__sread  0x00000000700038c4       0x50 /home/douglas/rv32i/lib/gcc/riscv32-unknown-elf/10.1.0/../../../../riscv32-unknown-elf/lib/rv32i/ilp32/libc_nano.a(lib_a-stdio.o)
                0x00000000700038c4                __sread
 .text.__seofread
                0x0000000070003914        0x8 /home/douglas/rv32i/lib/gcc/riscv32-unknown-elf/10.1.0/../../../../riscv32-unknown-elf/lib/rv32i/ilp32/libc_nano.a(lib_a-stdio.o)
                0x0000000070003914                __seofread
 .text.__swrite
                0x000000007000391c       0x84 /home/douglas/rv32i/lib/gcc/riscv32-unknown-elf/10.1.0/../../../../riscv32-unknown-elf/lib/rv32i/ilp32/libc_nano.a(lib_a-stdio.o)
                0x000000007000391c                __swrite
 .text.__sseek  0x00000000700039a0       0x58 /home/douglas/rv32i/lib/gcc/riscv32-unknown-elf/10.1.0/../../../../riscv32-unknown-elf/lib/rv32i/ilp32/libc_nano.a(lib_a-stdio.o)
                0x00000000700039a0                __sseek
 .text.__sclose
                0x00000000700039f8        0x8 /home/douglas/rv32i/lib/gcc/riscv32-unknown-elf/10.1.0/../../../../riscv32-unknown-elf/lib/rv32i/ilp32/libc_nano.a(lib_a-stdio.o)
                0x00000000700039f8                __sclose
 .text          0x0000000070003a00        0x0 /home/douglas/rv32i/lib/gcc/riscv32-unknown-elf/10.1.0/../../../../riscv32-unknown-elf/lib/rv32i/ilp32/libc_nano.a(lib_a-writer.o)
 .text._write_r
                0x0000000070003a00       0x54 /home/douglas/rv32i/lib/gcc/riscv32-unknown-elf/10.1.0/../../../../riscv32-unknown-elf/lib/rv32i/ilp32/libc_nano.a(lib_a-writer.o)
                0x0000000070003a00                _write_r
 .text          0x0000000070003a54        0x0 /home/douglas/rv32i/lib/gcc/riscv32-unknown-elf/10.1.0/../../../../riscv32-unknown-elf/lib/rv32i/ilp32/libc_nano.a(lib_a-closer.o)
 .text._close_r
                0x0000000070003a54       0x4c /home/douglas/rv32i/lib/gcc/riscv32-unknown-elf/10.1.0/../../../../riscv32-unknown-elf/lib/rv32i/ilp32/libc_nano.a(lib_a-closer.o)
                0x0000000070003a54                _close_r
 .text          0x0000000070003aa0        0x0 /home/douglas/rv32i/lib/gcc/riscv32-unknown-elf/10.1.0/../../../../riscv32-unknown-elf/lib/rv32i/ilp32/libc_nano.a(lib_a-fstatr.o)
 .text._fstat_r
                0x0000000070003aa0       0x50 /home/douglas/rv32i/lib/gcc/riscv32-unknown-elf/10.1.0/../../../../riscv32-unknown-elf/lib/rv32i/ilp32/libc_nano.a(lib_a-fstatr.o)
                0x0000000070003aa0                _fstat_r
 .text          0x0000000070003af0        0x0 /home/douglas/rv32i/lib/gcc/riscv32-unknown-elf/10.1.0/../../../../riscv32-unknown-elf/lib/rv32i/ilp32/libc_nano.a(lib_a-fvwrite.o)
 .text.__sfvwrite_r
                0x0000000070003af0      0x460 /home/douglas/rv32i/lib/gcc/riscv32-unknown-elf/10.1.0/../../../../riscv32-unknown-elf/lib/rv32i/ilp32/libc_nano.a(lib_a-fvwrite.o)
                0x0000000070003af0                __sfvwrite_r
 .text          0x0000000070003f50        0x0 /home/douglas/rv32i/lib/gcc/riscv32-unknown-elf/10.1.0/../../../../riscv32-unknown-elf/lib/rv32i/ilp32/libc_nano.a(lib_a-isattyr.o)
 .text._isatty_r
                0x0000000070003f50       0x4c /home/douglas/rv32i/lib/gcc/riscv32-unknown-elf/10.1.0/../../../../riscv32-unknown-elf/lib/rv32i/ilp32/libc_nano.a(lib_a-isattyr.o)
                0x0000000070003f50                _isatty_r
 .text          0x0000000070003f9c        0x0 /home/douglas/rv32i/lib/gcc/riscv32-unknown-elf/10.1.0/../../../../riscv32-unknown-elf/lib/rv32i/ilp32/libc_nano.a(lib_a-lseekr.o)
 .text._lseek_r
                0x0000000070003f9c       0x54 /home/douglas/rv32i/lib/gcc/riscv32-unknown-elf/10.1.0/../../../../riscv32-unknown-elf/lib/rv32i/ilp32/libc_nano.a(lib_a-lseekr.o)
                0x0000000070003f9c                _lseek_r
 .text          0x0000000070003ff0        0x0 /home/douglas/rv32i/lib/gcc/riscv32-unknown-elf/10.1.0/../../../../riscv32-unknown-elf/lib/rv32i/ilp32/libc_nano.a(lib_a-memchr.o)
 .text.memchr   0x0000000070003ff0       0x24 /home/douglas/rv32i/lib/gcc/riscv32-unknown-elf/10.1.0/../../../../riscv32-unknown-elf/lib/rv32i/ilp32/libc_nano.a(lib_a-memchr.o)
                0x0000000070003ff0                memchr
 .text          0x0000000070004014       0x24 /home/douglas/rv32i/lib/gcc/riscv32-unknown-elf/10.1.0/../../../../riscv32-unknown-elf/lib/rv32i/ilp32/libc_nano.a(lib_a-memcpy-asm.o)
                0x0000000070004014                memcpy
 .text          0x0000000070004038       0x3c /home/douglas/rv32i/lib/gcc/riscv32-unknown-elf/10.1.0/../../../../riscv32-unknown-elf/lib/rv32i/ilp32/libc_nano.a(lib_a-memmove.o)
                0x0000000070004038                memmove
 .text          0x0000000070004074        0x0 /home/douglas/rv32i/lib/gcc/riscv32-unknown-elf/10.1.0/../../../../riscv32-unknown-elf/lib/rv32i/ilp32/libc_nano.a(lib_a-mlock.o)
 .text.__malloc_lock
                0x0000000070004074        0x4 /home/douglas/rv32i/lib/gcc/riscv32-unknown-elf/10.1.0/../../../../riscv32-unknown-elf/lib/rv32i/ilp32/libc_nano.a(lib_a-mlock.o)
                0x0000000070004074                __malloc_lock
 .text.__malloc_unlock
                0x0000000070004078        0x4 /home/douglas/rv32i/lib/gcc/riscv32-unknown-elf/10.1.0/../../../../riscv32-unknown-elf/lib/rv32i/ilp32/libc_nano.a(lib_a-mlock.o)
                0x0000000070004078                __malloc_unlock
 .text          0x000000007000407c        0x0 /home/douglas/rv32i/lib/gcc/riscv32-unknown-elf/10.1.0/../../../../riscv32-unknown-elf/lib/rv32i/ilp32/libc_nano.a(lib_a-nano-reallocr.o)
 .text._realloc_r
                0x000000007000407c       0xd4 /home/douglas/rv32i/lib/gcc/riscv32-unknown-elf/10.1.0/../../../../riscv32-unknown-elf/lib/rv32i/ilp32/libc_nano.a(lib_a-nano-reallocr.o)
                0x000000007000407c                _realloc_r
 .text          0x0000000070004150        0x0 /home/douglas/rv32i/lib/gcc/riscv32-unknown-elf/10.1.0/../../../../riscv32-unknown-elf/lib/rv32i/ilp32/libc_nano.a(lib_a-nano-vfprintf_i.o)
 .text._printf_common
                0x0000000070004150      0x1b0 /home/douglas/rv32i/lib/gcc/riscv32-unknown-elf/10.1.0/../../../../riscv32-unknown-elf/lib/rv32i/ilp32/libc_nano.a(lib_a-nano-vfprintf_i.o)
                0x0000000070004150                _printf_common
 .text._printf_i
                0x0000000070004300      0x3c4 /home/douglas/rv32i/lib/gcc/riscv32-unknown-elf/10.1.0/../../../../riscv32-unknown-elf/lib/rv32i/ilp32/libc_nano.a(lib_a-nano-vfprintf_i.o)
                0x0000000070004300                _printf_i
 .text          0x00000000700046c4        0x0 /home/douglas/rv32i/lib/gcc/riscv32-unknown-elf/10.1.0/../../../../riscv32-unknown-elf/lib/rv32i/ilp32/libc_nano.a(lib_a-readr.o)
 .text._read_r  0x00000000700046c4       0x54 /home/douglas/rv32i/lib/gcc/riscv32-unknown-elf/10.1.0/../../../../riscv32-unknown-elf/lib/rv32i/ilp32/libc_nano.a(lib_a-readr.o)
                0x00000000700046c4                _read_r
 .text          0x0000000070004718        0x0 /home/douglas/rv32i/lib/gcc/riscv32-unknown-elf/10.1.0/../../../../riscv32-unknown-elf/lib/rv32i/ilp32/libc_nano.a(lib_a-nano-msizer.o)
 .text._malloc_usable_size_r
                0x0000000070004718       0x1c /home/douglas/rv32i/lib/gcc/riscv32-unknown-elf/10.1.0/../../../../riscv32-unknown-elf/lib/rv32i/ilp32/libc_nano.a(lib_a-nano-msizer.o)
                0x0000000070004718                _malloc_usable_size_r
 *(.vector*)
                0x0000000070004734                __lma_ram_start = .

.preinit_array  0x0000000070004734        0x0
                0x0000000070004734                __vma_ram_start = .
                0x0000000070004734                PROVIDE (__preinit_array_start = .)
 *(.preinit_array)
                0x0000000070004734                PROVIDE (__preinit_array_end = .)

.init_array     0x0000000070004734        0x0
                0x0000000070004734                PROVIDE (__init_array_start = .)
 *(SORT_BY_NAME(.init_array.*))
 *(.init_array)
                0x0000000070004734                PROVIDE (__init_array_end = .)

.fini_array     0x0000000070004734        0x0
                [!provide]                        PROVIDE (__fini_array_start = .)
 *(SORT_BY_NAME(.fini_array.*))
 *(.fini_array)
                [!provide]                        PROVIDE (__fini_array_end = .)

.rodata         0x0000000070004738      0x2c8
                0x0000000070004738                _start_rodata = .
 *(.rodata*)
 .rodata        0x0000000070004738        0x7 /tmp/cc6BA1Xb.o
 *fill*         0x000000007000473f        0x1 
 .rodata        0x0000000070004740       0x38 /tmp/ccAXi29b.o
 .rodata        0x0000000070004778       0x54 /tmp/ccFmfJ6a.o
 .rodata        0x00000000700047cc       0x3c /home/douglas/rv32i/lib/gcc/riscv32-unknown-elf/10.1.0/rv32i/ilp32/libgcc.a(muldf3.o)
 .rodata        0x0000000070004808      0x100 /home/douglas/rv32i/lib/gcc/riscv32-unknown-elf/10.1.0/rv32i/ilp32/libgcc.a(_clz.o)
                0x0000000070004808                __clz_tab
 .rodata.__sf_fake_stderr
                0x0000000070004908       0x20 /home/douglas/rv32i/lib/gcc/riscv32-unknown-elf/10.1.0/../../../../riscv32-unknown-elf/lib/rv32i/ilp32/libc_nano.a(lib_a-findfp.o)
                0x0000000070004908                __sf_fake_stderr
 .rodata.__sf_fake_stdin
                0x0000000070004928       0x20 /home/douglas/rv32i/lib/gcc/riscv32-unknown-elf/10.1.0/../../../../riscv32-unknown-elf/lib/rv32i/ilp32/libc_nano.a(lib_a-findfp.o)
                0x0000000070004928                __sf_fake_stdin
 .rodata.__sf_fake_stdout
                0x0000000070004948       0x20 /home/douglas/rv32i/lib/gcc/riscv32-unknown-elf/10.1.0/../../../../riscv32-unknown-elf/lib/rv32i/ilp32/libc_nano.a(lib_a-findfp.o)
                0x0000000070004948                __sf_fake_stdout
 .rodata._vfprintf_r.str1.4
                0x0000000070004968       0x13 /home/douglas/rv32i/lib/gcc/riscv32-unknown-elf/10.1.0/../../../../riscv32-unknown-elf/lib/rv32i/ilp32/libc_nano.a(lib_a-nano-vfprintf.o)
 *fill*         0x000000007000497b        0x1 
 .rodata._printf_i.str1.4
                0x000000007000497c       0x25 /home/douglas/rv32i/lib/gcc/riscv32-unknown-elf/10.1.0/../../../../riscv32-unknown-elf/lib/rv32i/ilp32/libc_nano.a(lib_a-nano-vfprintf_i.o)
 *fill*         0x00000000700049a1        0x3 
 .rodata._printf_i
                0x00000000700049a4       0x58 /home/douglas/rv32i/lib/gcc/riscv32-unknown-elf/10.1.0/../../../../riscv32-unknown-elf/lib/rv32i/ilp32/libc_nano.a(lib_a-nano-vfprintf_i.o)
 *(.rodata.*)
 *(.srodata.*)
 .srodata._global_impure_ptr
                0x00000000700049fc        0x4 /home/douglas/rv32i/lib/gcc/riscv32-unknown-elf/10.1.0/../../../../riscv32-unknown-elf/lib/rv32i/ilp32/libc_nano.a(lib_a-impure.o)
                0x00000000700049fc                _global_impure_ptr
                0x0000000070004a00                _end_rodata = .

.eh_frame       0x0000000070004a00       0x2c
                0x0000000070004a00                . = ALIGN (0x4)
 *(.eh_frame*)
 .eh_frame      0x0000000070004a00       0x2c /tmp/cc6BA1Xb.o

.rela.dyn       0x0000000070004a2c        0x0
 .rela.init     0x0000000070004a2c        0x0 /tmp/cc6BA1Xb.o
 .rela.text     0x0000000070004a2c        0x0 /tmp/cc6BA1Xb.o
 .rela.text.__libc_init_array
                0x0000000070004a2c        0x0 /tmp/cc6BA1Xb.o
 .rela.text._vfprintf_r
                0x0000000070004a2c        0x0 /tmp/cc6BA1Xb.o

.data.impure_data
                0x0000000070004a2c       0x60
                0x0000000070004a2c                . = ALIGN (0x4)
 *(.data.impure_data)
 .data.impure_data
                0x0000000070004a2c       0x60 /home/douglas/rv32i/lib/gcc/riscv32-unknown-elf/10.1.0/../../../../riscv32-unknown-elf/lib/rv32i/ilp32/libc_nano.a(lib_a-impure.o)

.data           0x0000000070004a8c        0x8
 *(.data .data.*)
 .data          0x0000000070004a8c        0x0 /tmp/cc6BA1Xb.o
 .data          0x0000000070004a8c        0x0 /tmp/ccAXi29b.o
 .data          0x0000000070004a8c        0x0 /tmp/ccPGdiqb.o
 .data          0x0000000070004a8c        0x0 /tmp/ccyDGdOd.o
 .data          0x0000000070004a8c        0x0 /tmp/ccFmfJ6a.o
 .data          0x0000000070004a8c        0x0 /home/douglas/rv32i/lib/gcc/riscv32-unknown-elf/10.1.0/rv32i/ilp32/libgcc.a(adddf3.o)
 .data          0x0000000070004a8c        0x0 /home/douglas/rv32i/lib/gcc/riscv32-unknown-elf/10.1.0/rv32i/ilp32/libgcc.a(muldf3.o)
 .data          0x0000000070004a8c        0x0 /home/douglas/rv32i/lib/gcc/riscv32-unknown-elf/10.1.0/rv32i/ilp32/libgcc.a(fixunsdfsi.o)
 .data          0x0000000070004a8c        0x0 /home/douglas/rv32i/lib/gcc/riscv32-unknown-elf/10.1.0/rv32i/ilp32/libgcc.a(floatunsidf.o)
 .data          0x0000000070004a8c        0x0 /home/douglas/rv32i/lib/gcc/riscv32-unknown-elf/10.1.0/rv32i/ilp32/libgcc.a(muldi3.o)
 .data          0x0000000070004a8c        0x0 /home/douglas/rv32i/lib/gcc/riscv32-unknown-elf/10.1.0/rv32i/ilp32/libgcc.a(div.o)
 .data          0x0000000070004a8c        0x0 /home/douglas/rv32i/lib/gcc/riscv32-unknown-elf/10.1.0/rv32i/ilp32/libgcc.a(_clzsi2.o)
 .data          0x0000000070004a8c        0x0 /home/douglas/rv32i/lib/gcc/riscv32-unknown-elf/10.1.0/rv32i/ilp32/libgcc.a(_clz.o)
 .data          0x0000000070004a8c        0x0 /home/douglas/rv32i/lib/gcc/riscv32-unknown-elf/10.1.0/../../../../riscv32-unknown-elf/lib/rv32i/ilp32/libc_nano.a(lib_a-init.o)
 .data          0x0000000070004a8c        0x0 /home/douglas/rv32i/lib/gcc/riscv32-unknown-elf/10.1.0/../../../../riscv32-unknown-elf/lib/rv32i/ilp32/libc_nano.a(lib_a-printf.o)
 .data          0x0000000070004a8c        0x0 /home/douglas/rv32i/lib/gcc/riscv32-unknown-elf/10.1.0/../../../../riscv32-unknown-elf/lib/rv32i/ilp32/libc_nano.a(lib_a-puts.o)
 .data          0x0000000070004a8c        0x0 /home/douglas/rv32i/lib/gcc/riscv32-unknown-elf/10.1.0/../../../../riscv32-unknown-elf/lib/rv32i/ilp32/libc_nano.a(lib_a-reent.o)
 .data          0x0000000070004a8c        0x0 /home/douglas/rv32i/lib/gcc/riscv32-unknown-elf/10.1.0/../../../../riscv32-unknown-elf/lib/rv32i/ilp32/libc_nano.a(lib_a-wbuf.o)
 .data          0x0000000070004a8c        0x0 /home/douglas/rv32i/lib/gcc/riscv32-unknown-elf/10.1.0/../../../../riscv32-unknown-elf/lib/rv32i/ilp32/libc_nano.a(lib_a-wsetup.o)
 .data          0x0000000070004a8c        0x0 /home/douglas/rv32i/lib/gcc/riscv32-unknown-elf/10.1.0/../../../../riscv32-unknown-elf/lib/rv32i/ilp32/libc_nano.a(lib_a-fflush.o)
 .data          0x0000000070004a8c        0x0 /home/douglas/rv32i/lib/gcc/riscv32-unknown-elf/10.1.0/../../../../riscv32-unknown-elf/lib/rv32i/ilp32/libc_nano.a(lib_a-findfp.o)
 .data          0x0000000070004a8c        0x0 /home/douglas/rv32i/lib/gcc/riscv32-unknown-elf/10.1.0/../../../../riscv32-unknown-elf/lib/rv32i/ilp32/libc_nano.a(lib_a-fwalk.o)
 .data          0x0000000070004a8c        0x0 /home/douglas/rv32i/lib/gcc/riscv32-unknown-elf/10.1.0/../../../../riscv32-unknown-elf/lib/rv32i/ilp32/libc_nano.a(lib_a-impure.o)
 .data          0x0000000070004a8c        0x0 /home/douglas/rv32i/lib/gcc/riscv32-unknown-elf/10.1.0/../../../../riscv32-unknown-elf/lib/rv32i/ilp32/libc_nano.a(lib_a-makebuf.o)
 .data          0x0000000070004a8c        0x0 /home/douglas/rv32i/lib/gcc/riscv32-unknown-elf/10.1.0/../../../../riscv32-unknown-elf/lib/rv32i/ilp32/libc_nano.a(lib_a-memset.o)
 .data          0x0000000070004a8c        0x0 /home/douglas/rv32i/lib/gcc/riscv32-unknown-elf/10.1.0/../../../../riscv32-unknown-elf/lib/rv32i/ilp32/libc_nano.a(lib_a-nano-freer.o)
 .data          0x0000000070004a8c        0x0 /home/douglas/rv32i/lib/gcc/riscv32-unknown-elf/10.1.0/../../../../riscv32-unknown-elf/lib/rv32i/ilp32/libc_nano.a(lib_a-nano-mallocr.o)
 .data          0x0000000070004a8c        0x0 /home/douglas/rv32i/lib/gcc/riscv32-unknown-elf/10.1.0/../../../../riscv32-unknown-elf/lib/rv32i/ilp32/libc_nano.a(lib_a-nano-vfprintf.o)
 .data          0x0000000070004a8c        0x0 /home/douglas/rv32i/lib/gcc/riscv32-unknown-elf/10.1.0/../../../../riscv32-unknown-elf/lib/rv32i/ilp32/libc_nano.a(lib_a-sbrkr.o)
 .data          0x0000000070004a8c        0x0 /home/douglas/rv32i/lib/gcc/riscv32-unknown-elf/10.1.0/../../../../riscv32-unknown-elf/lib/rv32i/ilp32/libc_nano.a(lib_a-stdio.o)
 .data          0x0000000070004a8c        0x0 /home/douglas/rv32i/lib/gcc/riscv32-unknown-elf/10.1.0/../../../../riscv32-unknown-elf/lib/rv32i/ilp32/libc_nano.a(lib_a-writer.o)
 .data          0x0000000070004a8c        0x0 /home/douglas/rv32i/lib/gcc/riscv32-unknown-elf/10.1.0/../../../../riscv32-unknown-elf/lib/rv32i/ilp32/libc_nano.a(lib_a-closer.o)
 .data          0x0000000070004a8c        0x0 /home/douglas/rv32i/lib/gcc/riscv32-unknown-elf/10.1.0/../../../../riscv32-unknown-elf/lib/rv32i/ilp32/libc_nano.a(lib_a-fstatr.o)
 .data          0x0000000070004a8c        0x0 /home/douglas/rv32i/lib/gcc/riscv32-unknown-elf/10.1.0/../../../../riscv32-unknown-elf/lib/rv32i/ilp32/libc_nano.a(lib_a-fvwrite.o)
 .data          0x0000000070004a8c        0x0 /home/douglas/rv32i/lib/gcc/riscv32-unknown-elf/10.1.0/../../../../riscv32-unknown-elf/lib/rv32i/ilp32/libc_nano.a(lib_a-isattyr.o)
 .data          0x0000000070004a8c        0x0 /home/douglas/rv32i/lib/gcc/riscv32-unknown-elf/10.1.0/../../../../riscv32-unknown-elf/lib/rv32i/ilp32/libc_nano.a(lib_a-lseekr.o)
 .data          0x0000000070004a8c        0x0 /home/douglas/rv32i/lib/gcc/riscv32-unknown-elf/10.1.0/../../../../riscv32-unknown-elf/lib/rv32i/ilp32/libc_nano.a(lib_a-memchr.o)
 .data          0x0000000070004a8c        0x0 /home/douglas/rv32i/lib/gcc/riscv32-unknown-elf/10.1.0/../../../../riscv32-unknown-elf/lib/rv32i/ilp32/libc_nano.a(lib_a-memcpy-asm.o)
 .data          0x0000000070004a8c        0x0 /home/douglas/rv32i/lib/gcc/riscv32-unknown-elf/10.1.0/../../../../riscv32-unknown-elf/lib/rv32i/ilp32/libc_nano.a(lib_a-memmove.o)
 .data          0x0000000070004a8c        0x0 /home/douglas/rv32i/lib/gcc/riscv32-unknown-elf/10.1.0/../../../../riscv32-unknown-elf/lib/rv32i/ilp32/libc_nano.a(lib_a-mlock.o)
 .data          0x0000000070004a8c        0x0 /home/douglas/rv32i/lib/gcc/riscv32-unknown-elf/10.1.0/../../../../riscv32-unknown-elf/lib/rv32i/ilp32/libc_nano.a(lib_a-nano-reallocr.o)
 .data          0x0000000070004a8c        0x0 /home/douglas/rv32i/lib/gcc/riscv32-unknown-elf/10.1.0/../../../../riscv32-unknown-elf/lib/rv32i/ilp32/libc_nano.a(lib_a-nano-vfprintf_i.o)
 .data          0x0000000070004a8c        0x0 /home/douglas/rv32i/lib/gcc/riscv32-unknown-elf/10.1.0/../../../../riscv32-unknown-elf/lib/rv32i/ilp32/libc_nano.a(lib_a-readr.o)
 .data          0x0000000070004a8c        0x0 /home/douglas/rv32i/lib/gcc/riscv32-unknown-elf/10.1.0/../../../../riscv32-unknown-elf/lib/rv32i/ilp32/libc_nano.a(lib_a-nano-msizer.o)
 *(.gnu.linkonce.d.*)
                0x0000000070004a8c                . = ALIGN (0x4)
                0x0000000070004a8c                _start_data = .
 *(.sdata .sdata.*)
 .sdata         0x0000000070004a8c        0x4 /tmp/ccAXi29b.o
                0x0000000070004a8c                environ
 .sdata._impure_ptr
                0x0000000070004a90        0x4 /home/douglas/rv32i/lib/gcc/riscv32-unknown-elf/10.1.0/../../../../riscv32-unknown-elf/lib/rv32i/ilp32/libc_nano.a(lib_a-impure.o)
                0x0000000070004a90                _impure_ptr
 *(.sdata2 .sdata2.*)
 *(.gnu.linkonce.s.*)
 *(.srodata .srodata.*)
                0x0000000070004a94                _edata = .

.custom.crc     0x0000000070004a94        0x0
                0x0000000070004a98                __app_crc = (. + 0x4)

.bss            0x0000000070004a94       0x14
                0x0000000070004a94                . = ALIGN (0x4)
                0x0000000070004a94                _bss_lma = .
 *(.bss .bss.*)
 .bss           0x0000000070004a94        0x0 /tmp/cc6BA1Xb.o
 .bss           0x0000000070004a94        0x4 /tmp/ccAXi29b.o
 .bss           0x0000000070004a98        0x0 /tmp/ccPGdiqb.o
 .bss           0x0000000070004a98        0x0 /tmp/ccyDGdOd.o
 .bss           0x0000000070004a98        0x0 /tmp/ccFmfJ6a.o
 .bss           0x0000000070004a98        0x0 /home/douglas/rv32i/lib/gcc/riscv32-unknown-elf/10.1.0/rv32i/ilp32/libgcc.a(adddf3.o)
 .bss           0x0000000070004a98        0x0 /home/douglas/rv32i/lib/gcc/riscv32-unknown-elf/10.1.0/rv32i/ilp32/libgcc.a(muldf3.o)
 .bss           0x0000000070004a98        0x0 /home/douglas/rv32i/lib/gcc/riscv32-unknown-elf/10.1.0/rv32i/ilp32/libgcc.a(fixunsdfsi.o)
 .bss           0x0000000070004a98        0x0 /home/douglas/rv32i/lib/gcc/riscv32-unknown-elf/10.1.0/rv32i/ilp32/libgcc.a(floatunsidf.o)
 .bss           0x0000000070004a98        0x0 /home/douglas/rv32i/lib/gcc/riscv32-unknown-elf/10.1.0/rv32i/ilp32/libgcc.a(muldi3.o)
 .bss           0x0000000070004a98        0x0 /home/douglas/rv32i/lib/gcc/riscv32-unknown-elf/10.1.0/rv32i/ilp32/libgcc.a(div.o)
 .bss           0x0000000070004a98        0x0 /home/douglas/rv32i/lib/gcc/riscv32-unknown-elf/10.1.0/rv32i/ilp32/libgcc.a(_clzsi2.o)
 .bss           0x0000000070004a98        0x0 /home/douglas/rv32i/lib/gcc/riscv32-unknown-elf/10.1.0/rv32i/ilp32/libgcc.a(_clz.o)
 .bss           0x0000000070004a98        0x0 /home/douglas/rv32i/lib/gcc/riscv32-unknown-elf/10.1.0/../../../../riscv32-unknown-elf/lib/rv32i/ilp32/libc_nano.a(lib_a-init.o)
 .bss           0x0000000070004a98        0x0 /home/douglas/rv32i/lib/gcc/riscv32-unknown-elf/10.1.0/../../../../riscv32-unknown-elf/lib/rv32i/ilp32/libc_nano.a(lib_a-printf.o)
 .bss           0x0000000070004a98        0x0 /home/douglas/rv32i/lib/gcc/riscv32-unknown-elf/10.1.0/../../../../riscv32-unknown-elf/lib/rv32i/ilp32/libc_nano.a(lib_a-puts.o)
 .bss           0x0000000070004a98        0x0 /home/douglas/rv32i/lib/gcc/riscv32-unknown-elf/10.1.0/../../../../riscv32-unknown-elf/lib/rv32i/ilp32/libc_nano.a(lib_a-reent.o)
 .bss           0x0000000070004a98        0x0 /home/douglas/rv32i/lib/gcc/riscv32-unknown-elf/10.1.0/../../../../riscv32-unknown-elf/lib/rv32i/ilp32/libc_nano.a(lib_a-wbuf.o)
 .bss           0x0000000070004a98        0x0 /home/douglas/rv32i/lib/gcc/riscv32-unknown-elf/10.1.0/../../../../riscv32-unknown-elf/lib/rv32i/ilp32/libc_nano.a(lib_a-wsetup.o)
 .bss           0x0000000070004a98        0x0 /home/douglas/rv32i/lib/gcc/riscv32-unknown-elf/10.1.0/../../../../riscv32-unknown-elf/lib/rv32i/ilp32/libc_nano.a(lib_a-fflush.o)
 .bss           0x0000000070004a98        0x0 /home/douglas/rv32i/lib/gcc/riscv32-unknown-elf/10.1.0/../../../../riscv32-unknown-elf/lib/rv32i/ilp32/libc_nano.a(lib_a-findfp.o)
 .bss           0x0000000070004a98        0x0 /home/douglas/rv32i/lib/gcc/riscv32-unknown-elf/10.1.0/../../../../riscv32-unknown-elf/lib/rv32i/ilp32/libc_nano.a(lib_a-fwalk.o)
 .bss           0x0000000070004a98        0x0 /home/douglas/rv32i/lib/gcc/riscv32-unknown-elf/10.1.0/../../../../riscv32-unknown-elf/lib/rv32i/ilp32/libc_nano.a(lib_a-impure.o)
 .bss           0x0000000070004a98        0x0 /home/douglas/rv32i/lib/gcc/riscv32-unknown-elf/10.1.0/../../../../riscv32-unknown-elf/lib/rv32i/ilp32/libc_nano.a(lib_a-makebuf.o)
 .bss           0x0000000070004a98        0x0 /home/douglas/rv32i/lib/gcc/riscv32-unknown-elf/10.1.0/../../../../riscv32-unknown-elf/lib/rv32i/ilp32/libc_nano.a(lib_a-memset.o)
 .bss           0x0000000070004a98        0x0 /home/douglas/rv32i/lib/gcc/riscv32-unknown-elf/10.1.0/../../../../riscv32-unknown-elf/lib/rv32i/ilp32/libc_nano.a(lib_a-nano-freer.o)
 .bss           0x0000000070004a98        0x0 /home/douglas/rv32i/lib/gcc/riscv32-unknown-elf/10.1.0/../../../../riscv32-unknown-elf/lib/rv32i/ilp32/libc_nano.a(lib_a-nano-mallocr.o)
 .bss           0x0000000070004a98        0x0 /home/douglas/rv32i/lib/gcc/riscv32-unknown-elf/10.1.0/../../../../riscv32-unknown-elf/lib/rv32i/ilp32/libc_nano.a(lib_a-nano-vfprintf.o)
 .bss           0x0000000070004a98        0x0 /home/douglas/rv32i/lib/gcc/riscv32-unknown-elf/10.1.0/../../../../riscv32-unknown-elf/lib/rv32i/ilp32/libc_nano.a(lib_a-sbrkr.o)
 .bss           0x0000000070004a98        0x0 /home/douglas/rv32i/lib/gcc/riscv32-unknown-elf/10.1.0/../../../../riscv32-unknown-elf/lib/rv32i/ilp32/libc_nano.a(lib_a-stdio.o)
 .bss           0x0000000070004a98        0x0 /home/douglas/rv32i/lib/gcc/riscv32-unknown-elf/10.1.0/../../../../riscv32-unknown-elf/lib/rv32i/ilp32/libc_nano.a(lib_a-writer.o)
 .bss           0x0000000070004a98        0x0 /home/douglas/rv32i/lib/gcc/riscv32-unknown-elf/10.1.0/../../../../riscv32-unknown-elf/lib/rv32i/ilp32/libc_nano.a(lib_a-closer.o)
 .bss           0x0000000070004a98        0x0 /home/douglas/rv32i/lib/gcc/riscv32-unknown-elf/10.1.0/../../../../riscv32-unknown-elf/lib/rv32i/ilp32/libc_nano.a(lib_a-fstatr.o)
 .bss           0x0000000070004a98        0x0 /home/douglas/rv32i/lib/gcc/riscv32-unknown-elf/10.1.0/../../../../riscv32-unknown-elf/lib/rv32i/ilp32/libc_nano.a(lib_a-fvwrite.o)
 .bss           0x0000000070004a98        0x0 /home/douglas/rv32i/lib/gcc/riscv32-unknown-elf/10.1.0/../../../../riscv32-unknown-elf/lib/rv32i/ilp32/libc_nano.a(lib_a-isattyr.o)
 .bss           0x0000000070004a98        0x0 /home/douglas/rv32i/lib/gcc/riscv32-unknown-elf/10.1.0/../../../../riscv32-unknown-elf/lib/rv32i/ilp32/libc_nano.a(lib_a-lseekr.o)
 .bss           0x0000000070004a98        0x0 /home/douglas/rv32i/lib/gcc/riscv32-unknown-elf/10.1.0/../../../../riscv32-unknown-elf/lib/rv32i/ilp32/libc_nano.a(lib_a-memchr.o)
 .bss           0x0000000070004a98        0x0 /home/douglas/rv32i/lib/gcc/riscv32-unknown-elf/10.1.0/../../../../riscv32-unknown-elf/lib/rv32i/ilp32/libc_nano.a(lib_a-memcpy-asm.o)
 .bss           0x0000000070004a98        0x0 /home/douglas/rv32i/lib/gcc/riscv32-unknown-elf/10.1.0/../../../../riscv32-unknown-elf/lib/rv32i/ilp32/libc_nano.a(lib_a-memmove.o)
 .bss           0x0000000070004a98        0x0 /home/douglas/rv32i/lib/gcc/riscv32-unknown-elf/10.1.0/../../../../riscv32-unknown-elf/lib/rv32i/ilp32/libc_nano.a(lib_a-mlock.o)
 .bss           0x0000000070004a98        0x0 /home/douglas/rv32i/lib/gcc/riscv32-unknown-elf/10.1.0/../../../../riscv32-unknown-elf/lib/rv32i/ilp32/libc_nano.a(lib_a-nano-reallocr.o)
 .bss           0x0000000070004a98        0x0 /home/douglas/rv32i/lib/gcc/riscv32-unknown-elf/10.1.0/../../../../riscv32-unknown-elf/lib/rv32i/ilp32/libc_nano.a(lib_a-nano-vfprintf_i.o)
 .bss           0x0000000070004a98        0x0 /home/douglas/rv32i/lib/gcc/riscv32-unknown-elf/10.1.0/../../../../riscv32-unknown-elf/lib/rv32i/ilp32/libc_nano.a(lib_a-readr.o)
 .bss           0x0000000070004a98        0x0 /home/douglas/rv32i/lib/gcc/riscv32-unknown-elf/10.1.0/../../../../riscv32-unknown-elf/lib/rv32i/ilp32/libc_nano.a(lib_a-nano-msizer.o)
 *(.sbss .sbss.*)
 .sbss          0x0000000070004a98        0x4 /tmp/ccAXi29b.o
                0x0000000070004a98                __env
 .sbss.errno    0x0000000070004a9c        0x4 /home/douglas/rv32i/lib/gcc/riscv32-unknown-elf/10.1.0/../../../../riscv32-unknown-elf/lib/rv32i/ilp32/libc_nano.a(lib_a-reent.o)
                0x0000000070004a9c                errno
 .sbss.__malloc_free_list
                0x0000000070004aa0        0x4 /home/douglas/rv32i/lib/gcc/riscv32-unknown-elf/10.1.0/../../../../riscv32-unknown-elf/lib/rv32i/ilp32/libc_nano.a(lib_a-nano-mallocr.o)
                0x0000000070004aa0                __malloc_free_list
 .sbss.__malloc_sbrk_start
                0x0000000070004aa4        0x4 /home/douglas/rv32i/lib/gcc/riscv32-unknown-elf/10.1.0/../../../../riscv32-unknown-elf/lib/rv32i/ilp32/libc_nano.a(lib_a-nano-mallocr.o)
                0x0000000070004aa4                __malloc_sbrk_start
 *(.shbss .shbss.*)
 *(COMMON)
                0x0000000070004aa8                _ebss = .
                0x0000000070004aa8                . = ALIGN (0x4)
                0x00000000700052a8                __global_pointer = (. + 0x800)

.stack          0x0000000070004aa8    0x5fffc
                0x0000000070004aa8                . = ALIGN (0x4)
                0x0000000070004aa8                _stack_lma = .
                0x0000000070064aa4                . = ((. + STACK_SIZE) - 0x4)
 *fill*         0x0000000070004aa8    0x5fffc 
                0x0000000070064aa4                _estack = .
                0x0000000070064aa8                . = (. + 0x4)
                0x0000000070064aa8                _heap_lma = .

/DISCARD/
 *(.riscv.*)
 *(.comment)
 *(.debug_*)
LOAD /tmp/cc6BA1Xb.o
LOAD /tmp/ccAXi29b.o
LOAD /tmp/ccPGdiqb.o
LOAD /tmp/ccyDGdOd.o
LOAD /tmp/ccFmfJ6a.o
LOAD /home/douglas/rv32i/lib/gcc/riscv32-unknown-elf/10.1.0/rv32i/ilp32/libgcc.a
LOAD /home/douglas/rv32i/lib/gcc/riscv32-unknown-elf/10.1.0/../../../../riscv32-unknown-elf/lib/rv32i/ilp32/libc_nano.a
LOAD /home/douglas/rv32i/lib/gcc/riscv32-unknown-elf/10.1.0/rv32i/ilp32/libgcc.a
START GROUP
LOAD /home/douglas/rv32i/lib/gcc/riscv32-unknown-elf/10.1.0/rv32i/ilp32/libgcc.a
LOAD /home/douglas/rv32i/lib/gcc/riscv32-unknown-elf/10.1.0/../../../../riscv32-unknown-elf/lib/rv32i/ilp32/libc_nano.a
LOAD /home/douglas/rv32i/lib/gcc/riscv32-unknown-elf/10.1.0/../../../../riscv32-unknown-elf/lib/rv32i/ilp32/libgloss_nano.a
END GROUP
OUTPUT(out/app.o elf32-littleriscv)
